172.26.36.105 - - [09/Jan/2019:10:39:57 +0100] "GET /wpad.dat HTTP/1.1" 404 502 "-" "WinHttp-Autoproxy-Service/5.1"
172.26.33.107 - - [09/Jan/2019:10:40:06 +0100] "GET /wpad.dat HTTP/1.1" 404 502 "-" "WinHttp-Autoproxy-Service/5.1"
172.26.36.120 - - [09/Jan/2019:10:41:18 +0100] "GET /wpad.dat HTTP/1.1" 404 502 "-" "WinHttp-Autoproxy-Service/5.1"
172.26.37.114 - - [09/Jan/2019:10:41:28 +0100] "GET /wpad.dat HTTP/1.1" 404 502 "-" "Mozilla/5.0 (Windows NT 10.0; Win64; x64) AppleWebKit/537.36 (KHTML, like Gecko) Chrome/63.0.3239.132 Safari/537.36"
172.26.37.114 - - [09/Jan/2019:10:41:30 +0100] "GET /wpad.dat HTTP/1.1" 404 502 "-" "Mozilla/5.0 (Windows NT 10.0; Win64; x64) AppleWebKit/537.36 (KHTML, like Gecko) Chrome/63.0.3239.132 Safari/537.36"
172.26.37.110 - - [09/Jan/2019:10:41:32 +0100] "GET /wpad.dat HTTP/1.1" 404 502 "-" "WinHttp-Autoproxy-Service/5.1"
172.26.37.114 - - [09/Jan/2019:10:41:36 +0100] "GET /wpad.dat HTTP/1.1" 404 502 "-" "Mozilla/5.0 (Windows NT 10.0; Win64; x64) AppleWebKit/537.36 (KHTML, like Gecko) Chrome/63.0.3239.132 Safari/537.36"
172.26.37.114 - - [09/Jan/2019:10:41:38 +0100] "GET /wpad.dat HTTP/1.1" 404 502 "-" "Mozilla/5.0 (Windows NT 10.0; Win64; x64) AppleWebKit/537.36 (KHTML, like Gecko) Chrome/63.0.3239.132 Safari/537.36"
87.250.233.71 - - [09/Jan/2019:10:41:52 +0100] "GET /~willi/publications/files/endoar2012.jpg HTTP/1.1" 403 548 "-" "Mozilla/5.0 (compatible; YandexImages/3.0; +http://yandex.com/bots)"
172.26.38.105 - - [09/Jan/2019:10:41:53 +0100] "GET /wpad.dat HTTP/1.1" 404 502 "-" "WinHttp-Autoproxy-Service/5.1"
172.26.37.114 - - [09/Jan/2019:10:42:12 +0100] "GET /wpad.dat HTTP/1.1" 404 502 "-" "Mozilla/5.0 (Windows NT 10.0; Win64; x64) AppleWebKit/537.36 (KHTML, like Gecko) Chrome/63.0.3239.132 Safari/537.36"
172.26.37.114 - - [09/Jan/2019:10:42:28 +0100] "GET /wpad.dat HTTP/1.1" 404 502 "-" "Mozilla/5.0 (Windows NT 10.0; Win64; x64) AppleWebKit/537.36 (KHTML, like Gecko) Chrome/63.0.3239.132 Safari/537.36"
172.26.72.220 - - [09/Jan/2019:10:42:54 +0100] "GET /wpad.dat HTTP/1.1" 404 502 "-" "WinHttp-Autoproxy-Service/5.1"
172.26.38.104 - - [09/Jan/2019:10:43:00 +0100] "GET /wpad.dat HTTP/1.1" 404 502 "-" "WinHttp-Autoproxy-Service/5.1"
220.181.108.108 - - [09/Jan/2019:10:43:05 +0100] "GET /~willi/resources/Paper/gesture2011.pdf HTTP/1.1" 403 509 "-" "Mozilla/5.0 (compatible; Baiduspider/2.0; +http://www.baidu.com/search/spider.html)"
172.26.37.115 - - [09/Jan/2019:10:43:36 +0100] "GET /wpad.dat HTTP/1.1" 404 502 "-" "WinHttp-Autoproxy-Service/5.1"
172.26.38.101 - - [09/Jan/2019:10:44:06 +0100] "GET /wpad.dat HTTP/1.1" 404 502 "-" "WinHttp-Autoproxy-Service/5.1"
66.249.79.92 - - [09/Jan/2019:10:44:08 +0100] "GET /~willi/Vorlesungen/Prog1/Skripte/Prog1US7.pdf HTTP/1.1" 403 553 "-" "Mozilla/5.0 (compatible; Googlebot/2.1; +http://www.google.com/bot.html)"
172.26.37.116 - - [09/Jan/2019:10:44:12 +0100] "GET /wpad.dat HTTP/1.1" 404 502 "-" "WinHttp-Autoproxy-Service/5.1"
172.26.37.114 - - [09/Jan/2019:10:44:17 +0100] "GET /wpad.dat HTTP/1.1" 404 502 "-" "Mozilla/5.0 (Windows NT 10.0; Win64; x64) AppleWebKit/537.36 (KHTML, like Gecko) Chrome/63.0.3239.132 Safari/537.36"
172.26.37.114 - - [09/Jan/2019:10:45:33 +0100] "GET /wpad.dat HTTP/1.1" 404 502 "-" "WinHttp-Autoproxy-Service/5.1"
172.26.37.113 - - [09/Jan/2019:10:46:22 +0100] "GET /wpad.dat HTTP/1.1" 404 502 "-" "WinHttp-Autoproxy-Service/5.1"
172.26.37.108 - - [09/Jan/2019:10:46:49 +0100] "GET /wpad.dat HTTP/1.1" 404 502 "-" "WinHttp-Autoproxy-Service/5.1"
193.16.163.243 - - [09/Jan/2019:10:47:20 +0100] "GET /~willi/Projects/CG/SimScAp/Dokumentation/png/architektur.png HTTP/1.1" 403 568 "https://www.bing.com/" "Mozilla/5.0 (Windows NT 10.0; WOW64; Trident/7.0; rv:11.0) like Gecko"
193.16.163.243 - - [09/Jan/2019:10:47:25 +0100] "GET /~willi/Projects/CG/SimScAp/Dokumentation/png/architektur.png HTTP/1.1" 403 568 "https://www.bing.com/" "Mozilla/5.0 (Windows NT 10.0; WOW64; Trident/7.0; rv:11.0) like Gecko"
172.26.38.105 - - [09/Jan/2019:10:47:26 +0100] "GET /wpad.dat HTTP/1.1" 404 502 "-" "WinHttp-Autoproxy-Service/5.1"
172.26.38.105 - - [09/Jan/2019:10:47:27 +0100] "GET /wpad.dat HTTP/1.1" 404 501 "-" "WinHttp-Autoproxy-Service/5.1"
172.26.37.114 - - [09/Jan/2019:10:47:28 +0100] "GET /wpad.dat HTTP/1.1" 404 502 "-" "Mozilla/5.0 (Windows NT 10.0; Win64; x64) AppleWebKit/537.36 (KHTML, like Gecko) Chrome/63.0.3239.132 Safari/537.36"
::1 - - [09/Jan/2019:10:47:41 +0100] "OPTIONS * HTTP/1.0" 200 126 "-" "Apache/2.4.25 (Debian) OpenSSL/1.0.2l mod_wsgi/4.5.11 Python/3.5 (internal dummy connection)"
172.26.38.105 - - [09/Jan/2019:10:47:42 +0100] "GET /wpad.dat HTTP/1.1" 404 502 "-" "WinHttp-Autoproxy-Service/5.1"
::1 - - [09/Jan/2019:10:47:48 +0100] "OPTIONS * HTTP/1.0" 200 126 "-" "Apache/2.4.25 (Debian) OpenSSL/1.0.2l mod_wsgi/4.5.11 Python/3.5 (internal dummy connection)"
172.26.38.105 - - [09/Jan/2019:10:48:42 +0100] "GET /wpad.dat HTTP/1.1" 404 502 "-" "WinHttp-Autoproxy-Service/5.1"
172.26.36.105 - - [09/Jan/2019:10:49:57 +0100] "GET /wpad.dat HTTP/1.1" 404 502 "-" "WinHttp-Autoproxy-Service/5.1"
172.26.33.107 - - [09/Jan/2019:10:50:06 +0100] "GET /wpad.dat HTTP/1.1" 404 502 "-" "WinHttp-Autoproxy-Service/5.1"
172.26.36.120 - - [09/Jan/2019:10:51:18 +0100] "GET /wpad.dat HTTP/1.1" 404 502 "-" "WinHttp-Autoproxy-Service/5.1"
::1 - - [09/Jan/2019:10:51:27 +0100] "OPTIONS * HTTP/1.0" 200 126 "-" "Apache/2.4.25 (Debian) OpenSSL/1.0.2l mod_wsgi/4.5.11 Python/3.5 (internal dummy connection)"
172.26.37.110 - - [09/Jan/2019:10:51:32 +0100] "GET /wpad.dat HTTP/1.1" 404 502 "-" "WinHttp-Autoproxy-Service/5.1"
::1 - - [09/Jan/2019:10:52:34 +0100] "OPTIONS * HTTP/1.0" 200 126 "-" "Apache/2.4.25 (Debian) OpenSSL/1.0.2l mod_wsgi/4.5.11 Python/3.5 (internal dummy connection)"
194.156.241.66 - - [09/Jan/2019:10:52:34 +0100] "GET /~willi/Vorlesungen/Prog1/Skripte/Prog1US7.pdf HTTP/1.1" 403 553 "http://r.duckduckgo.com/" "Mozilla/5.0 (Windows NT 10.0; WOW64; Trident/7.0; rv:11.0) like Gecko"
172.26.72.220 - - [09/Jan/2019:10:52:54 +0100] "GET /wpad.dat HTTP/1.1" 404 502 "-" "WinHttp-Autoproxy-Service/5.1"
172.26.38.104 - - [09/Jan/2019:10:53:00 +0100] "GET /wpad.dat HTTP/1.1" 404 502 "-" "WinHttp-Autoproxy-Service/5.1"
172.26.37.115 - - [09/Jan/2019:10:53:36 +0100] "GET /wpad.dat HTTP/1.1" 404 502 "-" "WinHttp-Autoproxy-Service/5.1"
172.26.38.101 - - [09/Jan/2019:10:54:06 +0100] "GET /wpad.dat HTTP/1.1" 404 502 "-" "WinHttp-Autoproxy-Service/5.1"
172.26.37.116 - - [09/Jan/2019:10:54:12 +0100] "GET /wpad.dat HTTP/1.1" 404 502 "-" "WinHttp-Autoproxy-Service/5.1"
66.249.79.64 - - [09/Jan/2019:10:54:25 +0100] "GET /~willi/Projects/CG/CarreraCV/doku/intrinsisch/intrinsisch.htm HTTP/1.1" 403 569 "-" "Mozilla/5.0 (Linux; Android 6.0.1; Nexus 5X Build/MMB29P) AppleWebKit/537.36 (KHTML, like Gecko) Chrome/41.0.2272.96 Mobile Safari/537.36 (compatible; Googlebot/2.1; +http://www.google.com/bot.html)"
172.26.37.114 - - [09/Jan/2019:10:55:33 +0100] "GET /wpad.dat HTTP/1.1" 404 502 "-" "WinHttp-Autoproxy-Service/5.1"
::1 - - [09/Jan/2019:10:56:12 +0100] "OPTIONS * HTTP/1.0" 200 126 "-" "Apache/2.4.25 (Debian) OpenSSL/1.0.2l mod_wsgi/4.5.11 Python/3.5 (internal dummy connection)"
172.26.37.113 - - [09/Jan/2019:10:56:22 +0100] "GET /wpad.dat HTTP/1.1" 404 502 "-" "WinHttp-Autoproxy-Service/5.1"
172.26.37.108 - - [09/Jan/2019:10:56:49 +0100] "GET /wpad.dat HTTP/1.1" 404 502 "-" "WinHttp-Autoproxy-Service/5.1"
172.26.38.105 - - [09/Jan/2019:10:58:42 +0100] "GET /wpad.dat HTTP/1.1" 404 502 "-" "WinHttp-Autoproxy-Service/5.1"
172.26.33.117 - - [09/Jan/2019:10:59:05 +0100] "GET /wpad.dat HTTP/1.1" 404 502 "-" "-"
172.26.33.117 - - [09/Jan/2019:10:59:05 +0100] "GET /wpad.dat HTTP/1.1" 404 501 "-" "-"
172.26.33.117 - - [09/Jan/2019:10:59:06 +0100] "GET /wpad.dat HTTP/1.1" 404 501 "-" "-"
172.26.33.117 - - [09/Jan/2019:10:59:06 +0100] "GET /wpad.dat HTTP/1.1" 404 501 "-" "-"
172.26.33.117 - - [09/Jan/2019:10:59:19 +0100] "GET /wpad.dat HTTP/1.1" 404 502 "-" "-"
172.26.33.107 - - [09/Jan/2019:10:59:44 +0100] "GET /wpad.dat HTTP/1.1" 404 502 "-" "WinHttp-Autoproxy-Service/5.1"
172.26.33.107 - - [09/Jan/2019:10:59:47 +0100] "GET /wpad.dat HTTP/1.1" 404 501 "-" "WinHttp-Autoproxy-Service/5.1"
172.26.33.107 - - [09/Jan/2019:10:59:47 +0100] "GET /wpad.dat HTTP/1.1" 404 501 "-" "WinHttp-Autoproxy-Service/5.1"
172.26.33.107 - - [09/Jan/2019:10:59:50 +0100] "GET /wpad.dat HTTP/1.1" 404 501 "-" "WinHttp-Autoproxy-Service/5.1"
172.26.36.105 - - [09/Jan/2019:10:59:57 +0100] "GET /wpad.dat HTTP/1.1" 404 502 "-" "WinHttp-Autoproxy-Service/5.1"
172.26.33.117 - - [09/Jan/2019:11:00:03 +0100] "GET /wpad.dat HTTP/1.1" 404 502 "-" "-"
172.26.33.107 - - [09/Jan/2019:11:00:05 +0100] "GET /wpad.dat HTTP/1.1" 404 502 "-" "WinHttp-Autoproxy-Service/5.1"
81.169.136.45 - - [09/Jan/2019:11:00:13 +0100] "GET / HTTP/1.1" 200 627 "-" "-"
81.169.136.45 - - [09/Jan/2019:11:00:13 +0100] "GET / HTTP/1.1" 200 627 "-" "-"
172.26.33.107 - - [09/Jan/2019:11:01:05 +0100] "GET /wpad.dat HTTP/1.1" 404 502 "-" "WinHttp-Autoproxy-Service/5.1"
172.26.36.120 - - [09/Jan/2019:11:01:18 +0100] "GET /wpad.dat HTTP/1.1" 404 502 "-" "WinHttp-Autoproxy-Service/5.1"
172.26.37.110 - - [09/Jan/2019:11:01:32 +0100] "GET /wpad.dat HTTP/1.1" 404 502 "-" "WinHttp-Autoproxy-Service/5.1"
172.26.39.100 - - [09/Jan/2019:11:02:19 +0100] "GET /wpad.dat HTTP/1.1" 404 502 "-" "WinHttp-Autoproxy-Service/5.1"
172.26.39.100 - - [09/Jan/2019:11:02:19 +0100] "GET /wpad.dat HTTP/1.1" 404 501 "-" "WinHttp-Autoproxy-Service/5.1"
172.26.39.100 - - [09/Jan/2019:11:02:22 +0100] "GET /wpad.dat HTTP/1.1" 404 501 "-" "WinHttp-Autoproxy-Service/5.1"
172.26.37.112 - - [09/Jan/2019:11:02:37 +0100] "GET /wpad.dat HTTP/1.1" 404 502 "-" "WinHttp-Autoproxy-Service/5.1"
172.26.39.100 - - [09/Jan/2019:11:02:37 +0100] "GET /wpad.dat HTTP/1.1" 404 502 "-" "WinHttp-Autoproxy-Service/5.1"
172.26.37.112 - - [09/Jan/2019:11:02:40 +0100] "GET /wpad.dat HTTP/1.1" 404 501 "-" "WinHttp-Autoproxy-Service/5.1"
172.26.37.112 - - [09/Jan/2019:11:02:40 +0100] "GET /wpad.dat HTTP/1.1" 404 501 "-" "WinHttp-Autoproxy-Service/5.1"
172.26.72.220 - - [09/Jan/2019:11:02:54 +0100] "GET /wpad.dat HTTP/1.1" 404 502 "-" "WinHttp-Autoproxy-Service/5.1"
172.26.37.112 - - [09/Jan/2019:11:02:55 +0100] "GET /wpad.dat HTTP/1.1" 404 502 "-" "WinHttp-Autoproxy-Service/5.1"
172.26.37.115 - - [09/Jan/2019:11:03:36 +0100] "GET /wpad.dat HTTP/1.1" 404 502 "-" "WinHttp-Autoproxy-Service/5.1"
172.26.39.100 - - [09/Jan/2019:11:03:37 +0100] "GET /wpad.dat HTTP/1.1" 404 502 "-" "WinHttp-Autoproxy-Service/5.1"
172.26.37.112 - - [09/Jan/2019:11:03:55 +0100] "GET /wpad.dat HTTP/1.1" 404 502 "-" "WinHttp-Autoproxy-Service/5.1"
172.26.38.101 - - [09/Jan/2019:11:04:06 +0100] "GET /wpad.dat HTTP/1.1" 404 502 "-" "WinHttp-Autoproxy-Service/5.1"
172.26.37.116 - - [09/Jan/2019:11:04:12 +0100] "GET /wpad.dat HTTP/1.1" 404 502 "-" "WinHttp-Autoproxy-Service/5.1"
172.26.33.107 - - [09/Jan/2019:11:04:22 +0100] "GET /wpad.dat HTTP/1.1" 404 502 "-" "Mozilla/5.0 (Windows NT 10.0; Win64; x64) AppleWebKit/537.36 (KHTML, like Gecko) Chrome/63.0.3239.132 Safari/537.36"
172.26.33.107 - - [09/Jan/2019:11:04:22 +0100] "GET /wpad.dat HTTP/1.1" 404 502 "-" "Mozilla/5.0 (Windows NT 10.0; Win64; x64) AppleWebKit/537.36 (KHTML, like Gecko) Chrome/63.0.3239.132 Safari/537.36"
172.26.33.107 - - [09/Jan/2019:11:04:34 +0100] "GET /wpad.dat HTTP/1.1" 404 502 "-" "Mozilla/5.0 (Windows NT 10.0; Win64; x64) AppleWebKit/537.36 (KHTML, like Gecko) Chrome/63.0.3239.132 Safari/537.36"
172.26.33.107 - - [09/Jan/2019:11:04:34 +0100] "GET /wpad.dat HTTP/1.1" 404 502 "-" "Mozilla/5.0 (Windows NT 10.0; Win64; x64) AppleWebKit/537.36 (KHTML, like Gecko) Chrome/63.0.3239.132 Safari/537.36"
207.46.13.170 - - [09/Jan/2019:11:04:38 +0100] "GET /~willi/Vorlesungen/CG/Software/SimpleVCOpenGLDemo.py HTTP/1.1" 403 560 "-" "Mozilla/5.0 (compatible; bingbot/2.0; +http://www.bing.com/bingbot.htm)"
66.249.79.92 - - [09/Jan/2019:11:04:42 +0100] "GET /~willi/Vorlesungen/Prog1/Skripte/Prog1US7.pdf HTTP/1.1" 403 553 "-" "Mozilla/5.0 (Linux; Android 6.0.1; Nexus 5X Build/MMB29P) AppleWebKit/537.36 (KHTML, like Gecko) Chrome/41.0.2272.96 Mobile Safari/537.36 (compatible; Googlebot/2.1; +http://www.google.com/bot.html)"
172.26.33.107 - - [09/Jan/2019:11:05:21 +0100] "GET /wpad.dat HTTP/1.1" 404 502 "-" "Mozilla/5.0 (Windows NT 10.0; Win64; x64) AppleWebKit/537.36 (KHTML, like Gecko) Chrome/63.0.3239.132 Safari/537.36"
172.26.33.107 - - [09/Jan/2019:11:05:33 +0100] "GET /wpad.dat HTTP/1.1" 404 502 "-" "Mozilla/5.0 (Windows NT 10.0; Win64; x64) AppleWebKit/537.36 (KHTML, like Gecko) Chrome/63.0.3239.132 Safari/537.36"
172.26.37.114 - - [09/Jan/2019:11:05:33 +0100] "GET /wpad.dat HTTP/1.1" 404 502 "-" "WinHttp-Autoproxy-Service/5.1"
172.26.39.100 - - [09/Jan/2019:11:05:34 +0100] "GET /wpad.dat HTTP/1.1" 404 502 "-" "Mozilla/5.0 (Windows NT 10.0; Win64; x64) AppleWebKit/537.36 (KHTML, like Gecko) GitKraken/3.3.0 Chrome/56.0.2924.87 Electron/1.6.11 Safari/537.36"
172.26.39.100 - - [09/Jan/2019:11:05:42 +0100] "GET /wpad.dat HTTP/1.1" 404 502 "-" "Mozilla/5.0 (Windows NT 10.0; Win64; x64) AppleWebKit/537.36 (KHTML, like Gecko) GitKraken/3.3.0 Chrome/56.0.2924.87 Electron/1.6.11 Safari/537.36"
172.26.37.113 - - [09/Jan/2019:11:06:22 +0100] "GET /wpad.dat HTTP/1.1" 404 502 "-" "WinHttp-Autoproxy-Service/5.1"
172.26.39.100 - - [09/Jan/2019:11:06:37 +0100] "GET /wpad.dat HTTP/1.1" 404 502 "-" "Mozilla/5.0 (Windows NT 10.0; Win64; x64) AppleWebKit/537.36 (KHTML, like Gecko) GitKraken/3.3.0 Chrome/56.0.2924.87 Electron/1.6.11 Safari/537.36"
172.26.37.108 - - [09/Jan/2019:11:06:49 +0100] "GET /wpad.dat HTTP/1.1" 404 502 "-" "WinHttp-Autoproxy-Service/5.1"
40.77.167.183 - - [09/Jan/2019:11:07:31 +0100] "GET /~willi/Projects/CG/CarreraCV/doku/intrinsisch/intrinsisch.htm HTTP/1.1" 403 569 "-" "Mozilla/5.0 (compatible; bingbot/2.0; +http://www.bing.com/bingbot.htm)"
172.26.33.107 - - [09/Jan/2019:11:08:01 +0100] "GET /wpad.dat HTTP/1.1" 404 502 "-" "Mozilla/5.0 (Windows NT 10.0; Win64; x64) AppleWebKit/537.36 (KHTML, like Gecko) Chrome/63.0.3239.132 Safari/537.36"
84.57.166.96 - - [09/Jan/2019:11:08:35 +0100] "GET /~willi/Projects/CG/SimScAp/Dokumentation/png/architektur.png HTTP/1.1" 403 568 "https://www.bing.com/" "Mozilla/5.0 (Windows NT 10.0; Win64; x64) AppleWebKit/537.36 (KHTML, like Gecko) Chrome/58.0.3029.110 Safari/537.36 Edge/16.16299"
40.77.167.183 - - [09/Jan/2019:11:08:35 +0100] "GET /~willi/Projects/CG/SimScAp/Dokumentation/simplescanningappli2.html HTTP/1.1" 403 574 "-" "Mozilla/5.0 (compatible; bingbot/2.0; +http://www.bing.com/bingbot.htm)"
172.26.39.100 - - [09/Jan/2019:11:08:37 +0100] "GET /wpad.dat HTTP/1.1" 404 502 "-" "Mozilla/5.0 (Windows NT 10.0; Win64; x64) AppleWebKit/537.36 (KHTML, like Gecko) GitKraken/3.3.0 Chrome/56.0.2924.87 Electron/1.6.11 Safari/537.36"
172.26.38.105 - - [09/Jan/2019:11:08:42 +0100] "GET /wpad.dat HTTP/1.1" 404 502 "-" "WinHttp-Autoproxy-Service/5.1"
84.57.166.96 - - [09/Jan/2019:11:08:52 +0100] "GET /~willi/Projects/CG/SimScAp/Dokumentation/png/architektur.png HTTP/1.1" 403 568 "https://www.bing.com/" "Mozilla/5.0 (Windows NT 10.0; Win64; x64) AppleWebKit/537.36 (KHTML, like Gecko) Chrome/58.0.3029.110 Safari/537.36 Edge/16.16299"
172.26.33.99 - - [09/Jan/2019:11:09:03 +0100] "GET /wpad.dat HTTP/1.1" 404 502 "-" "-"
84.57.166.96 - - [09/Jan/2019:11:09:35 +0100] "GET /~willi/Projects/CG/SimScAp/Dokumentation/png/architektur.png HTTP/1.1" 403 568 "https://www.bing.com/" "Mozilla/5.0 (Windows NT 10.0; Win64; x64) AppleWebKit/537.36 (KHTML, like Gecko) Chrome/58.0.3029.110 Safari/537.36 Edge/16.16299"
172.26.33.99 - - [09/Jan/2019:11:09:56 +0100] "GET /wpad.dat HTTP/1.1" 404 502 "-" "-"
172.26.36.105 - - [09/Jan/2019:11:09:57 +0100] "GET /wpad.dat HTTP/1.1" 404 502 "-" "WinHttp-Autoproxy-Service/5.1"
172.26.47.236 - - [09/Jan/2019:11:10:03 +0100] "GET / HTTP/1.0" 200 627 "-" "check_http/v2.2 (monitoring-plugins 2.2)"
172.26.39.100 - - [09/Jan/2019:11:10:05 +0100] "GET /wpad.dat HTTP/1.1" 404 502 "-" "Mozilla/5.0 (Windows NT 10.0; Win64; x64) AppleWebKit/537.36 (KHTML, like Gecko) Chrome/63.0.3239.84 Safari/537.36"
66.249.79.94 - - [09/Jan/2019:11:10:11 +0100] "GET /~willi/Projects/CG/CarreraCV/doku/intrinsisch/imgs/rw.jpg HTTP/1.1" 403 565 "-" "Googlebot-Image/1.0"
172.26.39.100 - - [09/Jan/2019:11:10:13 +0100] "GET /wpad.dat HTTP/1.1" 404 502 "-" "Mozilla/5.0 (Windows NT 10.0; Win64; x64) AppleWebKit/537.36 (KHTML, like Gecko) Chrome/63.0.3239.84 Safari/537.36"
172.26.39.100 - - [09/Jan/2019:11:10:14 +0100] "GET /wpad.dat HTTP/1.1" 404 502 "-" "Mozilla/5.0 (Windows NT 10.0; Win64; x64) AppleWebKit/537.36 (KHTML, like Gecko) Chrome/63.0.3239.84 Safari/537.36"
66.249.79.94 - - [09/Jan/2019:11:10:14 +0100] "GET /~willi/Projects/CG/CarreraCV/doku/intrinsisch/imgs/rw.jpg HTTP/1.1" 403 564 "-" "Googlebot-Image/1.0"
172.26.33.99 - - [09/Jan/2019:11:10:28 +0100] "GET /wpad.dat HTTP/1.1" 404 502 "-" "-"
172.26.33.99 - - [09/Jan/2019:11:10:28 +0100] "GET /wpad.dat HTTP/1.1" 404 501 "-" "-"
172.26.33.99 - - [09/Jan/2019:11:10:28 +0100] "GET /wpad.dat HTTP/1.1" 404 501 "-" "-"
172.26.33.99 - - [09/Jan/2019:11:10:42 +0100] "GET /wpad.dat HTTP/1.1" 404 502 "-" "-"
172.26.33.99 - - [09/Jan/2019:11:10:42 +0100] "GET /wpad.dat HTTP/1.1" 404 501 "-" "-"
172.26.39.100 - - [09/Jan/2019:11:10:47 +0100] "GET /wpad.dat HTTP/1.1" 404 502 "-" "Mozilla/5.0 (Windows NT 10.0; Win64; x64) AppleWebKit/537.36 (KHTML, like Gecko) Chrome/63.0.3239.84 Safari/537.36"
172.26.39.100 - - [09/Jan/2019:11:10:56 +0100] "GET /wpad.dat HTTP/1.1" 404 502 "-" "Mozilla/5.0 (Windows NT 10.0; Win64; x64) AppleWebKit/537.36 (KHTML, like Gecko) Chrome/63.0.3239.84 Safari/537.36"
172.26.33.99 - - [09/Jan/2019:11:10:58 +0100] "GET /wpad.dat HTTP/1.1" 404 502 "-" "-"
172.26.33.99 - - [09/Jan/2019:11:10:58 +0100] "GET /wpad.dat HTTP/1.1" 404 501 "-" "-"
172.26.33.99 - - [09/Jan/2019:11:10:58 +0100] "GET /wpad.dat HTTP/1.1" 404 501 "-" "-"
172.26.33.99 - - [09/Jan/2019:11:10:58 +0100] "GET /wpad.dat HTTP/1.1" 404 501 "-" "-"
172.26.33.99 - - [09/Jan/2019:11:10:59 +0100] "GET /wpad.dat HTTP/1.1" 404 501 "-" "-"
172.26.33.107 - - [09/Jan/2019:11:11:05 +0100] "GET /wpad.dat HTTP/1.1" 404 502 "-" "WinHttp-Autoproxy-Service/5.1"
172.26.36.120 - - [09/Jan/2019:11:11:18 +0100] "GET /wpad.dat HTTP/1.1" 404 502 "-" "WinHttp-Autoproxy-Service/5.1"
172.26.39.100 - - [09/Jan/2019:11:12:52 +0100] "GET /wpad.dat HTTP/1.1" 404 502 "-" "Mozilla/5.0 (Windows NT 10.0; Win64; x64) AppleWebKit/537.36 (KHTML, like Gecko) Chrome/63.0.3239.84 Safari/537.36"
172.26.72.220 - - [09/Jan/2019:11:12:54 +0100] "GET /wpad.dat HTTP/1.1" 404 502 "-" "WinHttp-Autoproxy-Service/5.1"
172.26.33.99 - - [09/Jan/2019:11:12:57 +0100] "GET /wpad.dat HTTP/1.1" 404 502 "-" "-"
172.26.33.99 - - [09/Jan/2019:11:13:19 +0100] "GET /wpad.dat HTTP/1.1" 404 502 "-" "-"
172.26.33.99 - - [09/Jan/2019:11:13:21 +0100] "GET /wpad.dat HTTP/1.1" 404 501 "-" "-"
172.26.37.115 - - [09/Jan/2019:11:13:36 +0100] "GET /wpad.dat HTTP/1.1" 404 502 "-" "WinHttp-Autoproxy-Service/5.1"
172.26.39.100 - - [09/Jan/2019:11:13:37 +0100] "GET /wpad.dat HTTP/1.1" 404 502 "-" "WinHttp-Autoproxy-Service/5.1"
172.26.37.112 - - [09/Jan/2019:11:13:55 +0100] "GET /wpad.dat HTTP/1.1" 404 502 "-" "WinHttp-Autoproxy-Service/5.1"
172.26.38.101 - - [09/Jan/2019:11:14:06 +0100] "GET /wpad.dat HTTP/1.1" 404 502 "-" "WinHttp-Autoproxy-Service/5.1"
172.26.39.100 - - [09/Jan/2019:11:14:12 +0100] "GET /wpad.dat HTTP/1.1" 404 502 "-" "Mozilla/5.0 (Windows NT 10.0; Win64; x64) AppleWebKit/537.36 (KHTML, like Gecko) Chrome/63.0.3239.84 Safari/537.36"
172.26.37.116 - - [09/Jan/2019:11:14:12 +0100] "GET /wpad.dat HTTP/1.1" 404 502 "-" "WinHttp-Autoproxy-Service/5.1"
172.26.33.99 - - [09/Jan/2019:11:14:25 +0100] "GET /wpad.dat HTTP/1.1" 404 502 "-" "-"
172.26.33.99 - - [09/Jan/2019:11:14:25 +0100] "GET /wpad.dat HTTP/1.1" 404 501 "-" "-"
172.26.33.99 - - [09/Jan/2019:11:14:31 +0100] "GET /wpad.dat HTTP/1.1" 404 502 "-" "-"
172.26.33.99 - - [09/Jan/2019:11:14:31 +0100] "GET /wpad.dat HTTP/1.1" 404 501 "-" "-"
172.26.33.99 - - [09/Jan/2019:11:14:31 +0100] "GET /wpad.dat HTTP/1.1" 404 501 "-" "-"
172.26.33.99 - - [09/Jan/2019:11:14:31 +0100] "GET /wpad.dat HTTP/1.1" 404 501 "-" "-"
172.26.33.99 - - [09/Jan/2019:11:14:31 +0100] "GET /wpad.dat HTTP/1.1" 404 501 "-" "-"
172.26.33.99 - - [09/Jan/2019:11:14:32 +0100] "GET /wpad.dat HTTP/1.1" 404 501 "-" "-"
172.26.33.99 - - [09/Jan/2019:11:14:32 +0100] "GET /wpad.dat HTTP/1.1" 404 501 "-" "-"
172.26.33.99 - - [09/Jan/2019:11:14:32 +0100] "GET /wpad.dat HTTP/1.1" 404 501 "-" "-"
172.26.33.99 - - [09/Jan/2019:11:14:36 +0100] "GET /wpad.dat HTTP/1.1" 404 501 "-" "-"
172.26.33.99 - - [09/Jan/2019:11:14:39 +0100] "GET /wpad.dat HTTP/1.1" 404 501 "-" "-"
66.249.79.94 - - [09/Jan/2019:11:14:59 +0100] "GET /~willi/Vorlesungen/Prog1/Skripte/Prog1US8.pdf HTTP/1.1" 403 553 "-" "Mozilla/5.0 (Linux; Android 6.0.1; Nexus 5X Build/MMB29P) AppleWebKit/537.36 (KHTML, like Gecko) Chrome/41.0.2272.96 Mobile Safari/537.36 (compatible; Googlebot/2.1; +http://www.google.com/bot.html)"
172.26.37.114 - - [09/Jan/2019:11:15:33 +0100] "GET /wpad.dat HTTP/1.1" 404 502 "-" "WinHttp-Autoproxy-Service/5.1"
172.26.33.107 - - [09/Jan/2019:11:16:24 +0100] "GET /wpad.dat HTTP/1.1" 404 502 "-" "Mozilla/5.0 (Windows NT 10.0; Win64; x64) AppleWebKit/537.36 (KHTML, like Gecko) Chrome/63.0.3239.132 Safari/537.36"
178.255.80.147 - - [09/Jan/2019:11:16:39 +0100] "HEAD / HTTP/1.1" 200 252 "-" "-"
172.26.37.108 - - [09/Jan/2019:11:16:49 +0100] "GET /wpad.dat HTTP/1.1" 404 502 "-" "WinHttp-Autoproxy-Service/5.1"
138.201.59.34 - - [09/Jan/2019:11:18:16 +0100] "GET /robots.txt HTTP/1.0" 200 281 "-" "Mozilla/5.0 (compatible; SEOkicks-Robot; +http://www.seokicks.de/robot.html)"
138.201.59.34 - - [09/Jan/2019:11:18:18 +0100] "GET / HTTP/1.0" 200 627 "-" "Mozilla/5.0 (compatible; SEOkicks-Robot; +http://www.seokicks.de/robot.html)"
172.26.38.105 - - [09/Jan/2019:11:18:42 +0100] "GET /wpad.dat HTTP/1.1" 404 502 "-" "WinHttp-Autoproxy-Service/5.1"
172.26.33.99 - - [09/Jan/2019:11:19:42 +0100] "GET /wpad.dat HTTP/1.1" 404 502 "-" "-"
172.26.36.105 - - [09/Jan/2019:11:19:57 +0100] "GET /wpad.dat HTTP/1.1" 404 502 "-" "WinHttp-Autoproxy-Service/5.1"
172.26.33.107 - - [09/Jan/2019:11:21:05 +0100] "GET /wpad.dat HTTP/1.1" 404 502 "-" "WinHttp-Autoproxy-Service/5.1"
172.26.36.120 - - [09/Jan/2019:11:21:18 +0100] "GET /wpad.dat HTTP/1.1" 404 502 "-" "WinHttp-Autoproxy-Service/5.1"
172.26.39.101 - - [09/Jan/2019:11:21:19 +0100] "GET /wpad.dat HTTP/1.1" 404 502 "-" "WinHttp-Autoproxy-Service/5.1"
172.26.39.101 - - [09/Jan/2019:11:21:20 +0100] "GET /wpad.dat HTTP/1.1" 404 501 "-" "WinHttp-Autoproxy-Service/5.1"
172.26.39.101 - - [09/Jan/2019:11:21:23 +0100] "GET /wpad.dat HTTP/1.1" 404 501 "-" "WinHttp-Autoproxy-Service/5.1"
87.250.233.71 - - [09/Jan/2019:11:21:23 +0100] "GET /robots.txt HTTP/1.1" 200 318 "-" "Mozilla/5.0 (compatible; YandexBot/3.0; +http://yandex.com/bots)"
87.250.233.71 - - [09/Jan/2019:11:21:27 +0100] "GET /~willi/ HTTP/1.1" 403 514 "-" "Mozilla/5.0 (compatible; YandexBot/3.0; +http://yandex.com/bots)"
172.26.39.101 - - [09/Jan/2019:11:21:38 +0100] "GET /wpad.dat HTTP/1.1" 404 502 "-" "WinHttp-Autoproxy-Service/5.1"
172.26.33.99 - - [09/Jan/2019:11:21:46 +0100] "GET /wpad.dat HTTP/1.1" 404 502 "-" "-"
172.26.39.101 - - [09/Jan/2019:11:22:38 +0100] "GET /wpad.dat HTTP/1.1" 404 502 "-" "WinHttp-Autoproxy-Service/5.1"
172.26.72.220 - - [09/Jan/2019:11:22:54 +0100] "GET /wpad.dat HTTP/1.1" 404 502 "-" "WinHttp-Autoproxy-Service/5.1"
172.26.33.99 - - [09/Jan/2019:11:23:15 +0100] "GET /wpad.dat HTTP/1.1" 404 502 "-" "-"
172.26.33.99 - - [09/Jan/2019:11:23:15 +0100] "GET /wpad.dat HTTP/1.1" 404 501 "-" "-"
172.26.33.99 - - [09/Jan/2019:11:23:15 +0100] "GET /wpad.dat HTTP/1.1" 404 501 "-" "-"
172.26.33.99 - - [09/Jan/2019:11:23:15 +0100] "GET /wpad.dat HTTP/1.1" 404 501 "-" "-"
172.26.33.99 - - [09/Jan/2019:11:23:15 +0100] "GET /wpad.dat HTTP/1.1" 404 501 "-" "-"
172.26.33.99 - - [09/Jan/2019:11:23:16 +0100] "GET /wpad.dat HTTP/1.1" 404 501 "-" "-"
172.26.33.99 - - [09/Jan/2019:11:23:17 +0100] "GET /wpad.dat HTTP/1.1" 404 501 "-" "-"
172.26.33.99 - - [09/Jan/2019:11:23:17 +0100] "GET /wpad.dat HTTP/1.1" 404 501 "-" "-"
172.26.33.99 - - [09/Jan/2019:11:23:17 +0100] "GET /wpad.dat HTTP/1.1" 404 501 "-" "-"
172.26.33.99 - - [09/Jan/2019:11:23:27 +0100] "GET /wpad.dat HTTP/1.1" 404 502 "-" "-"
172.26.33.99 - - [09/Jan/2019:11:23:27 +0100] "GET /wpad.dat HTTP/1.1" 404 501 "-" "-"
172.26.39.100 - - [09/Jan/2019:11:23:37 +0100] "GET /wpad.dat HTTP/1.1" 404 502 "-" "WinHttp-Autoproxy-Service/5.1"
195.230.140.242 - - [09/Jan/2019:11:23:43 +0100] "GET / HTTP/1.1" 200 529 "-" "Mozilla/5.0 (Windows NT 5.1; rv:9.0.1) Gecko/20100101 Firefox/9.0.1"
195.230.140.242 - - [09/Jan/2019:11:23:44 +0100] "GET /admin/ HTTP/1.1" 404 444 "http://195.72.105.32/" "Mozilla/5.0 (Windows NT 5.1; rv:9.0.1) Gecko/20100101 Firefox/9.0.1"
195.230.140.242 - - [09/Jan/2019:11:23:44 +0100] "GET /HNAP1/ HTTP/1.1" 404 444 "http://195.72.105.32/" "Mozilla/5.0 (Windows NT 5.1; rv:9.0.1) Gecko/20100101 Firefox/9.0.1"
172.26.33.99 - - [09/Jan/2019:11:23:51 +0100] "GET /wpad.dat HTTP/1.1" 404 446 "-" "Mozilla/5.0 (compatible; IE 11.0; Win32; Trident/7.0)"
172.26.33.99 - - [09/Jan/2019:11:23:51 +0100] "GET /wpad.dat HTTP/1.1" 404 446 "-" "Mozilla/5.0 (compatible; IE 11.0; Win32; Trident/7.0)"
172.26.37.112 - - [09/Jan/2019:11:23:55 +0100] "GET /wpad.dat HTTP/1.1" 404 502 "-" "WinHttp-Autoproxy-Service/5.1"
172.26.38.101 - - [09/Jan/2019:11:24:06 +0100] "GET /wpad.dat HTTP/1.1" 404 502 "-" "WinHttp-Autoproxy-Service/5.1"
172.26.39.101 - - [09/Jan/2019:11:24:31 +0100] "GET /wpad.dat HTTP/1.1" 404 502 "-" "Mozilla/5.0 (Windows NT 10.0; Win64; x64) AppleWebKit/537.36 (KHTML, like Gecko) GitKraken/3.3.0 Chrome/56.0.2924.87 Electron/1.6.11 Safari/537.36"
172.26.39.101 - - [09/Jan/2019:11:24:39 +0100] "GET /wpad.dat HTTP/1.1" 404 502 "-" "Mozilla/5.0 (Windows NT 10.0; Win64; x64) AppleWebKit/537.36 (KHTML, like Gecko) GitKraken/3.3.0 Chrome/56.0.2924.87 Electron/1.6.11 Safari/537.36"
66.249.79.94 - - [09/Jan/2019:11:25:16 +0100] "GET /anreise/Anfahrt_UDE.pdf HTTP/1.1" 304 183 "-" "Mozilla/5.0 (compatible; Googlebot/2.1; +http://www.google.com/bot.html)"
172.26.37.114 - - [09/Jan/2019:11:25:33 +0100] "GET /wpad.dat HTTP/1.1" 404 502 "-" "WinHttp-Autoproxy-Service/5.1"
172.26.39.101 - - [09/Jan/2019:11:25:33 +0100] "GET /wpad.dat HTTP/1.1" 404 502 "-" "Mozilla/5.0 (Windows NT 10.0; Win64; x64) AppleWebKit/537.36 (KHTML, like Gecko) GitKraken/3.3.0 Chrome/56.0.2924.87 Electron/1.6.11 Safari/537.36"
172.26.33.99 - - [09/Jan/2019:11:28:17 +0100] "GET /wpad.dat HTTP/1.1" 404 446 "-" "Mozilla/5.0 (compatible; IE 11.0; Win32; Trident/7.0)"
172.26.33.99 - - [09/Jan/2019:11:28:17 +0100] "GET /wpad.dat HTTP/1.1" 404 502 "-" "Java/1.8.0_45"
172.26.33.99 - - [09/Jan/2019:11:28:18 +0100] "GET /wpad.dat HTTP/1.1" 404 446 "-" "Mozilla/5.0 (compatible; IE 11.0; Win32; Trident/7.0)"
172.26.39.101 - - [09/Jan/2019:11:28:33 +0100] "GET /wpad.dat HTTP/1.1" 404 502 "-" "Mozilla/5.0 (Windows NT 10.0; Win64; x64) AppleWebKit/537.36 (KHTML, like Gecko) GitKraken/3.3.0 Chrome/56.0.2924.87 Electron/1.6.11 Safari/537.36"
172.26.38.105 - - [09/Jan/2019:11:28:42 +0100] "GET /wpad.dat HTTP/1.1" 404 502 "-" "WinHttp-Autoproxy-Service/5.1"
::1 - - [09/Jan/2019:11:29:25 +0100] "OPTIONS * HTTP/1.0" 200 126 "-" "Apache/2.4.25 (Debian) OpenSSL/1.0.2l mod_wsgi/4.5.11 Python/3.5 (internal dummy connection)"
172.26.36.105 - - [09/Jan/2019:11:29:57 +0100] "GET /wpad.dat HTTP/1.1" 404 502 "-" "WinHttp-Autoproxy-Service/5.1"
172.26.33.107 - - [09/Jan/2019:11:31:05 +0100] "GET /wpad.dat HTTP/1.1" 404 502 "-" "WinHttp-Autoproxy-Service/5.1"
172.26.36.120 - - [09/Jan/2019:11:31:18 +0100] "GET /wpad.dat HTTP/1.1" 404 502 "-" "WinHttp-Autoproxy-Service/5.1"
172.26.39.101 - - [09/Jan/2019:11:32:38 +0100] "GET /wpad.dat HTTP/1.1" 404 502 "-" "WinHttp-Autoproxy-Service/5.1"
172.26.72.220 - - [09/Jan/2019:11:32:54 +0100] "GET /wpad.dat HTTP/1.1" 404 502 "-" "WinHttp-Autoproxy-Service/5.1"
172.26.39.100 - - [09/Jan/2019:11:33:37 +0100] "GET /wpad.dat HTTP/1.1" 404 502 "-" "WinHttp-Autoproxy-Service/5.1"
172.26.37.109 - - [09/Jan/2019:11:33:52 +0100] "GET /wpad.dat HTTP/1.1" 404 502 "-" "WinHttp-Autoproxy-Service/5.1"
172.26.37.109 - - [09/Jan/2019:11:33:53 +0100] "GET /wpad.dat HTTP/1.1" 404 501 "-" "WinHttp-Autoproxy-Service/5.1"
172.26.37.112 - - [09/Jan/2019:11:33:55 +0100] "GET /wpad.dat HTTP/1.1" 404 502 "-" "WinHttp-Autoproxy-Service/5.1"
172.26.38.101 - - [09/Jan/2019:11:34:06 +0100] "GET /wpad.dat HTTP/1.1" 404 502 "-" "WinHttp-Autoproxy-Service/5.1"
172.26.37.109 - - [09/Jan/2019:11:34:08 +0100] "GET /wpad.dat HTTP/1.1" 404 502 "-" "WinHttp-Autoproxy-Service/5.1"
172.26.37.109 - - [09/Jan/2019:11:35:08 +0100] "GET /wpad.dat HTTP/1.1" 404 502 "-" "WinHttp-Autoproxy-Service/5.1"
172.26.35.103 - - [09/Jan/2019:11:35:10 +0100] "GET /wpad.dat HTTP/1.1" 404 502 "-" "WinHttp-Autoproxy-Service/5.1"
172.26.35.103 - - [09/Jan/2019:11:35:13 +0100] "GET /wpad.dat HTTP/1.1" 404 501 "-" "WinHttp-Autoproxy-Service/5.1"
172.26.35.103 - - [09/Jan/2019:11:35:14 +0100] "GET /wpad.dat HTTP/1.1" 404 501 "-" "WinHttp-Autoproxy-Service/5.1"
172.26.37.110 - - [09/Jan/2019:11:35:32 +0100] "GET /wpad.dat HTTP/1.1" 404 502 "-" "WinHttp-Autoproxy-Service/5.1"
66.249.79.92 - - [09/Jan/2019:11:35:34 +0100] "GET /medieninformatik_flyer.pdf HTTP/1.1" 304 183 "-" "Mozilla/5.0 (compatible; Googlebot/2.1; +http://www.google.com/bot.html)"
172.26.37.110 - - [09/Jan/2019:11:35:34 +0100] "GET /wpad.dat HTTP/1.1" 404 501 "-" "WinHttp-Autoproxy-Service/5.1"
172.26.37.110 - - [09/Jan/2019:11:35:49 +0100] "GET /wpad.dat HTTP/1.1" 404 502 "-" "WinHttp-Autoproxy-Service/5.1"
172.26.37.110 - - [09/Jan/2019:11:36:49 +0100] "GET /wpad.dat HTTP/1.1" 404 502 "-" "WinHttp-Autoproxy-Service/5.1"
172.26.35.100 - - [09/Jan/2019:11:36:58 +0100] "GET /wpad.dat HTTP/1.1" 404 502 "-" "WinHttp-Autoproxy-Service/5.1"
172.26.37.100 - - [09/Jan/2019:11:37:02 +0100] "GET /wpad.dat HTTP/1.1" 404 502 "-" "WinHttp-Autoproxy-Service/5.1"
172.26.37.100 - - [09/Jan/2019:11:37:05 +0100] "GET /wpad.dat HTTP/1.1" 404 501 "-" "WinHttp-Autoproxy-Service/5.1"
172.26.37.100 - - [09/Jan/2019:11:37:06 +0100] "GET /wpad.dat HTTP/1.1" 404 501 "-" "WinHttp-Autoproxy-Service/5.1"
172.26.35.100 - - [09/Jan/2019:11:37:13 +0100] "GET /wpad.dat HTTP/1.1" 404 502 "-" "WinHttp-Autoproxy-Service/5.1"
172.26.37.100 - - [09/Jan/2019:11:37:21 +0100] "GET /wpad.dat HTTP/1.1" 404 502 "-" "WinHttp-Autoproxy-Service/5.1"
172.26.37.109 - - [09/Jan/2019:11:37:37 +0100] "GET /wpad.dat HTTP/1.1" 404 502 "-" "Mozilla/5.0 (Windows NT 10.0; Win64; x64) AppleWebKit/537.36 (KHTML, like Gecko) Chrome/63.0.3239.132 Safari/537.36"
172.26.37.109 - - [09/Jan/2019:11:37:45 +0100] "GET /wpad.dat HTTP/1.1" 404 502 "-" "Mozilla/5.0 (Windows NT 10.0; Win64; x64) AppleWebKit/537.36 (KHTML, like Gecko) Chrome/63.0.3239.132 Safari/537.36"
172.26.37.109 - - [09/Jan/2019:11:37:46 +0100] "GET /wpad.dat HTTP/1.1" 404 502 "-" "Mozilla/5.0 (Windows NT 10.0; Win64; x64) AppleWebKit/537.36 (KHTML, like Gecko) Chrome/63.0.3239.132 Safari/537.36"
172.26.35.100 - - [09/Jan/2019:11:38:13 +0100] "GET /wpad.dat HTTP/1.1" 404 502 "-" "WinHttp-Autoproxy-Service/5.1"
172.26.37.100 - - [09/Jan/2019:11:38:16 +0100] "GET /wpad.dat HTTP/1.1" 404 502 "-" "Mozilla/5.0 (Windows NT 10.0; Win64; x64) AppleWebKit/537.36 (KHTML, like Gecko) Chrome/63.0.3239.132 Safari/537.36"
172.26.37.100 - - [09/Jan/2019:11:38:16 +0100] "GET /wpad.dat HTTP/1.1" 404 502 "-" "Mozilla/5.0 (Windows NT 10.0; Win64; x64) AppleWebKit/537.36 (KHTML, like Gecko) Chrome/63.0.3239.132 Safari/537.36"
172.26.37.100 - - [09/Jan/2019:11:38:21 +0100] "GET /wpad.dat HTTP/1.1" 404 502 "-" "WinHttp-Autoproxy-Service/5.1"
172.26.37.109 - - [09/Jan/2019:11:38:23 +0100] "GET /wpad.dat HTTP/1.1" 404 502 "-" "Mozilla/5.0 (Windows NT 10.0; Win64; x64) AppleWebKit/537.36 (KHTML, like Gecko) Chrome/63.0.3239.132 Safari/537.36"
84.57.166.96 - - [09/Jan/2019:11:38:23 +0100] "GET /~willi/Projects/CG/SimScAp/Dokumentation/png/architektur.png HTTP/1.1" 403 568 "https://www.bing.com/" "Mozilla/5.0 (Windows NT 10.0; Win64; x64) AppleWebKit/537.36 (KHTML, like Gecko) Chrome/58.0.3029.110 Safari/537.36 Edge/16.16299"
172.26.37.100 - - [09/Jan/2019:11:38:26 +0100] "GET /wpad.dat HTTP/1.1" 404 502 "-" "Mozilla/5.0 (Windows NT 10.0; Win64; x64) AppleWebKit/537.36 (KHTML, like Gecko) Chrome/63.0.3239.132 Safari/537.36"
172.26.37.100 - - [09/Jan/2019:11:38:28 +0100] "GET /wpad.dat HTTP/1.1" 404 502 "-" "Mozilla/5.0 (Windows NT 10.0; Win64; x64) AppleWebKit/537.36 (KHTML, like Gecko) Chrome/63.0.3239.132 Safari/537.36"
80.187.102.115 - - [09/Jan/2019:11:38:31 +0100] "GET /portal HTTP/1.1" 301 561 "-" "Mozilla/5.0 (Linux; Android 7.0; LG-H870 Build/NRD90U) AppleWebKit/537.36 (KHTML, like Gecko) Chrome/63.0.3239.111 Mobile Safari/537.36"
80.187.102.115 - - [09/Jan/2019:11:38:33 +0100] "GET /portal/ HTTP/1.1" 302 549 "-" "Mozilla/5.0 (Linux; Android 7.0; LG-H870 Build/NRD90U) AppleWebKit/537.36 (KHTML, like Gecko) Chrome/63.0.3239.111 Mobile Safari/537.36"
172.26.37.109 - - [09/Jan/2019:11:38:34 +0100] "GET /wpad.dat HTTP/1.1" 404 502 "-" "Mozilla/5.0 (Windows NT 10.0; Win64; x64) AppleWebKit/537.36 (KHTML, like Gecko) Chrome/63.0.3239.132 Safari/537.36"
80.187.102.115 - - [09/Jan/2019:11:38:34 +0100] "GET /portal HTTP/1.1" 301 560 "-" "Mozilla/5.0 (Linux; Android 7.0; LG-H870 Build/NRD90U) AppleWebKit/537.36 (KHTML, like Gecko) Chrome/63.0.3239.111 Mobile Safari/537.36"
80.187.102.115 - - [09/Jan/2019:11:38:34 +0100] "GET /portal/ HTTP/1.1" 302 549 "-" "Mozilla/5.0 (Linux; Android 7.0; LG-H870 Build/NRD90U) AppleWebKit/537.36 (KHTML, like Gecko) Chrome/63.0.3239.111 Mobile Safari/537.36"
::1 - - [09/Jan/2019:11:38:43 +0100] "OPTIONS * HTTP/1.0" 200 126 "-" "Apache/2.4.25 (Debian) OpenSSL/1.0.2l mod_wsgi/4.5.11 Python/3.5 (internal dummy connection)"
172.26.37.100 - - [09/Jan/2019:11:38:58 +0100] "GET /wpad.dat HTTP/1.1" 404 502 "-" "Mozilla/5.0 (Windows NT 10.0; Win64; x64) AppleWebKit/537.36 (KHTML, like Gecko) Chrome/63.0.3239.132 Safari/537.36"
::1 - - [09/Jan/2019:11:38:59 +0100] "OPTIONS * HTTP/1.0" 200 126 "-" "Apache/2.4.25 (Debian) OpenSSL/1.0.2l mod_wsgi/4.5.11 Python/3.5 (internal dummy connection)"
84.57.166.96 - - [09/Jan/2019:11:39:03 +0100] "GET /~willi/Projects/CG/SimScAp/Dokumentation/png/architektur.png HTTP/1.1" 403 568 "https://www.bing.com/" "Mozilla/5.0 (Windows NT 10.0; Win64; x64) AppleWebKit/537.36 (KHTML, like Gecko) Chrome/58.0.3029.110 Safari/537.36 Edge/16.16299"
::1 - - [09/Jan/2019:11:39:04 +0100] "OPTIONS * HTTP/1.0" 200 126 "-" "Apache/2.4.25 (Debian) OpenSSL/1.0.2l mod_wsgi/4.5.11 Python/3.5 (internal dummy connection)"
::1 - - [09/Jan/2019:11:39:11 +0100] "OPTIONS * HTTP/1.0" 200 126 "-" "Apache/2.4.25 (Debian) OpenSSL/1.0.2l mod_wsgi/4.5.11 Python/3.5 (internal dummy connection)"
172.26.37.100 - - [09/Jan/2019:11:39:15 +0100] "GET /wpad.dat HTTP/1.1" 404 502 "-" "Mozilla/5.0 (Windows NT 10.0; Win64; x64) AppleWebKit/537.36 (KHTML, like Gecko) Chrome/63.0.3239.132 Safari/537.36"
::1 - - [09/Jan/2019:11:39:26 +0100] "OPTIONS * HTTP/1.0" 200 126 "-" "Apache/2.4.25 (Debian) OpenSSL/1.0.2l mod_wsgi/4.5.11 Python/3.5 (internal dummy connection)"
84.57.166.96 - - [09/Jan/2019:11:39:54 +0100] "-" 408 0 "-" "-"
172.26.36.105 - - [09/Jan/2019:11:39:57 +0100] "GET /wpad.dat HTTP/1.1" 404 502 "-" "WinHttp-Autoproxy-Service/5.1"
172.26.37.109 - - [09/Jan/2019:11:40:55 +0100] "GET /wpad.dat HTTP/1.1" 404 502 "-" "Mozilla/5.0 (Windows NT 10.0; Win64; x64) AppleWebKit/537.36 (KHTML, like Gecko) Chrome/63.0.3239.132 Safari/537.36"
172.26.37.100 - - [09/Jan/2019:11:41:00 +0100] "GET /wpad.dat HTTP/1.1" 404 502 "-" "Mozilla/5.0 (Windows NT 10.0; Win64; x64) AppleWebKit/537.36 (KHTML, like Gecko) Chrome/63.0.3239.132 Safari/537.36"
172.26.33.107 - - [09/Jan/2019:11:41:05 +0100] "GET /wpad.dat HTTP/1.1" 404 502 "-" "WinHttp-Autoproxy-Service/5.1"
172.26.36.120 - - [09/Jan/2019:11:41:18 +0100] "GET /wpad.dat HTTP/1.1" 404 502 "-" "WinHttp-Autoproxy-Service/5.1"
172.26.37.100 - - [09/Jan/2019:11:42:31 +0100] "GET /wpad.dat HTTP/1.1" 404 502 "-" "Mozilla/5.0 (Windows NT 10.0; Win64; x64) AppleWebKit/537.36 (KHTML, like Gecko) Chrome/63.0.3239.132 Safari/537.36"
172.26.39.101 - - [09/Jan/2019:11:42:38 +0100] "GET /wpad.dat HTTP/1.1" 404 502 "-" "WinHttp-Autoproxy-Service/5.1"
172.26.72.220 - - [09/Jan/2019:11:42:54 +0100] "GET /wpad.dat HTTP/1.1" 404 502 "-" "WinHttp-Autoproxy-Service/5.1"
172.26.37.109 - - [09/Jan/2019:11:43:36 +0100] "GET /wpad.dat HTTP/1.1" 404 502 "-" "Mozilla/5.0 (Windows NT 10.0; Win64; x64) AppleWebKit/537.36 (KHTML, like Gecko) Chrome/63.0.3239.132 Safari/537.36"
172.26.39.100 - - [09/Jan/2019:11:43:37 +0100] "GET /wpad.dat HTTP/1.1" 404 502 "-" "WinHttp-Autoproxy-Service/5.1"
172.26.33.99 - - [09/Jan/2019:11:43:57 +0100] "GET /wpad.dat HTTP/1.1" 404 502 "-" "-"
172.26.33.99 - - [09/Jan/2019:11:43:58 +0100] "GET /wpad.dat HTTP/1.1" 404 501 "-" "-"
172.26.33.99 - - [09/Jan/2019:11:43:58 +0100] "GET /wpad.dat HTTP/1.1" 404 501 "-" "-"
172.26.33.99 - - [09/Jan/2019:11:43:58 +0100] "GET /wpad.dat HTTP/1.1" 404 501 "-" "-"
172.26.33.99 - - [09/Jan/2019:11:43:58 +0100] "GET /wpad.dat HTTP/1.1" 404 501 "-" "-"
172.26.33.99 - - [09/Jan/2019:11:43:58 +0100] "GET /wpad.dat HTTP/1.1" 404 501 "-" "-"
172.26.33.99 - - [09/Jan/2019:11:43:58 +0100] "GET /wpad.dat HTTP/1.1" 404 501 "-" "-"
172.26.33.99 - - [09/Jan/2019:11:43:59 +0100] "GET /wpad.dat HTTP/1.1" 404 501 "-" "-"
::1 - - [09/Jan/2019:11:44:06 +0100] "OPTIONS * HTTP/1.0" 200 126 "-" "Apache/2.4.25 (Debian) OpenSSL/1.0.2l mod_wsgi/4.5.11 Python/3.5 (internal dummy connection)"
172.26.38.101 - - [09/Jan/2019:11:44:06 +0100] "GET /wpad.dat HTTP/1.1" 404 502 "-" "WinHttp-Autoproxy-Service/5.1"
::1 - - [09/Jan/2019:11:44:07 +0100] "OPTIONS * HTTP/1.0" 200 126 "-" "Apache/2.4.25 (Debian) OpenSSL/1.0.2l mod_wsgi/4.5.11 Python/3.5 (internal dummy connection)"
::1 - - [09/Jan/2019:11:44:12 +0100] "OPTIONS * HTTP/1.0" 200 126 "-" "Apache/2.4.25 (Debian) OpenSSL/1.0.2l mod_wsgi/4.5.11 Python/3.5 (internal dummy connection)"
172.26.33.99 - - [09/Jan/2019:11:44:27 +0100] "GET /wpad.dat HTTP/1.1" 404 502 "-" "-"
172.26.33.99 - - [09/Jan/2019:11:44:27 +0100] "GET /wpad.dat HTTP/1.1" 404 501 "-" "-"
172.26.37.109 - - [09/Jan/2019:11:45:08 +0100] "GET /wpad.dat HTTP/1.1" 404 502 "-" "WinHttp-Autoproxy-Service/5.1"
172.26.37.110 - - [09/Jan/2019:11:46:49 +0100] "GET /wpad.dat HTTP/1.1" 404 502 "-" "WinHttp-Autoproxy-Service/5.1"
172.26.33.99 - - [09/Jan/2019:11:47:48 +0100] "GET /wpad.dat HTTP/1.1" 404 502 "-" "-"
172.26.33.99 - - [09/Jan/2019:11:47:48 +0100] "GET /wpad.dat HTTP/1.1" 404 501 "-" "-"
172.26.33.99 - - [09/Jan/2019:11:47:57 +0100] "GET /wpad.dat HTTP/1.1" 404 502 "-" "-"
172.26.33.99 - - [09/Jan/2019:11:47:57 +0100] "GET /wpad.dat HTTP/1.1" 404 501 "-" "-"
172.26.33.99 - - [09/Jan/2019:11:47:58 +0100] "GET /wpad.dat HTTP/1.1" 404 501 "-" "-"
172.26.33.99 - - [09/Jan/2019:11:47:58 +0100] "GET /wpad.dat HTTP/1.1" 404 501 "-" "-"
172.26.33.99 - - [09/Jan/2019:11:47:59 +0100] "GET /wpad.dat HTTP/1.1" 404 501 "-" "-"
172.26.35.100 - - [09/Jan/2019:11:48:13 +0100] "GET /wpad.dat HTTP/1.1" 404 502 "-" "WinHttp-Autoproxy-Service/5.1"
172.26.37.100 - - [09/Jan/2019:11:48:21 +0100] "GET /wpad.dat HTTP/1.1" 404 502 "-" "WinHttp-Autoproxy-Service/5.1"
66.249.79.92 - - [09/Jan/2019:11:48:50 +0100] "GET /~willi/Projects/CG/CarreraCV/doku/intrinsisch/intrinsisch.htm HTTP/1.1" 403 569 "-" "Mozilla/5.0 (compatible; Googlebot/2.1; +http://www.google.com/bot.html)"
172.26.36.105 - - [09/Jan/2019:11:49:57 +0100] "GET /wpad.dat HTTP/1.1" 404 502 "-" "WinHttp-Autoproxy-Service/5.1"
172.26.33.107 - - [09/Jan/2019:11:51:05 +0100] "GET /wpad.dat HTTP/1.1" 404 502 "-" "WinHttp-Autoproxy-Service/5.1"
172.26.36.120 - - [09/Jan/2019:11:51:18 +0100] "GET /wpad.dat HTTP/1.1" 404 502 "-" "WinHttp-Autoproxy-Service/5.1"
::1 - - [09/Jan/2019:11:51:32 +0100] "OPTIONS * HTTP/1.0" 200 126 "-" "Apache/2.4.25 (Debian) OpenSSL/1.0.2l mod_wsgi/4.5.11 Python/3.5 (internal dummy connection)"
172.26.39.101 - - [09/Jan/2019:11:52:38 +0100] "GET /wpad.dat HTTP/1.1" 404 502 "-" "WinHttp-Autoproxy-Service/5.1"
172.26.72.220 - - [09/Jan/2019:11:52:54 +0100] "GET /wpad.dat HTTP/1.1" 404 502 "-" "WinHttp-Autoproxy-Service/5.1"
172.26.39.100 - - [09/Jan/2019:11:53:09 +0100] "GET /wpad.dat HTTP/1.1" 404 502 "-" "Mozilla/5.0 (Windows NT 10.0; Win64; x64) AppleWebKit/537.36 (KHTML, like Gecko) GitKraken/3.3.0 Chrome/56.0.2924.87 Electron/1.6.11 Safari/537.36"
172.26.39.100 - - [09/Jan/2019:11:53:17 +0100] "GET /wpad.dat HTTP/1.1" 404 502 "-" "Mozilla/5.0 (Windows NT 10.0; Win64; x64) AppleWebKit/537.36 (KHTML, like Gecko) GitKraken/3.3.0 Chrome/56.0.2924.87 Electron/1.6.11 Safari/537.36"
172.26.39.100 - - [09/Jan/2019:11:53:37 +0100] "GET /wpad.dat HTTP/1.1" 404 502 "-" "WinHttp-Autoproxy-Service/5.1"
172.26.38.101 - - [09/Jan/2019:11:54:06 +0100] "GET /wpad.dat HTTP/1.1" 404 502 "-" "WinHttp-Autoproxy-Service/5.1"
::1 - - [09/Jan/2019:11:54:21 +0100] "OPTIONS * HTTP/1.0" 200 126 "-" "Apache/2.4.25 (Debian) OpenSSL/1.0.2l mod_wsgi/4.5.11 Python/3.5 (internal dummy connection)"
172.26.39.100 - - [09/Jan/2019:11:54:41 +0100] "GET /wpad.dat HTTP/1.1" 404 502 "-" "Mozilla/5.0 (Windows NT 10.0; Win64; x64) AppleWebKit/537.36 (KHTML, like Gecko) GitKraken/3.3.0 Chrome/56.0.2924.87 Electron/1.6.11 Safari/537.36"
172.26.37.109 - - [09/Jan/2019:11:55:08 +0100] "GET /wpad.dat HTTP/1.1" 404 502 "-" "WinHttp-Autoproxy-Service/5.1"
172.26.39.100 - - [09/Jan/2019:11:56:41 +0100] "GET /wpad.dat HTTP/1.1" 404 502 "-" "Mozilla/5.0 (Windows NT 10.0; Win64; x64) AppleWebKit/537.36 (KHTML, like Gecko) GitKraken/3.3.0 Chrome/56.0.2924.87 Electron/1.6.11 Safari/537.36"
172.26.37.110 - - [09/Jan/2019:11:56:49 +0100] "GET /wpad.dat HTTP/1.1" 404 502 "-" "WinHttp-Autoproxy-Service/5.1"
172.26.35.100 - - [09/Jan/2019:11:58:13 +0100] "GET /wpad.dat HTTP/1.1" 404 502 "-" "WinHttp-Autoproxy-Service/5.1"
172.26.37.104 - - [09/Jan/2019:11:58:15 +0100] "GET /wpad.dat HTTP/1.1" 404 502 "-" "WinHttp-Autoproxy-Service/5.1"
172.26.37.104 - - [09/Jan/2019:11:58:17 +0100] "GET /wpad.dat HTTP/1.1" 404 502 "-" "WinHttp-Autoproxy-Service/5.1"
172.26.37.104 - - [09/Jan/2019:11:58:20 +0100] "GET /wpad.dat HTTP/1.1" 404 502 "-" "WinHttp-Autoproxy-Service/5.1"
172.26.37.104 - - [09/Jan/2019:11:58:35 +0100] "GET /wpad.dat HTTP/1.1" 404 502 "-" "WinHttp-Autoproxy-Service/5.1"
172.26.37.104 - - [09/Jan/2019:11:59:35 +0100] "GET /wpad.dat HTTP/1.1" 404 502 "-" "WinHttp-Autoproxy-Service/5.1"
172.26.36.105 - - [09/Jan/2019:11:59:57 +0100] "GET /wpad.dat HTTP/1.1" 404 502 "-" "WinHttp-Autoproxy-Service/5.1"
172.26.33.99 - - [09/Jan/2019:11:59:58 +0100] "GET /wpad.dat HTTP/1.1" 404 502 "-" "-"
172.26.33.107 - - [09/Jan/2019:12:01:05 +0100] "GET /wpad.dat HTTP/1.1" 404 502 "-" "WinHttp-Autoproxy-Service/5.1"
172.26.36.110 - - [09/Jan/2019:12:01:13 +0100] "GET /wpad.dat HTTP/1.1" 404 502 "-" "WinHttp-Autoproxy-Service/5.1"
172.26.36.110 - - [09/Jan/2019:12:01:16 +0100] "GET /wpad.dat HTTP/1.1" 404 501 "-" "WinHttp-Autoproxy-Service/5.1"
172.26.36.110 - - [09/Jan/2019:12:01:17 +0100] "GET /wpad.dat HTTP/1.1" 404 501 "-" "WinHttp-Autoproxy-Service/5.1"
172.26.36.120 - - [09/Jan/2019:12:01:18 +0100] "GET /wpad.dat HTTP/1.1" 404 502 "-" "WinHttp-Autoproxy-Service/5.1"
172.26.36.110 - - [09/Jan/2019:12:01:32 +0100] "GET /wpad.dat HTTP/1.1" 404 502 "-" "WinHttp-Autoproxy-Service/5.1"
172.26.33.99 - - [09/Jan/2019:12:01:38 +0100] "GET /wpad.dat HTTP/1.1" 404 502 "-" "-"
172.26.33.99 - - [09/Jan/2019:12:01:38 +0100] "GET /wpad.dat HTTP/1.1" 404 501 "-" "-"
172.26.36.110 - - [09/Jan/2019:12:02:32 +0100] "GET /wpad.dat HTTP/1.1" 404 502 "-" "WinHttp-Autoproxy-Service/5.1"
172.26.39.101 - - [09/Jan/2019:12:02:38 +0100] "GET /wpad.dat HTTP/1.1" 404 502 "-" "WinHttp-Autoproxy-Service/5.1"
87.250.233.71 - - [09/Jan/2019:12:02:39 +0100] "GET /robots.txt HTTP/1.1" 200 318 "-" "Mozilla/5.0 (compatible; YandexBot/3.0; +http://yandex.com/bots)"
172.26.33.99 - - [09/Jan/2019:12:02:41 +0100] "GET /wpad.dat HTTP/1.1" 404 502 "-" "-"
87.250.233.71 - - [09/Jan/2019:12:02:43 +0100] "GET /~willi/resources/Paper/cep2012.pdf HTTP/1.1" 403 541 "-" "Mozilla/5.0 (compatible; YandexBot/3.0; +http://yandex.com/bots)"
172.26.72.220 - - [09/Jan/2019:12:02:54 +0100] "GET /wpad.dat HTTP/1.1" 404 502 "-" "WinHttp-Autoproxy-Service/5.1"
172.26.39.100 - - [09/Jan/2019:12:03:37 +0100] "GET /wpad.dat HTTP/1.1" 404 502 "-" "WinHttp-Autoproxy-Service/5.1"
172.26.38.101 - - [09/Jan/2019:12:04:06 +0100] "GET /wpad.dat HTTP/1.1" 404 502 "-" "WinHttp-Autoproxy-Service/5.1"
172.26.33.99 - - [09/Jan/2019:12:04:17 +0100] "GET /wpad.dat HTTP/1.1" 404 446 "-" "Mozilla/5.0 (compatible; IE 11.0; Win32; Trident/7.0)"
172.26.33.99 - - [09/Jan/2019:12:04:17 +0100] "GET /wpad.dat HTTP/1.1" 404 446 "-" "Mozilla/5.0 (compatible; IE 11.0; Win32; Trident/7.0)"
172.26.37.109 - - [09/Jan/2019:12:05:08 +0100] "GET /wpad.dat HTTP/1.1" 404 502 "-" "WinHttp-Autoproxy-Service/5.1"
172.26.39.101 - - [09/Jan/2019:12:05:49 +0100] "GET /wpad.dat HTTP/1.1" 404 502 "-" "Mozilla/5.0 (Windows NT 10.0; Win64; x64) AppleWebKit/537.36 (KHTML, like Gecko) GitKraken/3.3.0 Chrome/56.0.2924.87 Electron/1.6.11 Safari/537.36"
172.26.39.101 - - [09/Jan/2019:12:05:57 +0100] "GET /wpad.dat HTTP/1.1" 404 502 "-" "Mozilla/5.0 (Windows NT 10.0; Win64; x64) AppleWebKit/537.36 (KHTML, like Gecko) GitKraken/3.3.0 Chrome/56.0.2924.87 Electron/1.6.11 Safari/537.36"
172.26.37.110 - - [09/Jan/2019:12:06:49 +0100] "GET /wpad.dat HTTP/1.1" 404 502 "-" "WinHttp-Autoproxy-Service/5.1"
172.26.33.99 - - [09/Jan/2019:12:07:11 +0100] "GET /wpad.dat HTTP/1.1" 404 446 "-" "Mozilla/5.0 (compatible; IE 11.0; Win32; Trident/7.0)"
172.26.33.99 - - [09/Jan/2019:12:07:12 +0100] "GET /wpad.dat HTTP/1.1" 404 446 "-" "Mozilla/5.0 (compatible; IE 11.0; Win32; Trident/7.0)"
172.26.33.99 - - [09/Jan/2019:12:07:12 +0100] "GET /wpad.dat HTTP/1.1" 404 446 "-" "Mozilla/5.0 (compatible; IE 11.0; Win32; Trident/7.0)"
185.155.191.204 - - [09/Jan/2019:12:07:59 +0100] "GET /~willi/Projects/CG/SimScAp/Dokumentation/png/architektur.png HTTP/1.1" 403 568 "http://www.bing.com/images/search?view=detailV2&thid=Ad1a3ac8fba13d7ea8a94ee91ae9bcdd1&q=klassendiagramm&selectedIndex=0&stid=42b024b9-19c2-6094-94fe-eda377138486&cbn=EntityAnswer&mode=overlay" "Mozilla/5.0 (Windows NT 6.1; Trident/7.0; rv:11.0) like Gecko"
172.26.33.117 - - [09/Jan/2019:12:08:08 +0100] "GET /wpad.dat HTTP/1.1" 404 446 "-" "Mozilla/5.0 (compatible; IE 11.0; Win32; Trident/7.0)"
172.26.33.117 - - [09/Jan/2019:12:08:09 +0100] "GET /wpad.dat HTTP/1.1" 404 446 "-" "Mozilla/5.0 (compatible; IE 11.0; Win32; Trident/7.0)"
172.26.33.117 - - [09/Jan/2019:12:08:10 +0100] "GET /wpad.dat HTTP/1.1" 404 502 "-" "Java/1.8.0_111"
172.26.33.117 - - [09/Jan/2019:12:08:11 +0100] "GET /wpad.dat HTTP/1.1" 404 446 "-" "Mozilla/5.0 (compatible; IE 11.0; Win64; Trident/7.0)"
172.26.35.100 - - [09/Jan/2019:12:08:13 +0100] "GET /wpad.dat HTTP/1.1" 404 502 "-" "WinHttp-Autoproxy-Service/5.1"
172.26.37.104 - - [09/Jan/2019:12:09:35 +0100] "GET /wpad.dat HTTP/1.1" 404 502 "-" "WinHttp-Autoproxy-Service/5.1"
172.26.36.105 - - [09/Jan/2019:12:09:57 +0100] "GET /wpad.dat HTTP/1.1" 404 502 "-" "WinHttp-Autoproxy-Service/5.1"
172.26.33.99 - - [09/Jan/2019:12:10:00 +0100] "GET /wpad.dat HTTP/1.1" 404 446 "-" "Mozilla/5.0 (compatible; IE 11.0; Win32; Trident/7.0)"
172.26.47.236 - - [09/Jan/2019:12:10:03 +0100] "GET / HTTP/1.0" 200 627 "-" "check_http/v2.2 (monitoring-plugins 2.2)"
172.26.33.107 - - [09/Jan/2019:12:11:05 +0100] "GET /wpad.dat HTTP/1.1" 404 502 "-" "WinHttp-Autoproxy-Service/5.1"
172.26.39.101 - - [09/Jan/2019:12:11:06 +0100] "GET /wpad.dat HTTP/1.1" 404 502 "-" "Mozilla/5.0 (Windows NT 10.0; Win64; x64) AppleWebKit/537.36 (KHTML, like Gecko) GitKraken/3.3.0 Chrome/56.0.2924.87 Electron/1.6.11 Safari/537.36"
172.26.37.114 - - [09/Jan/2019:12:11:13 +0100] "GET /wpad.dat HTTP/1.1" 404 502 "-" "WinHttp-Autoproxy-Service/5.1"
172.26.37.114 - - [09/Jan/2019:12:11:16 +0100] "GET /wpad.dat HTTP/1.1" 404 501 "-" "WinHttp-Autoproxy-Service/5.1"
172.26.37.114 - - [09/Jan/2019:12:11:16 +0100] "GET /wpad.dat HTTP/1.1" 404 501 "-" "WinHttp-Autoproxy-Service/5.1"
172.26.36.120 - - [09/Jan/2019:12:11:18 +0100] "GET /wpad.dat HTTP/1.1" 404 502 "-" "WinHttp-Autoproxy-Service/5.1"
172.26.37.114 - - [09/Jan/2019:12:11:31 +0100] "GET /wpad.dat HTTP/1.1" 404 502 "-" "WinHttp-Autoproxy-Service/5.1"
172.26.37.114 - - [09/Jan/2019:12:12:31 +0100] "GET /wpad.dat HTTP/1.1" 404 502 "-" "WinHttp-Autoproxy-Service/5.1"
172.26.39.101 - - [09/Jan/2019:12:12:38 +0100] "GET /wpad.dat HTTP/1.1" 404 502 "-" "WinHttp-Autoproxy-Service/5.1"
172.26.72.220 - - [09/Jan/2019:12:12:54 +0100] "GET /wpad.dat HTTP/1.1" 404 502 "-" "WinHttp-Autoproxy-Service/5.1"
172.26.39.100 - - [09/Jan/2019:12:13:37 +0100] "GET /wpad.dat HTTP/1.1" 404 502 "-" "WinHttp-Autoproxy-Service/5.1"
172.26.39.101 - - [09/Jan/2019:12:13:40 +0100] "GET /wpad.dat HTTP/1.1" 404 502 "-" "Mozilla/5.0 (Windows NT 10.0; Win64; x64) AppleWebKit/537.36 (KHTML, like Gecko) GitKraken/3.3.0 Chrome/56.0.2924.87 Electron/1.6.11 Safari/537.36"
172.26.37.114 - - [09/Jan/2019:12:13:48 +0100] "GET /wpad.dat HTTP/1.1" 404 502 "-" "Mozilla/5.0 (Windows NT 10.0; Win64; x64) AppleWebKit/537.36 (KHTML, like Gecko) Chrome/63.0.3239.132 Safari/537.36"
172.26.37.114 - - [09/Jan/2019:12:13:56 +0100] "GET /wpad.dat HTTP/1.1" 404 502 "-" "Mozilla/5.0 (Windows NT 10.0; Win64; x64) AppleWebKit/537.36 (KHTML, like Gecko) Chrome/63.0.3239.132 Safari/537.36"
172.26.37.114 - - [09/Jan/2019:12:13:56 +0100] "GET /wpad.dat HTTP/1.1" 404 502 "-" "Mozilla/5.0 (Windows NT 10.0; Win64; x64) AppleWebKit/537.36 (KHTML, like Gecko) Chrome/63.0.3239.132 Safari/537.36"
172.26.38.101 - - [09/Jan/2019:12:14:06 +0100] "GET /wpad.dat HTTP/1.1" 404 502 "-" "WinHttp-Autoproxy-Service/5.1"
