172.26.33.99 - - [09/Jan/2019:12:14:13 +0100] "GET /wpad.dat HTTP/1.1" 404 446 "-" "Mozilla/5.0 (compatible; IE 11.0; Win32; Trident/7.0)"
172.26.37.114 - - [09/Jan/2019:12:14:30 +0100] "GET /wpad.dat HTTP/1.1" 404 502 "-" "Mozilla/5.0 (Windows NT 10.0; Win64; x64) AppleWebKit/537.36 (KHTML, like Gecko) Chrome/63.0.3239.132 Safari/537.36"
172.26.37.114 - - [09/Jan/2019:12:14:48 +0100] "GET /wpad.dat HTTP/1.1" 404 502 "-" "Mozilla/5.0 (Windows NT 10.0; Win64; x64) AppleWebKit/537.36 (KHTML, like Gecko) Chrome/63.0.3239.132 Safari/537.36"
172.26.33.99 - - [09/Jan/2019:12:15:50 +0100] "GET /wpad.dat HTTP/1.1" 404 502 "-" "-"
172.26.33.99 - - [09/Jan/2019:12:15:50 +0100] "GET /wpad.dat HTTP/1.1" 404 501 "-" "-"
66.249.79.92 - - [09/Jan/2019:12:16:42 +0100] "GET /~willi/Vorlesungen/Prog1/Skripte/Prog1US7.pdf HTTP/1.1" 403 553 "-" "Mozilla/5.0 (Linux; Android 6.0.1; Nexus 5X Build/MMB29P) AppleWebKit/537.36 (KHTML, like Gecko) Chrome/41.0.2272.96 Mobile Safari/537.36 (compatible; Googlebot/2.1; +http://www.google.com/bot.html)"
172.26.33.99 - - [09/Jan/2019:12:16:49 +0100] "GET /wpad.dat HTTP/1.1" 404 446 "-" "Mozilla/5.0 (compatible; IE 11.0; Win64; Trident/7.0)"
172.26.37.110 - - [09/Jan/2019:12:16:49 +0100] "GET /wpad.dat HTTP/1.1" 404 502 "-" "WinHttp-Autoproxy-Service/5.1"
::1 - - [09/Jan/2019:12:17:25 +0100] "OPTIONS * HTTP/1.0" 200 126 "-" "Apache/2.4.25 (Debian) OpenSSL/1.0.2l mod_wsgi/4.5.11 Python/3.5 (internal dummy connection)"
172.26.35.100 - - [09/Jan/2019:12:18:13 +0100] "GET /wpad.dat HTTP/1.1" 404 502 "-" "WinHttp-Autoproxy-Service/5.1"
172.26.33.99 - - [09/Jan/2019:12:18:56 +0100] "GET /wpad.dat HTTP/1.1" 404 446 "-" "Mozilla/5.0 (compatible; IE 11.0; Win32; Trident/7.0)"
172.26.37.104 - - [09/Jan/2019:12:19:35 +0100] "GET /wpad.dat HTTP/1.1" 404 502 "-" "WinHttp-Autoproxy-Service/5.1"
172.26.37.114 - - [09/Jan/2019:12:19:48 +0100] "GET /wpad.dat HTTP/1.1" 404 502 "-" "Mozilla/5.0 (Windows NT 10.0; Win64; x64) AppleWebKit/537.36 (KHTML, like Gecko) Chrome/63.0.3239.132 Safari/537.36"
172.26.36.105 - - [09/Jan/2019:12:19:57 +0100] "GET /wpad.dat HTTP/1.1" 404 502 "-" "WinHttp-Autoproxy-Service/5.1"
54.36.149.21 - - [09/Jan/2019:12:20:09 +0100] "GET /~willi/Vorlesungen/GenCG/Software/oglTemplate.py HTTP/1.1" 403 500 "-" "Mozilla/5.0 (compatible; AhrefsBot/5.2; +http://ahrefs.com/robot/)"
172.26.37.114 - - [09/Jan/2019:12:20:26 +0100] "GET /wpad.dat HTTP/1.1" 404 502 "-" "Mozilla/5.0 (Windows NT 10.0; Win64; x64) AppleWebKit/537.36 (KHTML, like Gecko) Chrome/63.0.3239.132 Safari/537.36"
172.26.33.107 - - [09/Jan/2019:12:21:05 +0100] "GET /wpad.dat HTTP/1.1" 404 502 "-" "WinHttp-Autoproxy-Service/5.1"
172.26.36.120 - - [09/Jan/2019:12:21:19 +0100] "GET /wpad.dat HTTP/1.1" 404 502 "-" "WinHttp-Autoproxy-Service/5.1"
172.26.37.114 - - [09/Jan/2019:12:22:31 +0100] "GET /wpad.dat HTTP/1.1" 404 502 "-" "WinHttp-Autoproxy-Service/5.1"
172.26.39.101 - - [09/Jan/2019:12:22:38 +0100] "GET /wpad.dat HTTP/1.1" 404 502 "-" "WinHttp-Autoproxy-Service/5.1"
172.26.72.220 - - [09/Jan/2019:12:22:54 +0100] "GET /wpad.dat HTTP/1.1" 404 502 "-" "WinHttp-Autoproxy-Service/5.1"
40.77.167.183 - - [09/Jan/2019:12:23:28 +0100] "GET /~willi/resources/Paper/DenseStatModelofFacialSTT.pdf HTTP/1.1" 403 560 "-" "Mozilla/5.0 (compatible; bingbot/2.0; +http://www.bing.com/bingbot.htm)"
172.26.39.100 - - [09/Jan/2019:12:23:37 +0100] "GET /wpad.dat HTTP/1.1" 404 502 "-" "WinHttp-Autoproxy-Service/5.1"
172.26.38.101 - - [09/Jan/2019:12:24:06 +0100] "GET /wpad.dat HTTP/1.1" 404 502 "-" "WinHttp-Autoproxy-Service/5.1"
172.26.37.115 - - [09/Jan/2019:12:24:21 +0100] "GET /wpad.dat HTTP/1.1" 404 502 "-" "WinHttp-Autoproxy-Service/5.1"
172.26.37.115 - - [09/Jan/2019:12:24:24 +0100] "GET /wpad.dat HTTP/1.1" 404 501 "-" "WinHttp-Autoproxy-Service/5.1"
172.26.37.115 - - [09/Jan/2019:12:24:25 +0100] "GET /wpad.dat HTTP/1.1" 404 501 "-" "WinHttp-Autoproxy-Service/5.1"
172.26.37.115 - - [09/Jan/2019:12:24:40 +0100] "GET /wpad.dat HTTP/1.1" 404 502 "-" "WinHttp-Autoproxy-Service/5.1"
172.26.37.115 - - [09/Jan/2019:12:25:40 +0100] "GET /wpad.dat HTTP/1.1" 404 502 "-" "Mozilla/5.0 (Windows NT 10.0; Win64; x64) AppleWebKit/537.36 (KHTML, like Gecko) Chrome/63.0.3239.132 Safari/537.36"
172.26.37.115 - - [09/Jan/2019:12:25:40 +0100] "GET /wpad.dat HTTP/1.1" 404 502 "-" "Mozilla/5.0 (Windows NT 10.0; Win64; x64) AppleWebKit/537.36 (KHTML, like Gecko) Chrome/63.0.3239.132 Safari/537.36"
172.26.37.115 - - [09/Jan/2019:12:25:40 +0100] "GET /wpad.dat HTTP/1.1" 404 502 "-" "WinHttp-Autoproxy-Service/5.1"
172.26.37.115 - - [09/Jan/2019:12:25:48 +0100] "GET /wpad.dat HTTP/1.1" 404 502 "-" "Mozilla/5.0 (Windows NT 10.0; Win64; x64) AppleWebKit/537.36 (KHTML, like Gecko) Chrome/63.0.3239.132 Safari/537.36"
172.26.37.115 - - [09/Jan/2019:12:25:48 +0100] "GET /wpad.dat HTTP/1.1" 404 502 "-" "Mozilla/5.0 (Windows NT 10.0; Win64; x64) AppleWebKit/537.36 (KHTML, like Gecko) Chrome/63.0.3239.132 Safari/537.36"
172.26.37.115 - - [09/Jan/2019:12:26:39 +0100] "GET /wpad.dat HTTP/1.1" 404 502 "-" "Mozilla/5.0 (Windows NT 10.0; Win64; x64) AppleWebKit/537.36 (KHTML, like Gecko) Chrome/63.0.3239.132 Safari/537.36"
172.26.37.115 - - [09/Jan/2019:12:26:42 +0100] "GET /wpad.dat HTTP/1.1" 404 502 "-" "Mozilla/5.0 (Windows NT 10.0; Win64; x64) AppleWebKit/537.36 (KHTML, like Gecko) Chrome/63.0.3239.132 Safari/537.36"
172.26.37.110 - - [09/Jan/2019:12:26:49 +0100] "GET /wpad.dat HTTP/1.1" 404 502 "-" "WinHttp-Autoproxy-Service/5.1"
66.249.79.64 - - [09/Jan/2019:12:26:59 +0100] "GET /~willi/Vorlesungen/Prog1/Skripte/Prog1US8.pdf HTTP/1.1" 403 553 "-" "Mozilla/5.0 (Linux; Android 6.0.1; Nexus 5X Build/MMB29P) AppleWebKit/537.36 (KHTML, like Gecko) Chrome/41.0.2272.96 Mobile Safari/537.36 (compatible; Googlebot/2.1; +http://www.google.com/bot.html)"
172.26.35.100 - - [09/Jan/2019:12:28:13 +0100] "GET /wpad.dat HTTP/1.1" 404 502 "-" "WinHttp-Autoproxy-Service/5.1"
172.26.37.104 - - [09/Jan/2019:12:29:35 +0100] "GET /wpad.dat HTTP/1.1" 404 502 "-" "WinHttp-Autoproxy-Service/5.1"
172.26.33.99 - - [09/Jan/2019:12:29:52 +0100] "GET /wpad.dat HTTP/1.1" 404 502 "-" "-"
172.26.36.105 - - [09/Jan/2019:12:29:57 +0100] "GET /wpad.dat HTTP/1.1" 404 502 "-" "WinHttp-Autoproxy-Service/5.1"
172.26.33.107 - - [09/Jan/2019:12:31:05 +0100] "GET /wpad.dat HTTP/1.1" 404 502 "-" "WinHttp-Autoproxy-Service/5.1"
172.26.36.120 - - [09/Jan/2019:12:31:19 +0100] "GET /wpad.dat HTTP/1.1" 404 502 "-" "WinHttp-Autoproxy-Service/5.1"
172.26.37.114 - - [09/Jan/2019:12:32:31 +0100] "GET /wpad.dat HTTP/1.1" 404 502 "-" "WinHttp-Autoproxy-Service/5.1"
172.26.39.101 - - [09/Jan/2019:12:32:38 +0100] "GET /wpad.dat HTTP/1.1" 404 502 "-" "WinHttp-Autoproxy-Service/5.1"
172.26.72.220 - - [09/Jan/2019:12:32:54 +0100] "GET /wpad.dat HTTP/1.1" 404 502 "-" "WinHttp-Autoproxy-Service/5.1"
92.219.105.176 - - [09/Jan/2019:12:33:17 +0100] "GET /~willi/Vorlesungen/Prog1/Skripte/Prog1US3.pdf HTTP/1.1" 403 553 "https://www.bing.com/" "Mozilla/5.0 (Windows NT 10.0; Win64; x64) AppleWebKit/537.36 (KHTML, like Gecko) Chrome/58.0.3029.110 Safari/537.36 Edge/16.16299"
92.219.105.176 - - [09/Jan/2019:12:33:17 +0100] "GET /favicon.ico HTTP/1.1" 200 3490 "-" "Mozilla/5.0 (Windows NT 10.0; Win64; x64) AppleWebKit/537.36 (KHTML, like Gecko) Chrome/58.0.3029.110 Safari/537.36 Edge/16.16299"
172.26.39.100 - - [09/Jan/2019:12:33:37 +0100] "GET /wpad.dat HTTP/1.1" 404 502 "-" "WinHttp-Autoproxy-Service/5.1"
40.77.167.28 - - [09/Jan/2019:12:34:02 +0100] "GET /~willi/Projects/AR/AR-Arcanoid/Dokumentation/doxydoc_source/LevelLoader_8cpp-source.html HTTP/1.1" 403 596 "-" "Mozilla/5.0 (compatible; bingbot/2.0; +http://www.bing.com/bingbot.htm)"
172.26.38.101 - - [09/Jan/2019:12:34:06 +0100] "GET /wpad.dat HTTP/1.1" 404 502 "-" "WinHttp-Autoproxy-Service/5.1"
::1 - - [09/Jan/2019:12:34:31 +0100] "OPTIONS * HTTP/1.0" 200 126 "-" "Apache/2.4.25 (Debian) OpenSSL/1.0.2l mod_wsgi/4.5.11 Python/3.5 (internal dummy connection)"
172.26.37.110 - - [09/Jan/2019:12:36:49 +0100] "GET /wpad.dat HTTP/1.1" 404 502 "-" "WinHttp-Autoproxy-Service/5.1"
172.26.35.100 - - [09/Jan/2019:12:38:13 +0100] "GET /wpad.dat HTTP/1.1" 404 502 "-" "WinHttp-Autoproxy-Service/5.1"
::1 - - [09/Jan/2019:12:39:10 +0100] "OPTIONS * HTTP/1.0" 200 126 "-" "Apache/2.4.25 (Debian) OpenSSL/1.0.2l mod_wsgi/4.5.11 Python/3.5 (internal dummy connection)"
172.26.37.104 - - [09/Jan/2019:12:39:35 +0100] "GET /wpad.dat HTTP/1.1" 404 502 "-" "WinHttp-Autoproxy-Service/5.1"
172.26.36.105 - - [09/Jan/2019:12:39:57 +0100] "GET /wpad.dat HTTP/1.1" 404 502 "-" "WinHttp-Autoproxy-Service/5.1"
172.26.33.107 - - [09/Jan/2019:12:41:05 +0100] "GET /wpad.dat HTTP/1.1" 404 502 "-" "WinHttp-Autoproxy-Service/5.1"
172.26.36.120 - - [09/Jan/2019:12:41:19 +0100] "GET /wpad.dat HTTP/1.1" 404 502 "-" "WinHttp-Autoproxy-Service/5.1"
66.249.93.215 - - [09/Jan/2019:12:41:39 +0100] "GET / HTTP/1.1" 200 585 "-" "Mozilla/5.0 (X11; Linux x86_64) AppleWebKit/537.36 (KHTML, like Gecko) Chrome/49.0.2623.75 Safari/537.36 Google Favicon"
172.26.37.114 - - [09/Jan/2019:12:42:31 +0100] "GET /wpad.dat HTTP/1.1" 404 502 "-" "WinHttp-Autoproxy-Service/5.1"
172.26.39.101 - - [09/Jan/2019:12:42:38 +0100] "GET /wpad.dat HTTP/1.1" 404 502 "-" "WinHttp-Autoproxy-Service/5.1"
172.26.72.220 - - [09/Jan/2019:12:42:54 +0100] "GET /wpad.dat HTTP/1.1" 404 502 "-" "WinHttp-Autoproxy-Service/5.1"
172.26.39.100 - - [09/Jan/2019:12:43:37 +0100] "GET /wpad.dat HTTP/1.1" 404 502 "-" "WinHttp-Autoproxy-Service/5.1"
172.26.38.101 - - [09/Jan/2019:12:44:06 +0100] "GET /wpad.dat HTTP/1.1" 404 502 "-" "WinHttp-Autoproxy-Service/5.1"
172.26.37.110 - - [09/Jan/2019:12:46:49 +0100] "GET /wpad.dat HTTP/1.1" 404 502 "-" "WinHttp-Autoproxy-Service/5.1"
66.249.79.92 - - [09/Jan/2019:12:47:34 +0100] "GET /~willi/Vorlesungen/Prog1/Skripte/Prog1US8.pdf HTTP/1.1" 403 553 "-" "Mozilla/5.0 (compatible; Googlebot/2.1; +http://www.google.com/bot.html)"
172.26.35.100 - - [09/Jan/2019:12:48:13 +0100] "GET /wpad.dat HTTP/1.1" 404 502 "-" "WinHttp-Autoproxy-Service/5.1"
172.26.33.99 - - [09/Jan/2019:12:48:45 +0100] "GET /wpad.dat HTTP/1.1" 404 446 "-" "Mozilla/5.0 (compatible; IE 11.0; Win64; Trident/7.0)"
172.26.37.104 - - [09/Jan/2019:12:49:35 +0100] "GET /wpad.dat HTTP/1.1" 404 502 "-" "WinHttp-Autoproxy-Service/5.1"
172.26.36.105 - - [09/Jan/2019:12:49:57 +0100] "GET /wpad.dat HTTP/1.1" 404 502 "-" "WinHttp-Autoproxy-Service/5.1"
40.77.167.183 - - [09/Jan/2019:12:50:36 +0100] "GET /~willi/ HTTP/1.1" 403 515 "-" "Mozilla/5.0 (compatible; bingbot/2.0; +http://www.bing.com/bingbot.htm)"
172.26.33.107 - - [09/Jan/2019:12:51:05 +0100] "GET /wpad.dat HTTP/1.1" 404 502 "-" "WinHttp-Autoproxy-Service/5.1"
172.26.36.120 - - [09/Jan/2019:12:51:19 +0100] "GET /wpad.dat HTTP/1.1" 404 502 "-" "WinHttp-Autoproxy-Service/5.1"
172.26.37.114 - - [09/Jan/2019:12:52:31 +0100] "GET /wpad.dat HTTP/1.1" 404 502 "-" "WinHttp-Autoproxy-Service/5.1"
172.26.39.101 - - [09/Jan/2019:12:52:38 +0100] "GET /wpad.dat HTTP/1.1" 404 502 "-" "WinHttp-Autoproxy-Service/5.1"
172.26.72.220 - - [09/Jan/2019:12:52:54 +0100] "GET /wpad.dat HTTP/1.1" 404 502 "-" "WinHttp-Autoproxy-Service/5.1"
172.26.39.100 - - [09/Jan/2019:12:53:37 +0100] "GET /wpad.dat HTTP/1.1" 404 502 "-" "WinHttp-Autoproxy-Service/5.1"
172.26.37.110 - - [09/Jan/2019:12:56:49 +0100] "GET /wpad.dat HTTP/1.1" 404 502 "-" "WinHttp-Autoproxy-Service/5.1"
::1 - - [09/Jan/2019:12:57:30 +0100] "OPTIONS * HTTP/1.0" 200 126 "-" "Apache/2.4.25 (Debian) OpenSSL/1.0.2l mod_wsgi/4.5.11 Python/3.5 (internal dummy connection)"
::1 - - [09/Jan/2019:12:57:58 +0100] "OPTIONS * HTTP/1.0" 200 126 "-" "Apache/2.4.25 (Debian) OpenSSL/1.0.2l mod_wsgi/4.5.11 Python/3.5 (internal dummy connection)"
::1 - - [09/Jan/2019:12:57:59 +0100] "OPTIONS * HTTP/1.0" 200 126 "-" "Apache/2.4.25 (Debian) OpenSSL/1.0.2l mod_wsgi/4.5.11 Python/3.5 (internal dummy connection)"
::1 - - [09/Jan/2019:12:58:00 +0100] "OPTIONS * HTTP/1.0" 200 126 "-" "Apache/2.4.25 (Debian) OpenSSL/1.0.2l mod_wsgi/4.5.11 Python/3.5 (internal dummy connection)"
::1 - - [09/Jan/2019:12:58:01 +0100] "OPTIONS * HTTP/1.0" 200 126 "-" "Apache/2.4.25 (Debian) OpenSSL/1.0.2l mod_wsgi/4.5.11 Python/3.5 (internal dummy connection)"
172.26.35.100 - - [09/Jan/2019:12:58:13 +0100] "GET /wpad.dat HTTP/1.1" 404 502 "-" "WinHttp-Autoproxy-Service/5.1"
172.26.37.104 - - [09/Jan/2019:12:59:35 +0100] "GET /wpad.dat HTTP/1.1" 404 502 "-" "WinHttp-Autoproxy-Service/5.1"
172.26.33.99 - - [09/Jan/2019:12:59:52 +0100] "GET /wpad.dat HTTP/1.1" 404 502 "-" "-"
172.26.36.105 - - [09/Jan/2019:12:59:57 +0100] "GET /wpad.dat HTTP/1.1" 404 502 "-" "WinHttp-Autoproxy-Service/5.1"
172.26.33.107 - - [09/Jan/2019:13:01:05 +0100] "GET /wpad.dat HTTP/1.1" 404 502 "-" "WinHttp-Autoproxy-Service/5.1"
172.26.36.120 - - [09/Jan/2019:13:01:19 +0100] "GET /wpad.dat HTTP/1.1" 404 502 "-" "WinHttp-Autoproxy-Service/5.1"
172.26.37.114 - - [09/Jan/2019:13:02:31 +0100] "GET /wpad.dat HTTP/1.1" 404 502 "-" "WinHttp-Autoproxy-Service/5.1"
163.125.181.11 - - [09/Jan/2019:13:02:32 +0100] "GET / HTTP/1.1" 200 548 "-" "Mozilla/5.0 (Windows; U; Windows NT 6.1; en-us; rv:1.9.2.3) Gecko/20100401 YFF35 Firefox/3.6.3"
172.26.39.101 - - [09/Jan/2019:13:02:38 +0100] "GET /wpad.dat HTTP/1.1" 404 502 "-" "WinHttp-Autoproxy-Service/5.1"
172.26.72.220 - - [09/Jan/2019:13:02:54 +0100] "GET /wpad.dat HTTP/1.1" 404 502 "-" "WinHttp-Autoproxy-Service/5.1"
172.26.39.100 - - [09/Jan/2019:13:03:37 +0100] "GET /wpad.dat HTTP/1.1" 404 502 "-" "WinHttp-Autoproxy-Service/5.1"
172.26.37.110 - - [09/Jan/2019:13:06:49 +0100] "GET /wpad.dat HTTP/1.1" 404 502 "-" "WinHttp-Autoproxy-Service/5.1"
172.26.35.100 - - [09/Jan/2019:13:08:13 +0100] "GET /wpad.dat HTTP/1.1" 404 502 "-" "WinHttp-Autoproxy-Service/5.1"
66.249.79.94 - - [09/Jan/2019:13:08:39 +0100] "GET /~willi/style.css HTTP/1.1" 403 524 "http://www.mi.hs-rm.de/~willi/Vorlesungen/RIP/" "Mozilla/5.0 (compatible; Googlebot/2.1; +http://www.google.com/bot.html)"
163.125.181.11 - - [09/Jan/2019:13:08:47 +0100] "GET /contact.htm HTTP/1.1" 404 470 "-" "Mozilla/5.0 (Windows; U; Windows NT 6.1; en-us; rv:1.9.2.3) Gecko/20100401 YFF35 Firefox/3.6.3"
163.125.181.11 - - [09/Jan/2019:13:08:47 +0100] "GET /contact.html HTTP/1.1" 404 471 "-" "Mozilla/5.0 (Windows; U; Windows NT 6.1; en-us; rv:1.9.2.3) Gecko/20100401 YFF35 Firefox/3.6.3"
163.125.181.11 - - [09/Jan/2019:13:08:47 +0100] "GET /contact.asp HTTP/1.1" 404 470 "-" "Mozilla/5.0 (Windows; U; Windows NT 6.1; en-us; rv:1.9.2.3) Gecko/20100401 YFF35 Firefox/3.6.3"
163.125.181.11 - - [09/Jan/2019:13:08:47 +0100] "GET /contact.aspx HTTP/1.1" 404 471 "-" "Mozilla/5.0 (Windows; U; Windows NT 6.1; en-us; rv:1.9.2.3) Gecko/20100401 YFF35 Firefox/3.6.3"
163.125.181.11 - - [09/Jan/2019:13:08:47 +0100] "GET /contact.php HTTP/1.1" 404 470 "-" "Mozilla/5.0 (Windows; U; Windows NT 6.1; en-us; rv:1.9.2.3) Gecko/20100401 YFF35 Firefox/3.6.3"
163.125.181.11 - - [09/Jan/2019:13:08:48 +0100] "GET /main.jsp HTTP/1.1" 404 467 "-" "Mozilla/5.0 (Windows; U; Windows NT 6.1; en-us; rv:1.9.2.3) Gecko/20100401 YFF35 Firefox/3.6.3"
163.125.181.11 - - [09/Jan/2019:13:08:48 +0100] "GET /main.htm HTTP/1.1" 404 467 "-" "Mozilla/5.0 (Windows; U; Windows NT 6.1; en-us; rv:1.9.2.3) Gecko/20100401 YFF35 Firefox/3.6.3"
163.125.181.11 - - [09/Jan/2019:13:08:48 +0100] "GET /main.php HTTP/1.1" 404 467 "-" "Mozilla/5.0 (Windows; U; Windows NT 6.1; en-us; rv:1.9.2.3) Gecko/20100401 YFF35 Firefox/3.6.3"
163.125.181.11 - - [09/Jan/2019:13:08:48 +0100] "GET /main.asp HTTP/1.1" 404 467 "-" "Mozilla/5.0 (Windows; U; Windows NT 6.1; en-us; rv:1.9.2.3) Gecko/20100401 YFF35 Firefox/3.6.3"
163.125.181.11 - - [09/Jan/2019:13:08:48 +0100] "GET /main.aspx HTTP/1.1" 404 468 "-" "Mozilla/5.0 (Windows; U; Windows NT 6.1; en-us; rv:1.9.2.3) Gecko/20100401 YFF35 Firefox/3.6.3"
163.125.181.11 - - [09/Jan/2019:13:08:48 +0100] "GET /main.html HTTP/1.1" 404 468 "-" "Mozilla/5.0 (Windows; U; Windows NT 6.1; en-us; rv:1.9.2.3) Gecko/20100401 YFF35 Firefox/3.6.3"
172.26.37.104 - - [09/Jan/2019:13:09:35 +0100] "GET /wpad.dat HTTP/1.1" 404 502 "-" "WinHttp-Autoproxy-Service/5.1"
172.26.36.105 - - [09/Jan/2019:13:09:57 +0100] "GET /wpad.dat HTTP/1.1" 404 502 "-" "WinHttp-Autoproxy-Service/5.1"
172.26.47.236 - - [09/Jan/2019:13:10:03 +0100] "GET / HTTP/1.0" 200 627 "-" "check_http/v2.2 (monitoring-plugins 2.2)"
172.26.33.107 - - [09/Jan/2019:13:11:05 +0100] "GET /wpad.dat HTTP/1.1" 404 502 "-" "WinHttp-Autoproxy-Service/5.1"
172.26.36.120 - - [09/Jan/2019:13:11:19 +0100] "GET /wpad.dat HTTP/1.1" 404 502 "-" "WinHttp-Autoproxy-Service/5.1"
172.26.33.99 - - [09/Jan/2019:13:12:24 +0100] "GET /wpad.dat HTTP/1.1" 404 502 "-" "-"
172.26.37.114 - - [09/Jan/2019:13:12:31 +0100] "GET /wpad.dat HTTP/1.1" 404 502 "-" "WinHttp-Autoproxy-Service/5.1"
172.26.39.101 - - [09/Jan/2019:13:12:38 +0100] "GET /wpad.dat HTTP/1.1" 404 502 "-" "WinHttp-Autoproxy-Service/5.1"
172.26.72.220 - - [09/Jan/2019:13:12:54 +0100] "GET /wpad.dat HTTP/1.1" 404 502 "-" "WinHttp-Autoproxy-Service/5.1"
172.26.33.99 - - [09/Jan/2019:13:12:55 +0100] "GET /wpad.dat HTTP/1.1" 404 502 "-" "-"
172.26.33.99 - - [09/Jan/2019:13:12:55 +0100] "GET /wpad.dat HTTP/1.1" 404 501 "-" "-"
172.26.33.99 - - [09/Jan/2019:13:12:55 +0100] "GET /wpad.dat HTTP/1.1" 404 501 "-" "-"
172.26.33.99 - - [09/Jan/2019:13:12:55 +0100] "GET /wpad.dat HTTP/1.1" 404 501 "-" "-"
172.26.33.99 - - [09/Jan/2019:13:13:19 +0100] "GET /wpad.dat HTTP/1.1" 404 446 "-" "Mozilla/5.0 (compatible; IE 11.0; Win32; Trident/7.0)"
172.26.39.100 - - [09/Jan/2019:13:13:37 +0100] "GET /wpad.dat HTTP/1.1" 404 502 "-" "WinHttp-Autoproxy-Service/5.1"
68.180.229.60 - - [09/Jan/2019:13:14:28 +0100] "GET /robots.txt HTTP/1.1" 200 262 "-" "Mozilla/5.0 (compatible; Yahoo! Slurp; http://help.yahoo.com/help/us/ysearch/slurp)"
68.180.229.60 - - [09/Jan/2019:13:14:28 +0100] "GET /~willi/resources/Assignments/MachineLearning/blatt6.pdf HTTP/1.1" 403 507 "-" "Mozilla/5.0 (compatible; Yahoo! Slurp; http://help.yahoo.com/help/us/ysearch/slurp)"
172.26.33.99 - - [09/Jan/2019:13:16:47 +0100] "GET /wpad.dat HTTP/1.1" 404 446 "-" "Mozilla/5.0 (compatible; IE 11.0; Win32; Trident/7.0)"
172.26.33.99 - - [09/Jan/2019:13:16:47 +0100] "GET /wpad.dat HTTP/1.1" 404 446 "-" "Mozilla/5.0 (compatible; IE 11.0; Win32; Trident/7.0)"
172.26.37.110 - - [09/Jan/2019:13:16:49 +0100] "GET /wpad.dat HTTP/1.1" 404 502 "-" "WinHttp-Autoproxy-Service/5.1"
172.26.33.99 - - [09/Jan/2019:13:17:07 +0100] "GET /wpad.dat HTTP/1.1" 404 446 "-" "Mozilla/5.0 (compatible; IE 11.0; Win32; Trident/7.0)"
172.26.35.100 - - [09/Jan/2019:13:18:13 +0100] "GET /wpad.dat HTTP/1.1" 404 502 "-" "WinHttp-Autoproxy-Service/5.1"
172.26.37.104 - - [09/Jan/2019:13:19:35 +0100] "GET /wpad.dat HTTP/1.1" 404 502 "-" "WinHttp-Autoproxy-Service/5.1"
172.26.36.105 - - [09/Jan/2019:13:19:57 +0100] "GET /wpad.dat HTTP/1.1" 404 502 "-" "WinHttp-Autoproxy-Service/5.1"
172.26.33.107 - - [09/Jan/2019:13:21:05 +0100] "GET /wpad.dat HTTP/1.1" 404 502 "-" "WinHttp-Autoproxy-Service/5.1"
172.26.36.120 - - [09/Jan/2019:13:21:19 +0100] "GET /wpad.dat HTTP/1.1" 404 502 "-" "WinHttp-Autoproxy-Service/5.1"
172.26.33.99 - - [09/Jan/2019:13:22:33 +0100] "GET /wpad.dat HTTP/1.1" 404 502 "-" "-"
172.26.33.99 - - [09/Jan/2019:13:22:34 +0100] "GET /wpad.dat HTTP/1.1" 404 501 "-" "-"
172.26.39.101 - - [09/Jan/2019:13:22:38 +0100] "GET /wpad.dat HTTP/1.1" 404 502 "-" "WinHttp-Autoproxy-Service/5.1"
213.227.139.199 - - [09/Jan/2019:13:22:44 +0100] "GET /~fsenk042/mm// HTTP/1.1" 404 454 "-" "Mozilla/5.0 (Windows NT 10.0; Win64; x64) AppleWebKit/537.36 (KHTML, like Gecko) Chrome/60.0.3112.101 Safari/537.36"
172.26.72.220 - - [09/Jan/2019:13:22:54 +0100] "GET /wpad.dat HTTP/1.1" 404 502 "-" "WinHttp-Autoproxy-Service/5.1"
172.26.39.100 - - [09/Jan/2019:13:23:37 +0100] "GET /wpad.dat HTTP/1.1" 404 502 "-" "WinHttp-Autoproxy-Service/5.1"
87.250.233.71 - - [09/Jan/2019:13:26:06 +0100] "GET /robots.txt HTTP/1.1" 200 318 "-" "Mozilla/5.0 (compatible; YandexBot/3.0; +http://yandex.com/bots)"
87.250.233.71 - - [09/Jan/2019:13:26:10 +0100] "GET /~willi/Projects/CG/ HTTP/1.1" 403 526 "-" "Mozilla/5.0 (compatible; YandexBot/3.0; +http://yandex.com/bots)"
172.26.39.106 - - [09/Jan/2019:13:28:03 +0100] "GET /wpad.dat HTTP/1.1" 404 502 "-" "WinHttp-Autoproxy-Service/5.1"
172.26.39.106 - - [09/Jan/2019:13:28:05 +0100] "GET /wpad.dat HTTP/1.1" 404 501 "-" "WinHttp-Autoproxy-Service/5.1"
172.26.35.100 - - [09/Jan/2019:13:28:13 +0100] "GET /wpad.dat HTTP/1.1" 404 502 "-" "WinHttp-Autoproxy-Service/5.1"
172.26.39.106 - - [09/Jan/2019:13:28:20 +0100] "GET /wpad.dat HTTP/1.1" 404 502 "-" "WinHttp-Autoproxy-Service/5.1"
172.26.39.106 - - [09/Jan/2019:13:29:20 +0100] "GET /wpad.dat HTTP/1.1" 404 502 "-" "WinHttp-Autoproxy-Service/5.1"
172.26.36.105 - - [09/Jan/2019:13:29:57 +0100] "GET /wpad.dat HTTP/1.1" 404 502 "-" "WinHttp-Autoproxy-Service/5.1"
5.255.251.12 - - [09/Jan/2019:13:30:28 +0100] "GET /~willi/teaching/computerVision/ HTTP/1.1" 403 539 "-" "Mozilla/5.0 (compatible; YandexBot/3.0; +http://yandex.com/bots)"
172.26.33.107 - - [09/Jan/2019:13:31:05 +0100] "GET /wpad.dat HTTP/1.1" 404 502 "-" "WinHttp-Autoproxy-Service/5.1"
172.26.36.120 - - [09/Jan/2019:13:31:19 +0100] "GET /wpad.dat HTTP/1.1" 404 502 "-" "WinHttp-Autoproxy-Service/5.1"
172.26.39.101 - - [09/Jan/2019:13:32:38 +0100] "GET /wpad.dat HTTP/1.1" 404 502 "-" "WinHttp-Autoproxy-Service/5.1"
172.26.72.220 - - [09/Jan/2019:13:32:54 +0100] "GET /wpad.dat HTTP/1.1" 404 502 "-" "WinHttp-Autoproxy-Service/5.1"
172.26.39.100 - - [09/Jan/2019:13:33:37 +0100] "GET /wpad.dat HTTP/1.1" 404 502 "-" "WinHttp-Autoproxy-Service/5.1"
172.26.35.100 - - [09/Jan/2019:13:38:13 +0100] "GET /wpad.dat HTTP/1.1" 404 502 "-" "WinHttp-Autoproxy-Service/5.1"
172.26.39.106 - - [09/Jan/2019:13:39:20 +0100] "GET /wpad.dat HTTP/1.1" 404 502 "-" "WinHttp-Autoproxy-Service/5.1"
40.77.167.183 - - [09/Jan/2019:13:39:29 +0100] "GET /~hoerdur/mobile/ws0506/7242D9ECA273EAB71DDB6569BBAA9A4C_00000.temp007f.htm HTTP/1.1" 403 579 "-" "Mozilla/5.0 (compatible; bingbot/2.0; +http://www.bing.com/bingbot.htm)"
172.26.36.105 - - [09/Jan/2019:13:39:58 +0100] "GET /wpad.dat HTTP/1.1" 404 502 "-" "WinHttp-Autoproxy-Service/5.1"
172.26.39.106 - - [09/Jan/2019:13:40:14 +0100] "GET /wpad.dat HTTP/1.1" 404 502 "-" "Mozilla/5.0 (Windows NT 10.0; Win64; x64) AppleWebKit/537.36 (KHTML, like Gecko) Chrome/63.0.3239.132 Safari/537.36"
172.26.39.106 - - [09/Jan/2019:13:40:20 +0100] "GET /wpad.dat HTTP/1.1" 404 502 "-" "Mozilla/5.0 (Windows NT 10.0; Win64; x64) AppleWebKit/537.36 (KHTML, like Gecko) Chrome/63.0.3239.132 Safari/537.36"
172.26.39.106 - - [09/Jan/2019:13:40:21 +0100] "GET /wpad.dat HTTP/1.1" 404 502 "-" "Mozilla/5.0 (Windows NT 10.0; Win64; x64) AppleWebKit/537.36 (KHTML, like Gecko) Chrome/63.0.3239.132 Safari/537.36"
172.26.39.106 - - [09/Jan/2019:13:40:53 +0100] "GET /wpad.dat HTTP/1.1" 404 502 "-" "Mozilla/5.0 (Windows NT 10.0; Win64; x64) AppleWebKit/537.36 (KHTML, like Gecko) Chrome/63.0.3239.132 Safari/537.36"
172.26.39.106 - - [09/Jan/2019:13:41:04 +0100] "GET /wpad.dat HTTP/1.1" 404 502 "-" "Mozilla/5.0 (Windows NT 10.0; Win64; x64) AppleWebKit/537.36 (KHTML, like Gecko) Chrome/63.0.3239.132 Safari/537.36"
172.26.33.107 - - [09/Jan/2019:13:41:05 +0100] "GET /wpad.dat HTTP/1.1" 404 502 "-" "WinHttp-Autoproxy-Service/5.1"
164.132.91.1 - - [09/Jan/2019:13:41:45 +0100] "GET / HTTP/1.1" 200 627 "-" "Mozilla/5.0 (compatible; MSIE 9.0; Windows NT 6.0) Opera 12.14"
::1 - - [09/Jan/2019:13:42:16 +0100] "OPTIONS * HTTP/1.0" 200 126 "-" "Apache/2.4.25 (Debian) OpenSSL/1.0.2l mod_wsgi/4.5.11 Python/3.5 (internal dummy connection)"
172.26.39.101 - - [09/Jan/2019:13:42:38 +0100] "GET /wpad.dat HTTP/1.1" 404 502 "-" "WinHttp-Autoproxy-Service/5.1"
172.26.72.220 - - [09/Jan/2019:13:42:54 +0100] "GET /wpad.dat HTTP/1.1" 404 502 "-" "WinHttp-Autoproxy-Service/5.1"
172.26.39.100 - - [09/Jan/2019:13:43:37 +0100] "GET /wpad.dat HTTP/1.1" 404 502 "-" "WinHttp-Autoproxy-Service/5.1"
172.26.39.104 - - [09/Jan/2019:13:44:51 +0100] "GET /wpad.dat HTTP/1.1" 404 502 "-" "WinHttp-Autoproxy-Service/5.1"
172.26.39.104 - - [09/Jan/2019:13:44:52 +0100] "GET /wpad.dat HTTP/1.1" 404 501 "-" "WinHttp-Autoproxy-Service/5.1"
172.26.39.104 - - [09/Jan/2019:13:44:55 +0100] "GET /wpad.dat HTTP/1.1" 404 501 "-" "WinHttp-Autoproxy-Service/5.1"
172.26.39.103 - - [09/Jan/2019:13:44:55 +0100] "GET /wpad.dat HTTP/1.1" 404 502 "-" "WinHttp-Autoproxy-Service/5.1"
172.26.39.103 - - [09/Jan/2019:13:44:56 +0100] "GET /wpad.dat HTTP/1.1" 404 501 "-" "WinHttp-Autoproxy-Service/5.1"
172.26.39.103 - - [09/Jan/2019:13:44:59 +0100] "GET /wpad.dat HTTP/1.1" 404 501 "-" "WinHttp-Autoproxy-Service/5.1"
172.26.39.104 - - [09/Jan/2019:13:45:10 +0100] "GET /wpad.dat HTTP/1.1" 404 502 "-" "WinHttp-Autoproxy-Service/5.1"
172.26.39.103 - - [09/Jan/2019:13:45:14 +0100] "GET /wpad.dat HTTP/1.1" 404 502 "-" "WinHttp-Autoproxy-Service/5.1"
172.26.39.102 - - [09/Jan/2019:13:45:16 +0100] "GET /wpad.dat HTTP/1.1" 404 502 "-" "WinHttp-Autoproxy-Service/5.1"
172.26.39.102 - - [09/Jan/2019:13:45:31 +0100] "GET /wpad.dat HTTP/1.1" 404 502 "-" "WinHttp-Autoproxy-Service/5.1"
172.26.39.104 - - [09/Jan/2019:13:46:10 +0100] "GET /wpad.dat HTTP/1.1" 404 502 "-" "WinHttp-Autoproxy-Service/5.1"
172.26.39.103 - - [09/Jan/2019:13:46:14 +0100] "GET /wpad.dat HTTP/1.1" 404 502 "-" "WinHttp-Autoproxy-Service/5.1"
172.26.39.102 - - [09/Jan/2019:13:46:31 +0100] "GET /wpad.dat HTTP/1.1" 404 502 "-" "WinHttp-Autoproxy-Service/5.1"
172.26.35.100 - - [09/Jan/2019:13:48:13 +0100] "GET /wpad.dat HTTP/1.1" 404 502 "-" "WinHttp-Autoproxy-Service/5.1"
66.249.79.64 - - [09/Jan/2019:13:49:16 +0100] "GET /~willi/Vorlesungen/Prog1/Skripte/Prog1US7.pdf HTTP/1.1" 403 553 "-" "Mozilla/5.0 (Linux; Android 6.0.1; Nexus 5X Build/MMB29P) AppleWebKit/537.36 (KHTML, like Gecko) Chrome/41.0.2272.96 Mobile Safari/537.36 (compatible; Googlebot/2.1; +http://www.google.com/bot.html)"
172.26.36.105 - - [09/Jan/2019:13:49:58 +0100] "GET /wpad.dat HTTP/1.1" 404 502 "-" "WinHttp-Autoproxy-Service/5.1"
::1 - - [09/Jan/2019:13:50:59 +0100] "OPTIONS * HTTP/1.0" 200 126 "-" "Apache/2.4.25 (Debian) OpenSSL/1.0.2l mod_wsgi/4.5.11 Python/3.5 (internal dummy connection)"
172.26.33.107 - - [09/Jan/2019:13:51:05 +0100] "GET /wpad.dat HTTP/1.1" 404 502 "-" "WinHttp-Autoproxy-Service/5.1"
172.26.39.101 - - [09/Jan/2019:13:52:38 +0100] "GET /wpad.dat HTTP/1.1" 404 502 "-" "WinHttp-Autoproxy-Service/5.1"
172.26.72.220 - - [09/Jan/2019:13:52:54 +0100] "GET /wpad.dat HTTP/1.1" 404 502 "-" "WinHttp-Autoproxy-Service/5.1"
172.26.39.100 - - [09/Jan/2019:13:53:37 +0100] "GET /wpad.dat HTTP/1.1" 404 502 "-" "WinHttp-Autoproxy-Service/5.1"
172.26.39.104 - - [09/Jan/2019:13:56:10 +0100] "GET /wpad.dat HTTP/1.1" 404 502 "-" "WinHttp-Autoproxy-Service/5.1"
172.26.39.103 - - [09/Jan/2019:13:56:14 +0100] "GET /wpad.dat HTTP/1.1" 404 502 "-" "WinHttp-Autoproxy-Service/5.1"
172.26.39.107 - - [09/Jan/2019:13:56:21 +0100] "GET /wpad.dat HTTP/1.1" 404 502 "-" "WinHttp-Autoproxy-Service/5.1"
172.26.39.107 - - [09/Jan/2019:13:56:23 +0100] "GET /wpad.dat HTTP/1.1" 404 501 "-" "WinHttp-Autoproxy-Service/5.1"
172.26.39.102 - - [09/Jan/2019:13:56:31 +0100] "GET /wpad.dat HTTP/1.1" 404 502 "-" "WinHttp-Autoproxy-Service/5.1"
172.26.39.107 - - [09/Jan/2019:13:56:38 +0100] "GET /wpad.dat HTTP/1.1" 404 502 "-" "WinHttp-Autoproxy-Service/5.1"
66.249.79.64 - - [09/Jan/2019:13:57:30 +0100] "GET /~willi/Projects/CG/CarreraCV/doku/intrinsisch/imgs/rc.jpg HTTP/1.1" 403 565 "-" "Googlebot-Image/1.0"
172.26.39.107 - - [09/Jan/2019:13:57:38 +0100] "GET /wpad.dat HTTP/1.1" 404 502 "-" "WinHttp-Autoproxy-Service/5.1"
172.26.35.100 - - [09/Jan/2019:13:58:13 +0100] "GET /wpad.dat HTTP/1.1" 404 502 "-" "WinHttp-Autoproxy-Service/5.1"
66.249.79.94 - - [09/Jan/2019:13:59:34 +0100] "GET /~willi/Vorlesungen/Prog1/Skripte/Prog1US8.pdf HTTP/1.1" 403 553 "-" "Mozilla/5.0 (Linux; Android 6.0.1; Nexus 5X Build/MMB29P) AppleWebKit/537.36 (KHTML, like Gecko) Chrome/41.0.2272.96 Mobile Safari/537.36 (compatible; Googlebot/2.1; +http://www.google.com/bot.html)"
172.26.36.105 - - [09/Jan/2019:13:59:58 +0100] "GET /wpad.dat HTTP/1.1" 404 502 "-" "WinHttp-Autoproxy-Service/5.1"
::1 - - [09/Jan/2019:14:00:14 +0100] "OPTIONS * HTTP/1.0" 200 126 "-" "Apache/2.4.25 (Debian) OpenSSL/1.0.2l mod_wsgi/4.5.11 Python/3.5 (internal dummy connection)"
172.26.33.107 - - [09/Jan/2019:14:01:05 +0100] "GET /wpad.dat HTTP/1.1" 404 502 "-" "WinHttp-Autoproxy-Service/5.1"
::1 - - [09/Jan/2019:14:01:25 +0100] "OPTIONS * HTTP/1.0" 200 126 "-" "Apache/2.4.25 (Debian) OpenSSL/1.0.2l mod_wsgi/4.5.11 Python/3.5 (internal dummy connection)"
172.26.33.99 - - [09/Jan/2019:14:01:52 +0100] "GET /wpad.dat HTTP/1.1" 404 502 "-" "-"
172.26.33.99 - - [09/Jan/2019:14:01:53 +0100] "GET /wpad.dat HTTP/1.1" 404 501 "-" "-"
172.26.39.101 - - [09/Jan/2019:14:02:38 +0100] "GET /wpad.dat HTTP/1.1" 404 502 "-" "WinHttp-Autoproxy-Service/5.1"
172.26.72.220 - - [09/Jan/2019:14:02:54 +0100] "GET /wpad.dat HTTP/1.1" 404 502 "-" "WinHttp-Autoproxy-Service/5.1"
172.26.39.100 - - [09/Jan/2019:14:03:37 +0100] "GET /wpad.dat HTTP/1.1" 404 502 "-" "WinHttp-Autoproxy-Service/5.1"
172.26.39.104 - - [09/Jan/2019:14:03:41 +0100] "GET /portal HTTP/1.1" 301 561 "-" "Mozilla/5.0 (Windows NT 10.0; Win64; x64) AppleWebKit/537.36 (KHTML, like Gecko) Chrome/52.0.2743.116 Safari/537.36 Edge/15.15063"
172.26.39.104 - - [09/Jan/2019:14:03:41 +0100] "GET /portal/ HTTP/1.1" 302 549 "-" "Mozilla/5.0 (Windows NT 10.0; Win64; x64) AppleWebKit/537.36 (KHTML, like Gecko) Chrome/52.0.2743.116 Safari/537.36 Edge/15.15063"
::1 - - [09/Jan/2019:14:03:51 +0100] "OPTIONS * HTTP/1.0" 200 126 "-" "Apache/2.4.25 (Debian) OpenSSL/1.0.2l mod_wsgi/4.5.11 Python/3.5 (internal dummy connection)"
::1 - - [09/Jan/2019:14:03:54 +0100] "OPTIONS * HTTP/1.0" 200 126 "-" "Apache/2.4.25 (Debian) OpenSSL/1.0.2l mod_wsgi/4.5.11 Python/3.5 (internal dummy connection)"
::1 - - [09/Jan/2019:14:04:04 +0100] "OPTIONS * HTTP/1.0" 200 126 "-" "Apache/2.4.25 (Debian) OpenSSL/1.0.2l mod_wsgi/4.5.11 Python/3.5 (internal dummy connection)"
172.26.39.104 - - [09/Jan/2019:14:04:33 +0100] "-" 408 0 "-" "-"
172.26.38.110 - - [09/Jan/2019:14:04:34 +0100] "GET /wpad.dat HTTP/1.1" 404 502 "-" "WinHttp-Autoproxy-Service/5.1"
172.26.38.110 - - [09/Jan/2019:14:04:34 +0100] "GET /wpad.dat HTTP/1.1" 404 501 "-" "WinHttp-Autoproxy-Service/5.1"
172.26.38.110 - - [09/Jan/2019:14:04:43 +0100] "GET /wpad.dat HTTP/1.1" 404 502 "-" "WinHttp-Autoproxy-Service/5.1"
172.26.38.110 - - [09/Jan/2019:14:04:58 +0100] "GET /wpad.dat HTTP/1.1" 404 502 "-" "WinHttp-Autoproxy-Service/5.1"
172.26.38.110 - - [09/Jan/2019:14:05:09 +0100] "GET /wpad.dat HTTP/1.1" 404 502 "-" "Mozilla/5.0 (Windows NT 10.0; Win64; x64) AppleWebKit/537.36 (KHTML, like Gecko) Chrome/63.0.3239.84 Safari/537.36"
172.26.38.110 - - [09/Jan/2019:14:05:09 +0100] "GET /wpad.dat HTTP/1.1" 404 502 "-" "Mozilla/5.0 (Windows NT 10.0; Win64; x64) AppleWebKit/537.36 (KHTML, like Gecko) Chrome/63.0.3239.84 Safari/537.36"
172.26.38.110 - - [09/Jan/2019:14:05:17 +0100] "GET /wpad.dat HTTP/1.1" 404 502 "-" "Mozilla/5.0 (Windows NT 10.0; Win64; x64) AppleWebKit/537.36 (KHTML, like Gecko) Chrome/63.0.3239.84 Safari/537.36"
172.26.38.110 - - [09/Jan/2019:14:05:19 +0100] "GET /wpad.dat HTTP/1.1" 404 502 "-" "Mozilla/5.0 (Windows NT 10.0; Win64; x64) AppleWebKit/537.36 (KHTML, like Gecko) Chrome/63.0.3239.84 Safari/537.36"
172.26.38.110 - - [09/Jan/2019:14:05:51 +0100] "GET /wpad.dat HTTP/1.1" 404 502 "-" "Mozilla/5.0 (Windows NT 10.0; Win64; x64) AppleWebKit/537.36 (KHTML, like Gecko) Chrome/63.0.3239.84 Safari/537.36"
172.26.38.110 - - [09/Jan/2019:14:05:58 +0100] "GET /wpad.dat HTTP/1.1" 404 502 "-" "WinHttp-Autoproxy-Service/5.1"
172.26.38.110 - - [09/Jan/2019:14:06:08 +0100] "GET /wpad.dat HTTP/1.1" 404 502 "-" "Mozilla/5.0 (Windows NT 10.0; Win64; x64) AppleWebKit/537.36 (KHTML, like Gecko) Chrome/63.0.3239.84 Safari/537.36"
172.26.39.104 - - [09/Jan/2019:14:06:10 +0100] "GET /wpad.dat HTTP/1.1" 404 502 "-" "WinHttp-Autoproxy-Service/5.1"
172.26.39.103 - - [09/Jan/2019:14:06:14 +0100] "GET /wpad.dat HTTP/1.1" 404 502 "-" "WinHttp-Autoproxy-Service/5.1"
172.26.39.102 - - [09/Jan/2019:14:06:31 +0100] "GET /wpad.dat HTTP/1.1" 404 502 "-" "WinHttp-Autoproxy-Service/5.1"
172.26.39.107 - - [09/Jan/2019:14:07:38 +0100] "GET /wpad.dat HTTP/1.1" 404 502 "-" "WinHttp-Autoproxy-Service/5.1"
172.26.35.100 - - [09/Jan/2019:14:08:13 +0100] "GET /wpad.dat HTTP/1.1" 404 502 "-" "WinHttp-Autoproxy-Service/5.1"
172.26.39.108 - - [09/Jan/2019:14:09:46 +0100] "GET /wpad.dat HTTP/1.1" 404 502 "-" "WinHttp-Autoproxy-Service/5.1"
172.26.39.108 - - [09/Jan/2019:14:09:47 +0100] "GET /wpad.dat HTTP/1.1" 404 501 "-" "WinHttp-Autoproxy-Service/5.1"
172.26.36.105 - - [09/Jan/2019:14:09:58 +0100] "GET /wpad.dat HTTP/1.1" 404 502 "-" "WinHttp-Autoproxy-Service/5.1"
172.26.39.108 - - [09/Jan/2019:14:10:02 +0100] "GET /wpad.dat HTTP/1.1" 404 502 "-" "WinHttp-Autoproxy-Service/5.1"
172.26.47.236 - - [09/Jan/2019:14:10:03 +0100] "GET / HTTP/1.0" 200 627 "-" "check_http/v2.2 (monitoring-plugins 2.2)"
172.26.39.107 - - [09/Jan/2019:14:10:06 +0100] "GET /wpad.dat HTTP/1.1" 404 502 "-" "Mozilla/5.0 (Windows NT 10.0; Win64; x64) AppleWebKit/537.36 (KHTML, like Gecko) Chrome/63.0.3239.132 Safari/537.36"
172.26.39.107 - - [09/Jan/2019:14:10:14 +0100] "GET /wpad.dat HTTP/1.1" 404 502 "-" "Mozilla/5.0 (Windows NT 10.0; Win64; x64) AppleWebKit/537.36 (KHTML, like Gecko) Chrome/63.0.3239.132 Safari/537.36"
172.26.39.107 - - [09/Jan/2019:14:10:14 +0100] "GET /wpad.dat HTTP/1.1" 404 502 "-" "Mozilla/5.0 (Windows NT 10.0; Win64; x64) AppleWebKit/537.36 (KHTML, like Gecko) Chrome/63.0.3239.132 Safari/537.36"
172.26.39.107 - - [09/Jan/2019:14:10:48 +0100] "GET /wpad.dat HTTP/1.1" 404 502 "-" "Mozilla/5.0 (Windows NT 10.0; Win64; x64) AppleWebKit/537.36 (KHTML, like Gecko) Chrome/63.0.3239.132 Safari/537.36"
172.26.39.107 - - [09/Jan/2019:14:10:57 +0100] "GET /wpad.dat HTTP/1.1" 404 502 "-" "Mozilla/5.0 (Windows NT 10.0; Win64; x64) AppleWebKit/537.36 (KHTML, like Gecko) Chrome/63.0.3239.132 Safari/537.36"
172.26.39.108 - - [09/Jan/2019:14:11:02 +0100] "GET /wpad.dat HTTP/1.1" 404 502 "-" "WinHttp-Autoproxy-Service/5.1"
172.26.33.107 - - [09/Jan/2019:14:11:05 +0100] "GET /wpad.dat HTTP/1.1" 404 502 "-" "WinHttp-Autoproxy-Service/5.1"
172.26.39.103 - - [09/Jan/2019:14:11:25 +0100] "GET /wpad.dat HTTP/1.1" 404 502 "-" "WinHttp-Autoproxy-Service/5.1"
172.26.39.103 - - [09/Jan/2019:14:11:27 +0100] "GET /wpad.dat HTTP/1.1" 404 501 "-" "WinHttp-Autoproxy-Service/5.1"
172.26.39.107 - - [09/Jan/2019:14:11:29 +0100] "GET /portal HTTP/1.1" 301 561 "-" "Mozilla/5.0 (Windows NT 10.0; Win64; x64) AppleWebKit/537.36 (KHTML, like Gecko) Chrome/63.0.3239.132 Safari/537.36"
172.26.39.107 - - [09/Jan/2019:14:11:29 +0100] "GET /portal/ HTTP/1.1" 302 549 "-" "Mozilla/5.0 (Windows NT 10.0; Win64; x64) AppleWebKit/537.36 (KHTML, like Gecko) Chrome/63.0.3239.132 Safari/537.36"
::1 - - [09/Jan/2019:14:11:36 +0100] "OPTIONS * HTTP/1.0" 200 126 "-" "Apache/2.4.25 (Debian) OpenSSL/1.0.2l mod_wsgi/4.5.11 Python/3.5 (internal dummy connection)"
::1 - - [09/Jan/2019:14:11:37 +0100] "OPTIONS * HTTP/1.0" 200 126 "-" "Apache/2.4.25 (Debian) OpenSSL/1.0.2l mod_wsgi/4.5.11 Python/3.5 (internal dummy connection)"
172.26.39.103 - - [09/Jan/2019:14:11:42 +0100] "GET /wpad.dat HTTP/1.1" 404 502 "-" "WinHttp-Autoproxy-Service/5.1"
::1 - - [09/Jan/2019:14:11:48 +0100] "OPTIONS * HTTP/1.0" 200 126 "-" "Apache/2.4.25 (Debian) OpenSSL/1.0.2l mod_wsgi/4.5.11 Python/3.5 (internal dummy connection)"
66.249.79.64 - - [09/Jan/2019:14:12:31 +0100] "GET /~willi/Projects/CG/CarreraCV/doku/intrinsisch/imgs/rv.jpg HTTP/1.1" 403 565 "-" "Googlebot-Image/1.0"
::1 - - [09/Jan/2019:14:12:39 +0100] "OPTIONS * HTTP/1.0" 200 126 "-" "Apache/2.4.25 (Debian) OpenSSL/1.0.2l mod_wsgi/4.5.11 Python/3.5 (internal dummy connection)"
::1 - - [09/Jan/2019:14:12:40 +0100] "OPTIONS * HTTP/1.0" 200 126 "-" "Apache/2.4.25 (Debian) OpenSSL/1.0.2l mod_wsgi/4.5.11 Python/3.5 (internal dummy connection)"
172.26.39.107 - - [09/Jan/2019:14:12:49 +0100] "GET /wpad.dat HTTP/1.1" 404 502 "-" "Mozilla/5.0 (Windows NT 10.0; Win64; x64) AppleWebKit/537.36 (KHTML, like Gecko) Chrome/63.0.3239.132 Safari/537.36"
172.26.72.220 - - [09/Jan/2019:14:12:54 +0100] "GET /wpad.dat HTTP/1.1" 404 502 "-" "WinHttp-Autoproxy-Service/5.1"
::1 - - [09/Jan/2019:14:13:01 +0100] "OPTIONS * HTTP/1.0" 200 126 "-" "Apache/2.4.25 (Debian) OpenSSL/1.0.2l mod_wsgi/4.5.11 Python/3.5 (internal dummy connection)"
::1 - - [09/Jan/2019:14:13:02 +0100] "OPTIONS * HTTP/1.0" 200 126 "-" "Apache/2.4.25 (Debian) OpenSSL/1.0.2l mod_wsgi/4.5.11 Python/3.5 (internal dummy connection)"
172.26.39.110 - - [09/Jan/2019:14:14:05 +0100] "GET /wpad.dat HTTP/1.1" 404 502 "-" "WinHttp-Autoproxy-Service/5.1"
172.26.39.110 - - [09/Jan/2019:14:14:05 +0100] "GET /wpad.dat HTTP/1.1" 404 501 "-" "WinHttp-Autoproxy-Service/5.1"
172.26.39.110 - - [09/Jan/2019:14:14:08 +0100] "GET /wpad.dat HTTP/1.1" 404 501 "-" "WinHttp-Autoproxy-Service/5.1"
172.26.39.110 - - [09/Jan/2019:14:14:23 +0100] "GET /wpad.dat HTTP/1.1" 404 502 "-" "WinHttp-Autoproxy-Service/5.1"
172.26.38.110 - - [09/Jan/2019:14:14:58 +0100] "GET /wpad.dat HTTP/1.1" 404 502 "-" "WinHttp-Autoproxy-Service/5.1"
172.26.38.110 - - [09/Jan/2019:14:14:59 +0100] "GET /wpad.dat HTTP/1.1" 404 501 "-" "WinHttp-Autoproxy-Service/5.1"
172.26.38.110 - - [09/Jan/2019:14:15:01 +0100] "GET /wpad.dat HTTP/1.1" 404 501 "-" "WinHttp-Autoproxy-Service/5.1"
172.26.38.110 - - [09/Jan/2019:14:15:16 +0100] "GET /wpad.dat HTTP/1.1" 404 502 "-" "WinHttp-Autoproxy-Service/5.1"
172.26.38.111 - - [09/Jan/2019:14:15:19 +0100] "GET /wpad.dat HTTP/1.1" 404 502 "-" "WinHttp-Autoproxy-Service/5.1"
172.26.39.110 - - [09/Jan/2019:14:15:23 +0100] "GET /wpad.dat HTTP/1.1" 404 502 "-" "WinHttp-Autoproxy-Service/5.1"
172.26.38.111 - - [09/Jan/2019:14:15:34 +0100] "GET /wpad.dat HTTP/1.1" 404 502 "-" "WinHttp-Autoproxy-Service/5.1"
5.255.251.12 - - [09/Jan/2019:14:16:01 +0100] "GET /robots.txt HTTP/1.1" 200 318 "-" "Mozilla/5.0 (compatible; YandexBot/3.0; +http://yandex.com/bots)"
87.250.233.71 - - [09/Jan/2019:14:16:05 +0100] "GET / HTTP/1.1" 200 585 "-" "Mozilla/5.0 (compatible; YandexBot/3.0; +http://yandex.com/bots)"
172.26.39.107 - - [09/Jan/2019:14:16:06 +0100] "GET /wpad.dat HTTP/1.1" 404 502 "-" "Mozilla/5.0 (Windows NT 10.0; Win64; x64) AppleWebKit/537.36 (KHTML, like Gecko) Chrome/63.0.3239.132 Safari/537.36"
172.26.39.104 - - [09/Jan/2019:14:16:10 +0100] "GET /wpad.dat HTTP/1.1" 404 502 "-" "WinHttp-Autoproxy-Service/5.1"
172.26.38.110 - - [09/Jan/2019:14:16:16 +0100] "GET /wpad.dat HTTP/1.1" 404 502 "-" "WinHttp-Autoproxy-Service/5.1"
172.26.39.102 - - [09/Jan/2019:14:16:31 +0100] "GET /wpad.dat HTTP/1.1" 404 502 "-" "WinHttp-Autoproxy-Service/5.1"
172.26.38.111 - - [09/Jan/2019:14:16:34 +0100] "GET /wpad.dat HTTP/1.1" 404 502 "-" "WinHttp-Autoproxy-Service/5.1"
::1 - - [09/Jan/2019:14:17:03 +0100] "OPTIONS * HTTP/1.0" 200 126 "-" "Apache/2.4.25 (Debian) OpenSSL/1.0.2l mod_wsgi/4.5.11 Python/3.5 (internal dummy connection)"
172.26.39.108 - - [09/Jan/2019:14:17:18 +0100] "GET /wpad.dat HTTP/1.1" 404 502 "-" "WinHttp-Autoproxy-Service/5.1"
172.26.39.108 - - [09/Jan/2019:14:17:19 +0100] "GET /wpad.dat HTTP/1.1" 404 501 "-" "WinHttp-Autoproxy-Service/5.1"
172.26.39.108 - - [09/Jan/2019:14:17:34 +0100] "GET /wpad.dat HTTP/1.1" 404 502 "-" "WinHttp-Autoproxy-Service/5.1"
172.26.39.107 - - [09/Jan/2019:14:17:38 +0100] "GET /wpad.dat HTTP/1.1" 404 502 "-" "WinHttp-Autoproxy-Service/5.1"
172.26.35.100 - - [09/Jan/2019:14:18:13 +0100] "GET /wpad.dat HTTP/1.1" 404 502 "-" "WinHttp-Autoproxy-Service/5.1"
172.26.39.108 - - [09/Jan/2019:14:18:34 +0100] "GET /wpad.dat HTTP/1.1" 404 502 "-" "WinHttp-Autoproxy-Service/5.1"
172.26.38.110 - - [09/Jan/2019:14:18:58 +0100] "GET /wpad.dat HTTP/1.1" 404 502 "-" "Mozilla/5.0 (Windows NT 10.0; Win64; x64) AppleWebKit/537.36 (KHTML, like Gecko) GitKraken/3.3.0 Chrome/56.0.2924.87 Electron/1.6.11 Safari/537.36"
172.26.38.110 - - [09/Jan/2019:14:19:06 +0100] "GET /wpad.dat HTTP/1.1" 404 502 "-" "Mozilla/5.0 (Windows NT 10.0; Win64; x64) AppleWebKit/537.36 (KHTML, like Gecko) GitKraken/3.3.0 Chrome/56.0.2924.87 Electron/1.6.11 Safari/537.36"
172.26.38.110 - - [09/Jan/2019:14:19:46 +0100] "GET /wpad.dat HTTP/1.1" 404 502 "-" "Mozilla/5.0 (Windows NT 10.0; Win64; x64) AppleWebKit/537.36 (KHTML, like Gecko) GitKraken/3.3.0 Chrome/56.0.2924.87 Electron/1.6.11 Safari/537.36"
172.26.36.105 - - [09/Jan/2019:14:19:58 +0100] "GET /wpad.dat HTTP/1.1" 404 502 "-" "WinHttp-Autoproxy-Service/5.1"
172.26.38.111 - - [09/Jan/2019:14:20:03 +0100] "GET /wpad.dat HTTP/1.1" 404 502 "-" "Mozilla/5.0 (Windows NT 10.0; Win64; x64) AppleWebKit/537.36 (KHTML, like Gecko) GitKraken/3.3.0 Chrome/56.0.2924.87 Electron/1.6.11 Safari/537.36"
172.26.38.111 - - [09/Jan/2019:14:20:11 +0100] "GET /wpad.dat HTTP/1.1" 404 502 "-" "Mozilla/5.0 (Windows NT 10.0; Win64; x64) AppleWebKit/537.36 (KHTML, like Gecko) GitKraken/3.3.0 Chrome/56.0.2924.87 Electron/1.6.11 Safari/537.36"
172.26.38.111 - - [09/Jan/2019:14:20:49 +0100] "GET /wpad.dat HTTP/1.1" 404 502 "-" "Mozilla/5.0 (Windows NT 10.0; Win64; x64) AppleWebKit/537.36 (KHTML, like Gecko) GitKraken/3.3.0 Chrome/56.0.2924.87 Electron/1.6.11 Safari/537.36"
172.26.33.107 - - [09/Jan/2019:14:21:05 +0100] "GET /wpad.dat HTTP/1.1" 404 502 "-" "WinHttp-Autoproxy-Service/5.1"
172.26.38.110 - - [09/Jan/2019:14:21:59 +0100] "GET /wpad.dat HTTP/1.1" 404 502 "-" "Mozilla/5.0 (Windows NT 10.0; Win64; x64) AppleWebKit/537.36 (KHTML, like Gecko) GitKraken/3.3.0 Chrome/56.0.2924.87 Electron/1.6.11 Safari/537.36"
172.26.72.220 - - [09/Jan/2019:14:22:54 +0100] "GET /wpad.dat HTTP/1.1" 404 502 "-" "WinHttp-Autoproxy-Service/5.1"
172.26.38.111 - - [09/Jan/2019:14:23:07 +0100] "GET /wpad.dat HTTP/1.1" 404 502 "-" "Mozilla/5.0 (Windows NT 10.0; Win64; x64) AppleWebKit/537.36 (KHTML, like Gecko) GitKraken/3.3.0 Chrome/56.0.2924.87 Electron/1.6.11 Safari/537.36"
172.26.38.111 - - [09/Jan/2019:14:23:46 +0100] "GET /wpad.dat HTTP/1.1" 404 502 "-" "Mozilla/5.0 (Windows NT 10.0; Win64; x64) AppleWebKit/537.36 (KHTML, like Gecko) GitKraken/3.3.0 Chrome/56.0.2924.87 Electron/1.6.11 Safari/537.36"
172.26.38.111 - - [09/Jan/2019:14:23:54 +0100] "GET /wpad.dat HTTP/1.1" 404 502 "-" "Mozilla/5.0 (Windows NT 10.0; Win64; x64) AppleWebKit/537.36 (KHTML, like Gecko) GitKraken/3.3.0 Chrome/56.0.2924.87 Electron/1.6.11 Safari/537.36"
172.26.38.111 - - [09/Jan/2019:14:24:47 +0100] "GET /wpad.dat HTTP/1.1" 404 502 "-" "Mozilla/5.0 (Windows NT 10.0; Win64; x64) AppleWebKit/537.36 (KHTML, like Gecko) GitKraken/3.3.0 Chrome/56.0.2924.87 Electron/1.6.11 Safari/537.36"
172.26.39.104 - - [09/Jan/2019:14:26:10 +0100] "GET /wpad.dat HTTP/1.1" 404 502 "-" "WinHttp-Autoproxy-Service/5.1"
172.26.38.110 - - [09/Jan/2019:14:26:16 +0100] "GET /wpad.dat HTTP/1.1" 404 502 "-" "WinHttp-Autoproxy-Service/5.1"
172.26.39.102 - - [09/Jan/2019:14:26:31 +0100] "GET /wpad.dat HTTP/1.1" 404 502 "-" "WinHttp-Autoproxy-Service/5.1"
172.26.38.111 - - [09/Jan/2019:14:26:34 +0100] "GET /wpad.dat HTTP/1.1" 404 502 "-" "WinHttp-Autoproxy-Service/5.1"
172.26.39.107 - - [09/Jan/2019:14:27:38 +0100] "GET /wpad.dat HTTP/1.1" 404 502 "-" "WinHttp-Autoproxy-Service/5.1"
172.26.38.111 - - [09/Jan/2019:14:27:47 +0100] "GET /wpad.dat HTTP/1.1" 404 502 "-" "Mozilla/5.0 (Windows NT 10.0; Win64; x64) AppleWebKit/537.36 (KHTML, like Gecko) GitKraken/3.3.0 Chrome/56.0.2924.87 Electron/1.6.11 Safari/537.36"
207.46.13.108 - - [09/Jan/2019:14:27:51 +0100] "GET /~hoerdur/mobile/ws0708/8F1A01DDDC46667D81A54AF4C91AC5F0_00000.temp0039.htm HTTP/1.1" 403 579 "-" "Mozilla/5.0 (compatible; bingbot/2.0; +http://www.bing.com/bingbot.htm)"
172.26.35.100 - - [09/Jan/2019:14:28:13 +0100] "GET /wpad.dat HTTP/1.1" 404 502 "-" "WinHttp-Autoproxy-Service/5.1"
172.26.39.108 - - [09/Jan/2019:14:28:34 +0100] "GET /wpad.dat HTTP/1.1" 404 502 "-" "WinHttp-Autoproxy-Service/5.1"
172.26.36.105 - - [09/Jan/2019:14:29:58 +0100] "GET /wpad.dat HTTP/1.1" 404 502 "-" "WinHttp-Autoproxy-Service/5.1"
172.26.33.99 - - [09/Jan/2019:14:30:17 +0100] "GET /wpad.dat HTTP/1.1" 404 446 "-" "Mozilla/5.0 (compatible; IE 11.0; Win32; Trident/7.0)"
172.26.39.110 - - [09/Jan/2019:14:30:21 +0100] "GET /wpad.dat HTTP/1.1" 404 502 "-" "WinHttp-Autoproxy-Service/5.1"
172.26.39.110 - - [09/Jan/2019:14:30:23 +0100] "GET /wpad.dat HTTP/1.1" 404 501 "-" "WinHttp-Autoproxy-Service/5.1"
66.249.79.64 - - [09/Jan/2019:14:30:25 +0100] "GET /anreise/Anfahrt_UDE.pdf HTTP/1.1" 304 183 "-" "Mozilla/5.0 (compatible; Googlebot/2.1; +http://www.google.com/bot.html)"
172.26.39.110 - - [09/Jan/2019:14:30:38 +0100] "GET /wpad.dat HTTP/1.1" 404 502 "-" "WinHttp-Autoproxy-Service/5.1"
172.26.33.107 - - [09/Jan/2019:14:31:05 +0100] "GET /wpad.dat HTTP/1.1" 404 502 "-" "WinHttp-Autoproxy-Service/5.1"
172.26.39.110 - - [09/Jan/2019:14:31:38 +0100] "GET /wpad.dat HTTP/1.1" 404 502 "-" "WinHttp-Autoproxy-Service/5.1"
172.26.39.108 - - [09/Jan/2019:14:31:49 +0100] "GET /wpad.dat HTTP/1.1" 404 502 "-" "Mozilla/5.0 (Windows NT 10.0; Win64; x64) AppleWebKit/537.36 (KHTML, like Gecko) Chrome/63.0.3239.132 Safari/537.36"
172.26.39.108 - - [09/Jan/2019:14:31:58 +0100] "GET /wpad.dat HTTP/1.1" 404 502 "-" "Mozilla/5.0 (Windows NT 10.0; Win64; x64) AppleWebKit/537.36 (KHTML, like Gecko) Chrome/63.0.3239.132 Safari/537.36"
172.26.39.108 - - [09/Jan/2019:14:31:58 +0100] "GET /wpad.dat HTTP/1.1" 404 502 "-" "Mozilla/5.0 (Windows NT 10.0; Win64; x64) AppleWebKit/537.36 (KHTML, like Gecko) Chrome/63.0.3239.132 Safari/537.36"
172.26.39.108 - - [09/Jan/2019:14:32:29 +0100] "GET /wpad.dat HTTP/1.1" 404 502 "-" "Mozilla/5.0 (Windows NT 10.0; Win64; x64) AppleWebKit/537.36 (KHTML, like Gecko) Chrome/63.0.3239.132 Safari/537.36"
172.26.39.108 - - [09/Jan/2019:14:32:39 +0100] "GET /wpad.dat HTTP/1.1" 404 502 "-" "Mozilla/5.0 (Windows NT 10.0; Win64; x64) AppleWebKit/537.36 (KHTML, like Gecko) Chrome/63.0.3239.132 Safari/537.36"
::1 - - [09/Jan/2019:14:32:40 +0100] "OPTIONS * HTTP/1.0" 200 126 "-" "Apache/2.4.25 (Debian) OpenSSL/1.0.2l mod_wsgi/4.5.11 Python/3.5 (internal dummy connection)"
::1 - - [09/Jan/2019:14:32:44 +0100] "OPTIONS * HTTP/1.0" 200 126 "-" "Apache/2.4.25 (Debian) OpenSSL/1.0.2l mod_wsgi/4.5.11 Python/3.5 (internal dummy connection)"
::1 - - [09/Jan/2019:14:32:46 +0100] "OPTIONS * HTTP/1.0" 200 126 "-" "Apache/2.4.25 (Debian) OpenSSL/1.0.2l mod_wsgi/4.5.11 Python/3.5 (internal dummy connection)"
172.26.72.220 - - [09/Jan/2019:14:32:54 +0100] "GET /wpad.dat HTTP/1.1" 404 502 "-" "WinHttp-Autoproxy-Service/5.1"
::1 - - [09/Jan/2019:14:33:02 +0100] "OPTIONS * HTTP/1.0" 200 126 "-" "Apache/2.4.25 (Debian) OpenSSL/1.0.2l mod_wsgi/4.5.11 Python/3.5 (internal dummy connection)"
::1 - - [09/Jan/2019:14:33:25 +0100] "OPTIONS * HTTP/1.0" 200 126 "-" "Apache/2.4.25 (Debian) OpenSSL/1.0.2l mod_wsgi/4.5.11 Python/3.5 (internal dummy connection)"
172.26.33.99 - - [09/Jan/2019:14:34:28 +0100] "GET /wpad.dat HTTP/1.1" 404 446 "-" "Mozilla/5.0 (compatible; IE 11.0; Win32; Trident/7.0)"
172.26.33.99 - - [09/Jan/2019:14:34:34 +0100] "GET /wpad.dat HTTP/1.1" 404 446 "-" "Mozilla/5.0 (compatible; IE 11.0; Win32; Trident/7.0)"
172.26.39.104 - - [09/Jan/2019:14:36:10 +0100] "GET /wpad.dat HTTP/1.1" 404 502 "-" "WinHttp-Autoproxy-Service/5.1"
172.26.38.110 - - [09/Jan/2019:14:36:16 +0100] "GET /wpad.dat HTTP/1.1" 404 502 "-" "WinHttp-Autoproxy-Service/5.1"
172.26.39.102 - - [09/Jan/2019:14:36:31 +0100] "GET /wpad.dat HTTP/1.1" 404 502 "-" "WinHttp-Autoproxy-Service/5.1"
172.26.38.111 - - [09/Jan/2019:14:36:34 +0100] "GET /wpad.dat HTTP/1.1" 404 502 "-" "WinHttp-Autoproxy-Service/5.1"
172.26.39.108 - - [09/Jan/2019:14:37:02 +0100] "GET /wpad.dat HTTP/1.1" 404 502 "-" "Mozilla/5.0 (Windows NT 10.0; Win64; x64) AppleWebKit/537.36 (KHTML, like Gecko) Chrome/63.0.3239.132 Safari/537.36"
172.26.39.107 - - [09/Jan/2019:14:37:38 +0100] "GET /wpad.dat HTTP/1.1" 404 502 "-" "WinHttp-Autoproxy-Service/5.1"
172.26.39.108 - - [09/Jan/2019:14:37:48 +0100] "GET /wpad.dat HTTP/1.1" 404 502 "-" "Mozilla/5.0 (Windows NT 10.0; Win64; x64) AppleWebKit/537.36 (KHTML, like Gecko) Chrome/63.0.3239.132 Safari/537.36"
::1 - - [09/Jan/2019:14:38:11 +0100] "OPTIONS * HTTP/1.0" 200 126 "-" "Apache/2.4.25 (Debian) OpenSSL/1.0.2l mod_wsgi/4.5.11 Python/3.5 (internal dummy connection)"
::1 - - [09/Jan/2019:14:38:12 +0100] "OPTIONS * HTTP/1.0" 200 126 "-" "Apache/2.4.25 (Debian) OpenSSL/1.0.2l mod_wsgi/4.5.11 Python/3.5 (internal dummy connection)"
172.26.35.100 - - [09/Jan/2019:14:38:13 +0100] "GET /wpad.dat HTTP/1.1" 404 502 "-" "WinHttp-Autoproxy-Service/5.1"
::1 - - [09/Jan/2019:14:38:19 +0100] "OPTIONS * HTTP/1.0" 200 126 "-" "Apache/2.4.25 (Debian) OpenSSL/1.0.2l mod_wsgi/4.5.11 Python/3.5 (internal dummy connection)"
172.26.39.108 - - [09/Jan/2019:14:38:34 +0100] "GET /wpad.dat HTTP/1.1" 404 502 "-" "WinHttp-Autoproxy-Service/5.1"
172.26.36.105 - - [09/Jan/2019:14:39:58 +0100] "GET /wpad.dat HTTP/1.1" 404 502 "-" "WinHttp-Autoproxy-Service/5.1"
66.249.79.92 - - [09/Jan/2019:14:40:42 +0100] "GET /medieninformatik_flyer.pdf HTTP/1.1" 304 183 "-" "Mozilla/5.0 (compatible; Googlebot/2.1; +http://www.google.com/bot.html)"
172.26.33.107 - - [09/Jan/2019:14:41:05 +0100] "GET /wpad.dat HTTP/1.1" 404 502 "-" "WinHttp-Autoproxy-Service/5.1"
172.26.39.110 - - [09/Jan/2019:14:41:38 +0100] "GET /wpad.dat HTTP/1.1" 404 502 "-" "WinHttp-Autoproxy-Service/5.1"
::1 - - [09/Jan/2019:14:42:30 +0100] "OPTIONS * HTTP/1.0" 200 126 "-" "Apache/2.4.25 (Debian) OpenSSL/1.0.2l mod_wsgi/4.5.11 Python/3.5 (internal dummy connection)"
172.26.72.220 - - [09/Jan/2019:14:42:54 +0100] "GET /wpad.dat HTTP/1.1" 404 502 "-" "WinHttp-Autoproxy-Service/5.1"
172.26.39.104 - - [09/Jan/2019:14:46:10 +0100] "GET /wpad.dat HTTP/1.1" 404 502 "-" "WinHttp-Autoproxy-Service/5.1"
172.26.38.110 - - [09/Jan/2019:14:46:16 +0100] "GET /wpad.dat HTTP/1.1" 404 502 "-" "WinHttp-Autoproxy-Service/5.1"
