66.249.79.94 - - [09/Jan/2019:02:52:42 +0100] "GET /~willi/Vorlesungen/Prog1/Skripte/Prog1US9.pdf HTTP/1.1" 403 553 "-" "Mozilla/5.0 (compatible; Googlebot/2.1; +http://www.google.com/bot.html)"
172.26.72.220 - - [09/Jan/2019:02:52:54 +0100] "GET /wpad.dat HTTP/1.1" 404 502 "-" "WinHttp-Autoproxy-Service/5.1"
172.26.37.100 - - [09/Jan/2019:02:53:01 +0100] "GET /wpad.dat HTTP/1.1" 404 502 "-" "WinHttp-Autoproxy-Service/5.1"
172.26.35.115 - - [09/Jan/2019:02:56:34 +0100] "GET /wpad.dat HTTP/1.1" 404 502 "-" "WinHttp-Autoproxy-Service/5.1"
172.26.35.114 - - [09/Jan/2019:02:57:12 +0100] "GET /wpad.dat HTTP/1.1" 404 502 "-" "WinHttp-Autoproxy-Service/5.1"
172.26.36.105 - - [09/Jan/2019:02:59:56 +0100] "GET /wpad.dat HTTP/1.1" 404 502 "-" "WinHttp-Autoproxy-Service/5.1"
172.26.33.107 - - [09/Jan/2019:03:00:06 +0100] "GET /wpad.dat HTTP/1.1" 404 502 "-" "WinHttp-Autoproxy-Service/5.1"
172.26.72.220 - - [09/Jan/2019:03:02:54 +0100] "GET /wpad.dat HTTP/1.1" 404 502 "-" "WinHttp-Autoproxy-Service/5.1"
172.26.37.100 - - [09/Jan/2019:03:03:01 +0100] "GET /wpad.dat HTTP/1.1" 404 502 "-" "WinHttp-Autoproxy-Service/5.1"
66.249.79.64 - - [09/Jan/2019:03:04:42 +0100] "GET /~hoerdur/hsrm/ads/prakt/pdfs/ADSPraktPB4.pdf HTTP/1.1" 403 549 "-" "Mozilla/5.0 (compatible; Googlebot/2.1; +http://www.google.com/bot.html)"
172.26.35.115 - - [09/Jan/2019:03:06:34 +0100] "GET /wpad.dat HTTP/1.1" 404 502 "-" "WinHttp-Autoproxy-Service/5.1"
172.26.35.114 - - [09/Jan/2019:03:07:12 +0100] "GET /wpad.dat HTTP/1.1" 404 502 "-" "WinHttp-Autoproxy-Service/5.1"
172.26.36.105 - - [09/Jan/2019:03:09:56 +0100] "GET /wpad.dat HTTP/1.1" 404 502 "-" "WinHttp-Autoproxy-Service/5.1"
172.26.47.236 - - [09/Jan/2019:03:10:03 +0100] "GET / HTTP/1.0" 200 627 "-" "check_http/v2.2 (monitoring-plugins 2.2)"
172.26.33.107 - - [09/Jan/2019:03:10:06 +0100] "GET /wpad.dat HTTP/1.1" 404 502 "-" "WinHttp-Autoproxy-Service/5.1"
172.26.72.220 - - [09/Jan/2019:03:12:54 +0100] "GET /wpad.dat HTTP/1.1" 404 502 "-" "WinHttp-Autoproxy-Service/5.1"
172.26.37.100 - - [09/Jan/2019:03:13:01 +0100] "GET /wpad.dat HTTP/1.1" 404 502 "-" "WinHttp-Autoproxy-Service/5.1"
172.26.35.115 - - [09/Jan/2019:03:16:34 +0100] "GET /wpad.dat HTTP/1.1" 404 502 "-" "WinHttp-Autoproxy-Service/5.1"
66.249.79.92 - - [09/Jan/2019:03:16:42 +0100] "GET /~jbiff017/webanw_blatt04/mitarbeiter_index.php?edit=ok&matrikelnummer=123694 HTTP/1.1" 404 542 "-" "Mozilla/5.0 (compatible; Googlebot/2.1; +http://www.google.com/bot.html)"
172.26.35.114 - - [09/Jan/2019:03:17:12 +0100] "GET /wpad.dat HTTP/1.1" 404 502 "-" "WinHttp-Autoproxy-Service/5.1"
172.26.36.105 - - [09/Jan/2019:03:19:56 +0100] "GET /wpad.dat HTTP/1.1" 404 502 "-" "WinHttp-Autoproxy-Service/5.1"
172.26.33.107 - - [09/Jan/2019:03:20:06 +0100] "GET /wpad.dat HTTP/1.1" 404 502 "-" "WinHttp-Autoproxy-Service/5.1"
172.26.72.220 - - [09/Jan/2019:03:22:54 +0100] "GET /wpad.dat HTTP/1.1" 404 502 "-" "WinHttp-Autoproxy-Service/5.1"
172.26.37.100 - - [09/Jan/2019:03:23:01 +0100] "GET /wpad.dat HTTP/1.1" 404 502 "-" "WinHttp-Autoproxy-Service/5.1"
172.26.35.115 - - [09/Jan/2019:03:26:34 +0100] "GET /wpad.dat HTTP/1.1" 404 502 "-" "WinHttp-Autoproxy-Service/5.1"
172.26.33.107 - - [09/Jan/2019:03:26:51 +0100] "GET /wpad.dat HTTP/1.1" 404 502 "-" "Mozilla/5.0 (Windows NT 10.0; Win64; x64) AppleWebKit/537.36 (KHTML, like Gecko) Chrome/63.0.3239.84 Safari/537.36"
172.26.35.114 - - [09/Jan/2019:03:27:12 +0100] "GET /wpad.dat HTTP/1.1" 404 502 "-" "WinHttp-Autoproxy-Service/5.1"
141.8.141.129 - - [09/Jan/2019:03:28:37 +0100] "GET /robots.txt HTTP/1.1" 200 318 "-" "Mozilla/5.0 (compatible; YandexBot/3.0; +http://yandex.com/bots)"
5.255.251.7 - - [09/Jan/2019:03:28:41 +0100] "GET /~willi/Projects/CG/CarreraCV/doku/intrinsisch/intrinsisch.htm HTTP/1.1" 403 569 "-" "Mozilla/5.0 (compatible; YandexBot/3.0; +http://yandex.com/bots)"
66.249.79.94 - - [09/Jan/2019:03:28:42 +0100] "GET /~jbiff017/webanw_blatt04/mitarbeiter_index.php?edit=ok&matrikelnummer=131850 HTTP/1.1" 404 542 "-" "Mozilla/5.0 (compatible; Googlebot/2.1; +http://www.google.com/bot.html)"
172.26.36.105 - - [09/Jan/2019:03:29:56 +0100] "GET /wpad.dat HTTP/1.1" 404 502 "-" "WinHttp-Autoproxy-Service/5.1"
172.26.33.107 - - [09/Jan/2019:03:30:06 +0100] "GET /wpad.dat HTTP/1.1" 404 502 "-" "WinHttp-Autoproxy-Service/5.1"
40.77.167.8 - - [09/Jan/2019:03:30:30 +0100] "GET /~willi/Diplomarbeiten/Robotnavi.pdf HTTP/1.1" 403 543 "-" "Mozilla/5.0 (compatible; bingbot/2.0; +http://www.bing.com/bingbot.htm)"
204.79.180.9 - - [09/Jan/2019:03:32:18 +0100] "GET /~willi/Vorlesungen/Prog1/Skripte/Prog1US7.pdf HTTP/1.1" 403 553 "-" "Mozilla/5.0 (compatible; MSIE 9.0; Windows NT 6.0; Trident/5.0;  Trident/5.0)"
172.26.72.220 - - [09/Jan/2019:03:32:54 +0100] "GET /wpad.dat HTTP/1.1" 404 502 "-" "WinHttp-Autoproxy-Service/5.1"
172.26.37.100 - - [09/Jan/2019:03:33:01 +0100] "GET /wpad.dat HTTP/1.1" 404 502 "-" "WinHttp-Autoproxy-Service/5.1"
172.26.35.115 - - [09/Jan/2019:03:36:34 +0100] "GET /wpad.dat HTTP/1.1" 404 502 "-" "WinHttp-Autoproxy-Service/5.1"
172.26.35.114 - - [09/Jan/2019:03:37:12 +0100] "GET /wpad.dat HTTP/1.1" 404 502 "-" "WinHttp-Autoproxy-Service/5.1"
172.26.36.105 - - [09/Jan/2019:03:39:56 +0100] "GET /wpad.dat HTTP/1.1" 404 502 "-" "WinHttp-Autoproxy-Service/5.1"
172.26.33.107 - - [09/Jan/2019:03:40:06 +0100] "GET /wpad.dat HTTP/1.1" 404 502 "-" "WinHttp-Autoproxy-Service/5.1"
66.249.79.64 - - [09/Jan/2019:03:40:42 +0100] "GET /~jbiff017/webanw_blatt04/mitarbeiter_index.php?edit=ok&matrikelnummer=129811 HTTP/1.1" 404 542 "-" "Mozilla/5.0 (compatible; Googlebot/2.1; +http://www.google.com/bot.html)"
172.26.72.220 - - [09/Jan/2019:03:42:54 +0100] "GET /wpad.dat HTTP/1.1" 404 502 "-" "WinHttp-Autoproxy-Service/5.1"
172.26.37.100 - - [09/Jan/2019:03:43:01 +0100] "GET /wpad.dat HTTP/1.1" 404 502 "-" "WinHttp-Autoproxy-Service/5.1"
172.26.35.115 - - [09/Jan/2019:03:46:34 +0100] "GET /wpad.dat HTTP/1.1" 404 502 "-" "WinHttp-Autoproxy-Service/5.1"
172.26.35.114 - - [09/Jan/2019:03:47:12 +0100] "GET /wpad.dat HTTP/1.1" 404 502 "-" "WinHttp-Autoproxy-Service/5.1"
172.26.36.105 - - [09/Jan/2019:03:49:56 +0100] "GET /wpad.dat HTTP/1.1" 404 502 "-" "WinHttp-Autoproxy-Service/5.1"
172.26.33.107 - - [09/Jan/2019:03:50:06 +0100] "GET /wpad.dat HTTP/1.1" 404 502 "-" "WinHttp-Autoproxy-Service/5.1"
66.249.79.64 - - [09/Jan/2019:03:52:42 +0100] "GET /~willi/Vorlesungen/GenCG/Uebungen/blatt4.pdf HTTP/1.1" 403 552 "-" "Mozilla/5.0 (compatible; Googlebot/2.1; +http://www.google.com/bot.html)"
172.26.72.220 - - [09/Jan/2019:03:52:54 +0100] "GET /wpad.dat HTTP/1.1" 404 502 "-" "WinHttp-Autoproxy-Service/5.1"
172.26.37.100 - - [09/Jan/2019:03:53:01 +0100] "GET /wpad.dat HTTP/1.1" 404 502 "-" "WinHttp-Autoproxy-Service/5.1"
172.26.33.107 - - [09/Jan/2019:03:53:56 +0100] "GET /wpad.dat HTTP/1.1" 404 502 "-" "Mozilla/5.0 (Windows NT 10.0; Win64; x64) AppleWebKit/537.36 (KHTML, like Gecko) Chrome/63.0.3239.84 Safari/537.36"
172.26.35.115 - - [09/Jan/2019:03:56:34 +0100] "GET /wpad.dat HTTP/1.1" 404 502 "-" "WinHttp-Autoproxy-Service/5.1"
172.26.35.114 - - [09/Jan/2019:03:57:12 +0100] "GET /wpad.dat HTTP/1.1" 404 502 "-" "WinHttp-Autoproxy-Service/5.1"
172.26.36.105 - - [09/Jan/2019:03:59:56 +0100] "GET /wpad.dat HTTP/1.1" 404 502 "-" "WinHttp-Autoproxy-Service/5.1"
172.26.33.107 - - [09/Jan/2019:04:00:06 +0100] "GET /wpad.dat HTTP/1.1" 404 502 "-" "WinHttp-Autoproxy-Service/5.1"
40.77.167.25 - - [09/Jan/2019:04:01:29 +0100] "GET /~hoerdur/mobile/ws0708/95D1BCDC5D2782E2804D7FB9668BD960_00000.temp008a.htm HTTP/1.1" 403 579 "-" "Mozilla/5.0 (compatible; bingbot/2.0; +http://www.bing.com/bingbot.htm)"
40.77.167.145 - - [09/Jan/2019:04:02:23 +0100] "GET /~hoerdur/mobile/ws0708/95D1BCDC5D2782E2804D7FB9668BD960_00000.temp009a.htm HTTP/1.1" 403 579 "-" "Mozilla/5.0 (compatible; bingbot/2.0; +http://www.bing.com/bingbot.htm)"
40.77.167.25 - - [09/Jan/2019:04:02:29 +0100] "GET /~willi/Vorlesungen/InCG/Skripte/PolygonNetze_1.pdf HTTP/1.1" 403 558 "-" "Mozilla/5.0 (compatible; bingbot/2.0; +http://www.bing.com/bingbot.htm)"
172.26.72.220 - - [09/Jan/2019:04:02:54 +0100] "GET /wpad.dat HTTP/1.1" 404 502 "-" "WinHttp-Autoproxy-Service/5.1"
172.26.37.100 - - [09/Jan/2019:04:03:01 +0100] "GET /wpad.dat HTTP/1.1" 404 502 "-" "WinHttp-Autoproxy-Service/5.1"
66.249.79.92 - - [09/Jan/2019:04:04:42 +0100] "GET /~hoerdur/hsrm/concurrent/lecture/pdfs/ConcurrentPBJava_4in1.pdf HTTP/1.1" 403 568 "-" "Mozilla/5.0 (compatible; Googlebot/2.1; +http://www.google.com/bot.html)"
172.26.35.115 - - [09/Jan/2019:04:06:34 +0100] "GET /wpad.dat HTTP/1.1" 404 502 "-" "WinHttp-Autoproxy-Service/5.1"
172.26.35.114 - - [09/Jan/2019:04:07:12 +0100] "GET /wpad.dat HTTP/1.1" 404 502 "-" "WinHttp-Autoproxy-Service/5.1"
172.26.36.105 - - [09/Jan/2019:04:09:56 +0100] "GET /wpad.dat HTTP/1.1" 404 502 "-" "WinHttp-Autoproxy-Service/5.1"
172.26.47.236 - - [09/Jan/2019:04:10:03 +0100] "GET / HTTP/1.0" 200 627 "-" "check_http/v2.2 (monitoring-plugins 2.2)"
172.26.33.107 - - [09/Jan/2019:04:10:06 +0100] "GET /wpad.dat HTTP/1.1" 404 502 "-" "WinHttp-Autoproxy-Service/5.1"
172.26.72.220 - - [09/Jan/2019:04:12:54 +0100] "GET /wpad.dat HTTP/1.1" 404 502 "-" "WinHttp-Autoproxy-Service/5.1"
172.26.37.100 - - [09/Jan/2019:04:13:01 +0100] "GET /wpad.dat HTTP/1.1" 404 502 "-" "WinHttp-Autoproxy-Service/5.1"
204.79.180.15 - - [09/Jan/2019:04:14:12 +0100] "GET /~willi/Projects/CG/CarreraCV/doku/intrinsisch/intrinsisch.htm HTTP/1.1" 403 569 "-" "Mozilla/5.0 (compatible; MSIE 9.0; Windows NT 6.1; Trident/5.0;  Trident/5.0)"
172.26.35.115 - - [09/Jan/2019:04:16:34 +0100] "GET /wpad.dat HTTP/1.1" 404 502 "-" "WinHttp-Autoproxy-Service/5.1"
66.249.79.64 - - [09/Jan/2019:04:16:42 +0100] "GET /anreise/Anfahrt_UDE.pdf HTTP/1.1" 304 183 "-" "Mozilla/5.0 (compatible; Googlebot/2.1; +http://www.google.com/bot.html)"
172.26.35.114 - - [09/Jan/2019:04:17:12 +0100] "GET /wpad.dat HTTP/1.1" 404 502 "-" "WinHttp-Autoproxy-Service/5.1"
172.26.36.105 - - [09/Jan/2019:04:19:56 +0100] "GET /wpad.dat HTTP/1.1" 404 502 "-" "WinHttp-Autoproxy-Service/5.1"
172.26.33.107 - - [09/Jan/2019:04:20:06 +0100] "GET /wpad.dat HTTP/1.1" 404 502 "-" "WinHttp-Autoproxy-Service/5.1"
172.26.72.220 - - [09/Jan/2019:04:22:54 +0100] "GET /wpad.dat HTTP/1.1" 404 502 "-" "WinHttp-Autoproxy-Service/5.1"
172.26.37.100 - - [09/Jan/2019:04:23:01 +0100] "GET /wpad.dat HTTP/1.1" 404 502 "-" "WinHttp-Autoproxy-Service/5.1"
40.77.167.19 - - [09/Jan/2019:04:25:42 +0100] "GET /~hoerdur/mobile/ws0910/5AD0500170980E1BA1081D8FB940C1D0_00000.temp0017.htm HTTP/1.1" 403 579 "-" "Mozilla/5.0 (compatible; bingbot/2.0; +http://www.bing.com/bingbot.htm)"
172.26.35.115 - - [09/Jan/2019:04:26:34 +0100] "GET /wpad.dat HTTP/1.1" 404 502 "-" "WinHttp-Autoproxy-Service/5.1"
172.26.35.114 - - [09/Jan/2019:04:27:12 +0100] "GET /wpad.dat HTTP/1.1" 404 502 "-" "WinHttp-Autoproxy-Service/5.1"
158.85.81.124 - - [09/Jan/2019:04:27:58 +0100] "GET / HTTP/1.0" 200 627 "-" "Mozilla/5.0(WindowsNT6.1;rv:31.0)Gecko/20100101Firefox/31.0"
66.249.79.94 - - [09/Jan/2019:04:28:42 +0100] "GET /medieninformatik_flyer.pdf HTTP/1.1" 304 183 "-" "Mozilla/5.0 (compatible; Googlebot/2.1; +http://www.google.com/bot.html)"
172.26.36.105 - - [09/Jan/2019:04:29:56 +0100] "GET /wpad.dat HTTP/1.1" 404 502 "-" "WinHttp-Autoproxy-Service/5.1"
172.26.33.107 - - [09/Jan/2019:04:30:06 +0100] "GET /wpad.dat HTTP/1.1" 404 502 "-" "WinHttp-Autoproxy-Service/5.1"
172.26.72.220 - - [09/Jan/2019:04:32:54 +0100] "GET /wpad.dat HTTP/1.1" 404 502 "-" "WinHttp-Autoproxy-Service/5.1"
172.26.37.100 - - [09/Jan/2019:04:33:01 +0100] "GET /wpad.dat HTTP/1.1" 404 502 "-" "WinHttp-Autoproxy-Service/5.1"
87.250.233.71 - - [09/Jan/2019:04:33:06 +0100] "GET /robots.txt HTTP/1.1" 200 318 "-" "Mozilla/5.0 (compatible; YandexBot/3.0; +http://yandex.com/bots)"
87.250.233.71 - - [09/Jan/2019:04:33:10 +0100] "GET /~willi/publications/ HTTP/1.1" 403 527 "-" "Mozilla/5.0 (compatible; YandexBot/3.0; +http://yandex.com/bots)"
172.26.35.115 - - [09/Jan/2019:04:36:34 +0100] "GET /wpad.dat HTTP/1.1" 404 502 "-" "WinHttp-Autoproxy-Service/5.1"
172.26.35.114 - - [09/Jan/2019:04:37:12 +0100] "GET /wpad.dat HTTP/1.1" 404 502 "-" "WinHttp-Autoproxy-Service/5.1"
172.26.36.105 - - [09/Jan/2019:04:39:56 +0100] "GET /wpad.dat HTTP/1.1" 404 502 "-" "WinHttp-Autoproxy-Service/5.1"
172.26.33.107 - - [09/Jan/2019:04:40:06 +0100] "GET /wpad.dat HTTP/1.1" 404 502 "-" "WinHttp-Autoproxy-Service/5.1"
5.255.251.12 - - [09/Jan/2019:04:42:37 +0100] "GET / HTTP/1.1" 200 585 "-" "Mozilla/5.0 (compatible; YandexBot/3.0; +http://yandex.com/bots)"
212.231.62.8 - - [09/Jan/2019:04:42:52 +0100] "GET / HTTP/1.1" 200 608 "-" "-"
172.26.72.220 - - [09/Jan/2019:04:42:54 +0100] "GET /wpad.dat HTTP/1.1" 404 502 "-" "WinHttp-Autoproxy-Service/5.1"
212.231.62.8 - - [09/Jan/2019:04:42:58 +0100] "GET /HNAP1/ HTTP/1.1" 404 444 "-" "-"
172.26.37.100 - - [09/Jan/2019:04:43:01 +0100] "GET /wpad.dat HTTP/1.1" 404 502 "-" "WinHttp-Autoproxy-Service/5.1"
106.38.241.150 - - [09/Jan/2019:04:45:57 +0100] "GET /~jbiff017/webanw_blatt04/mitarbeiter_index.php?seite=215&ab=ASC&studierende=ok&sortiert=fachsemester HTTP/1.1" 404 505 "-" "Sogou web spider/4.0(+http://www.sogou.com/docs/help/webmasters.htm#07)"
106.38.241.150 - - [09/Jan/2019:04:45:57 +0100] "GET /robots.txt HTTP/1.1" 200 281 "-" "Sogou web spider/4.0(+http://www.sogou.com/docs/help/webmasters.htm#07)"
106.38.241.150 - - [09/Jan/2019:04:46:07 +0100] "GET /~jbiff017/webanw_blatt04/mitarbeiter_index.php?seite=340&ab=DESC&studierende=ok&sortiert=matrikelnummer HTTP/1.1" 404 505 "-" "Sogou web spider/4.0(+http://www.sogou.com/docs/help/webmasters.htm#07)"
106.38.241.150 - - [09/Jan/2019:04:46:17 +0100] "GET /~willi/Vorlesungen/Prog2/Skripte/Prog2US3.pdf HTTP/1.1" 403 516 "-" "Sogou web spider/4.0(+http://www.sogou.com/docs/help/webmasters.htm#07)"
106.38.241.150 - - [09/Jan/2019:04:46:27 +0100] "GET /~willi/Projects/CG/P4/Dokumentation/P4Epydoc/class-tree.html HTTP/1.1" 403 531 "-" "Sogou web spider/4.0(+http://www.sogou.com/docs/help/webmasters.htm#07)"
172.26.35.115 - - [09/Jan/2019:04:46:34 +0100] "GET /wpad.dat HTTP/1.1" 404 502 "-" "WinHttp-Autoproxy-Service/5.1"
68.180.229.60 - - [09/Jan/2019:04:46:57 +0100] "GET /robots.txt HTTP/1.1" 200 262 "-" "Mozilla/5.0 (compatible; Yahoo! Slurp; http://help.yahoo.com/help/us/ysearch/slurp)"
68.180.229.60 - - [09/Jan/2019:04:46:57 +0100] "GET /~willi/Vorlesungen/GenCG/Software/bresenhamTemplate.py HTTP/1.1" 403 506 "-" "Mozilla/5.0 (compatible; Yahoo! Slurp; http://help.yahoo.com/help/us/ysearch/slurp)"
172.26.35.114 - - [09/Jan/2019:04:47:12 +0100] "GET /wpad.dat HTTP/1.1" 404 502 "-" "WinHttp-Autoproxy-Service/5.1"
172.26.36.105 - - [09/Jan/2019:04:49:57 +0100] "GET /wpad.dat HTTP/1.1" 404 502 "-" "WinHttp-Autoproxy-Service/5.1"
172.26.33.107 - - [09/Jan/2019:04:50:06 +0100] "GET /wpad.dat HTTP/1.1" 404 502 "-" "WinHttp-Autoproxy-Service/5.1"
66.249.79.94 - - [09/Jan/2019:04:51:59 +0100] "GET /~fsenk042/mm//robots.txt HTTP/1.1" 404 520 "-" "Mozilla/5.0 (compatible; Googlebot/2.1; +http://www.google.com/bot.html)"
172.26.72.220 - - [09/Jan/2019:04:52:54 +0100] "GET /wpad.dat HTTP/1.1" 404 502 "-" "WinHttp-Autoproxy-Service/5.1"
172.26.37.100 - - [09/Jan/2019:04:53:01 +0100] "GET /wpad.dat HTTP/1.1" 404 502 "-" "WinHttp-Autoproxy-Service/5.1"
144.76.168.111 - - [09/Jan/2019:04:56:23 +0100] "GET /~willi/Vorlesungen/CG/Skripte/CGVUS4.pdf HTTP/1.1" 403 511 "-" "Mozilla/5.0 (Windows NT 6.2; Win64; x64;) Gecko/20100101 Firefox/20.0"
172.26.35.115 - - [09/Jan/2019:04:56:34 +0100] "GET /wpad.dat HTTP/1.1" 404 502 "-" "WinHttp-Autoproxy-Service/5.1"
172.26.35.114 - - [09/Jan/2019:04:57:12 +0100] "GET /wpad.dat HTTP/1.1" 404 502 "-" "WinHttp-Autoproxy-Service/5.1"
40.77.167.145 - - [09/Jan/2019:04:59:45 +0100] "GET /~hoerdur/mobile/ws0607/87E3FC21A9A6D7C76663519A2DD84C54_00000.temp000f.htm HTTP/1.1" 403 579 "-" "Mozilla/5.0 (compatible; bingbot/2.0; +http://www.bing.com/bingbot.htm)"
172.26.36.105 - - [09/Jan/2019:04:59:57 +0100] "GET /wpad.dat HTTP/1.1" 404 502 "-" "WinHttp-Autoproxy-Service/5.1"
172.26.33.107 - - [09/Jan/2019:05:00:06 +0100] "GET /wpad.dat HTTP/1.1" 404 502 "-" "WinHttp-Autoproxy-Service/5.1"
172.26.72.220 - - [09/Jan/2019:05:02:54 +0100] "GET /wpad.dat HTTP/1.1" 404 502 "-" "WinHttp-Autoproxy-Service/5.1"
172.26.37.100 - - [09/Jan/2019:05:03:01 +0100] "GET /wpad.dat HTTP/1.1" 404 502 "-" "WinHttp-Autoproxy-Service/5.1"
66.249.79.64 - - [09/Jan/2019:05:04:42 +0100] "GET /~hoerdur/hsrm/ads/index.rst HTTP/1.1" 403 532 "-" "Mozilla/5.0 (compatible; Googlebot/2.1; +http://www.google.com/bot.html)"
172.26.35.115 - - [09/Jan/2019:05:06:34 +0100] "GET /wpad.dat HTTP/1.1" 404 502 "-" "WinHttp-Autoproxy-Service/5.1"
172.26.35.114 - - [09/Jan/2019:05:07:12 +0100] "GET /wpad.dat HTTP/1.1" 404 502 "-" "WinHttp-Autoproxy-Service/5.1"
172.26.36.105 - - [09/Jan/2019:05:09:57 +0100] "GET /wpad.dat HTTP/1.1" 404 502 "-" "WinHttp-Autoproxy-Service/5.1"
172.26.47.236 - - [09/Jan/2019:05:10:03 +0100] "GET / HTTP/1.0" 200 627 "-" "check_http/v2.2 (monitoring-plugins 2.2)"
172.26.33.107 - - [09/Jan/2019:05:10:06 +0100] "GET /wpad.dat HTTP/1.1" 404 502 "-" "WinHttp-Autoproxy-Service/5.1"
172.26.72.220 - - [09/Jan/2019:05:12:54 +0100] "GET /wpad.dat HTTP/1.1" 404 502 "-" "WinHttp-Autoproxy-Service/5.1"
172.26.37.100 - - [09/Jan/2019:05:13:01 +0100] "GET /wpad.dat HTTP/1.1" 404 502 "-" "WinHttp-Autoproxy-Service/5.1"
172.26.35.115 - - [09/Jan/2019:05:16:34 +0100] "GET /wpad.dat HTTP/1.1" 404 502 "-" "WinHttp-Autoproxy-Service/5.1"
66.249.79.92 - - [09/Jan/2019:05:16:42 +0100] "GET /~hoerdur/hsrm/concurrency/lecture/pdfs/ConcurrentPBNonblocking_4in1.pdf HTTP/1.1" 403 576 "-" "Mozilla/5.0 (compatible; Googlebot/2.1; +http://www.google.com/bot.html)"
172.26.35.114 - - [09/Jan/2019:05:17:12 +0100] "GET /wpad.dat HTTP/1.1" 404 502 "-" "WinHttp-Autoproxy-Service/5.1"
172.26.36.105 - - [09/Jan/2019:05:19:57 +0100] "GET /wpad.dat HTTP/1.1" 404 502 "-" "WinHttp-Autoproxy-Service/5.1"
172.26.33.107 - - [09/Jan/2019:05:20:06 +0100] "GET /wpad.dat HTTP/1.1" 404 502 "-" "WinHttp-Autoproxy-Service/5.1"
66.249.79.92 - - [09/Jan/2019:05:20:56 +0100] "GET /~willi/Projects/CG/CarreraCV/doku/intrinsisch/imgs/21.jpg HTTP/1.1" 403 565 "-" "Googlebot-Image/1.0"
66.249.79.92 - - [09/Jan/2019:05:20:56 +0100] "GET /~willi/Projects/CG/CarreraCV/doku/intrinsisch/imgs/21.jpg HTTP/1.1" 403 564 "-" "Googlebot-Image/1.0"
172.26.72.220 - - [09/Jan/2019:05:22:54 +0100] "GET /wpad.dat HTTP/1.1" 404 502 "-" "WinHttp-Autoproxy-Service/5.1"
172.26.37.100 - - [09/Jan/2019:05:23:01 +0100] "GET /wpad.dat HTTP/1.1" 404 502 "-" "WinHttp-Autoproxy-Service/5.1"
40.77.167.8 - - [09/Jan/2019:05:23:46 +0100] "GET /~willi/Projects/CG/DerFisch/Dokumentation/DerFischDoku.pdf HTTP/1.1" 403 566 "-" "Mozilla/5.0 (compatible; bingbot/2.0; +http://www.bing.com/bingbot.htm)"
220.181.108.153 - - [09/Jan/2019:05:23:49 +0100] "GET /~willi/resources/Paper/3droentgenCEBIT2006.pdf HTTP/1.1" 403 517 "-" "Mozilla/5.0 (compatible; Baiduspider/2.0; +http://www.baidu.com/search/spider.html)"
120.35.38.207 - - [09/Jan/2019:05:26:25 +0100] "GET /~fsenk042/mm// HTTP/1.1" 404 454 "-" "Mozilla/37.0.2 (compatible; MSIE 6.0; Windows NT 5.1; SV1; .NET CLR 1.1.4322)"
172.26.35.115 - - [09/Jan/2019:05:26:34 +0100] "GET /wpad.dat HTTP/1.1" 404 502 "-" "WinHttp-Autoproxy-Service/5.1"
172.26.35.114 - - [09/Jan/2019:05:27:12 +0100] "GET /wpad.dat HTTP/1.1" 404 502 "-" "WinHttp-Autoproxy-Service/5.1"
5.255.251.12 - - [09/Jan/2019:05:27:33 +0100] "GET /robots.txt HTTP/1.1" 200 318 "-" "Mozilla/5.0 (compatible; YandexBot/3.0; +http://yandex.com/bots)"
5.255.251.12 - - [09/Jan/2019:05:27:37 +0100] "GET /~willi/teaching/computerVision/ HTTP/1.1" 403 538 "-" "Mozilla/5.0 (compatible; YandexBot/3.0; +http://yandex.com/bots)"
66.249.79.64 - - [09/Jan/2019:05:28:42 +0100] "GET /~willi/Vorlesungen/Prog1/Uebungen/blatt5.pdf HTTP/1.1" 403 552 "-" "Mozilla/5.0 (compatible; Googlebot/2.1; +http://www.google.com/bot.html)"
172.26.36.105 - - [09/Jan/2019:05:29:57 +0100] "GET /wpad.dat HTTP/1.1" 404 502 "-" "WinHttp-Autoproxy-Service/5.1"
172.26.33.107 - - [09/Jan/2019:05:30:06 +0100] "GET /wpad.dat HTTP/1.1" 404 502 "-" "WinHttp-Autoproxy-Service/5.1"
40.77.167.19 - - [09/Jan/2019:05:30:19 +0100] "GET /~hoerdur/mobile/ws0910/5AD0500170980E1BA1081D8FB940C1D0_00000.temp002d.htm HTTP/1.1" 403 579 "-" "Mozilla/5.0 (compatible; bingbot/2.0; +http://www.bing.com/bingbot.htm)"
172.26.72.220 - - [09/Jan/2019:05:32:54 +0100] "GET /wpad.dat HTTP/1.1" 404 502 "-" "WinHttp-Autoproxy-Service/5.1"
172.26.37.100 - - [09/Jan/2019:05:33:01 +0100] "GET /wpad.dat HTTP/1.1" 404 502 "-" "WinHttp-Autoproxy-Service/5.1"
172.26.35.115 - - [09/Jan/2019:05:36:34 +0100] "GET /wpad.dat HTTP/1.1" 404 502 "-" "WinHttp-Autoproxy-Service/5.1"
172.26.35.114 - - [09/Jan/2019:05:37:12 +0100] "GET /wpad.dat HTTP/1.1" 404 502 "-" "WinHttp-Autoproxy-Service/5.1"
172.26.36.105 - - [09/Jan/2019:05:39:57 +0100] "GET /wpad.dat HTTP/1.1" 404 502 "-" "WinHttp-Autoproxy-Service/5.1"
172.26.33.107 - - [09/Jan/2019:05:40:06 +0100] "GET /wpad.dat HTTP/1.1" 404 502 "-" "WinHttp-Autoproxy-Service/5.1"
66.249.79.94 - - [09/Jan/2019:05:40:42 +0100] "GET /~willi/Projects/CG/CarreraCV/doku/doku/kalman.htm HTTP/1.1" 403 557 "-" "Mozilla/5.0 (compatible; Googlebot/2.1; +http://www.google.com/bot.html)"
172.26.72.220 - - [09/Jan/2019:05:42:54 +0100] "GET /wpad.dat HTTP/1.1" 404 502 "-" "WinHttp-Autoproxy-Service/5.1"
172.26.37.100 - - [09/Jan/2019:05:43:01 +0100] "GET /wpad.dat HTTP/1.1" 404 502 "-" "WinHttp-Autoproxy-Service/5.1"
40.77.167.19 - - [09/Jan/2019:05:45:19 +0100] "GET /~willi/Veroeffentlichungen/docs/turgorCSRD2010.pdf HTTP/1.1" 403 558 "-" "Mozilla/5.0 (compatible; bingbot/2.0; +http://www.bing.com/bingbot.htm)"
172.26.35.115 - - [09/Jan/2019:05:46:34 +0100] "GET /wpad.dat HTTP/1.1" 404 502 "-" "WinHttp-Autoproxy-Service/5.1"
172.26.35.114 - - [09/Jan/2019:05:47:12 +0100] "GET /wpad.dat HTTP/1.1" 404 502 "-" "WinHttp-Autoproxy-Service/5.1"
172.26.36.105 - - [09/Jan/2019:05:49:57 +0100] "GET /wpad.dat HTTP/1.1" 404 502 "-" "WinHttp-Autoproxy-Service/5.1"
172.26.33.107 - - [09/Jan/2019:05:50:06 +0100] "GET /wpad.dat HTTP/1.1" 404 502 "-" "WinHttp-Autoproxy-Service/5.1"
71.6.202.198 - - [09/Jan/2019:05:51:07 +0100] "GET /ccvv HTTP/1.1" 404 442 "-" "Mozilla/5.0 (compatible; MSIE 9.0; Windows NT 6.1; WOW64)"
172.26.72.220 - - [09/Jan/2019:05:52:54 +0100] "GET /wpad.dat HTTP/1.1" 404 502 "-" "WinHttp-Autoproxy-Service/5.1"
172.26.37.100 - - [09/Jan/2019:05:53:01 +0100] "GET /wpad.dat HTTP/1.1" 404 502 "-" "WinHttp-Autoproxy-Service/5.1"
172.26.35.115 - - [09/Jan/2019:05:56:34 +0100] "GET /wpad.dat HTTP/1.1" 404 502 "-" "WinHttp-Autoproxy-Service/5.1"
172.26.35.114 - - [09/Jan/2019:05:57:12 +0100] "GET /wpad.dat HTTP/1.1" 404 502 "-" "WinHttp-Autoproxy-Service/5.1"
40.77.167.8 - - [09/Jan/2019:05:59:50 +0100] "GET /~willi/Projects/CG/Locos/Dokumentation/doxigen/html/functions_0x6d.html HTTP/1.1" 403 579 "-" "Mozilla/5.0 (compatible; bingbot/2.0; +http://www.bing.com/bingbot.htm)"
172.26.36.105 - - [09/Jan/2019:05:59:57 +0100] "GET /wpad.dat HTTP/1.1" 404 502 "-" "WinHttp-Autoproxy-Service/5.1"
172.26.33.107 - - [09/Jan/2019:06:00:06 +0100] "GET /wpad.dat HTTP/1.1" 404 502 "-" "WinHttp-Autoproxy-Service/5.1"
172.26.72.220 - - [09/Jan/2019:06:02:54 +0100] "GET /wpad.dat HTTP/1.1" 404 502 "-" "WinHttp-Autoproxy-Service/5.1"
172.26.37.100 - - [09/Jan/2019:06:03:01 +0100] "GET /wpad.dat HTTP/1.1" 404 502 "-" "WinHttp-Autoproxy-Service/5.1"
172.26.35.115 - - [09/Jan/2019:06:06:34 +0100] "GET /wpad.dat HTTP/1.1" 404 502 "-" "WinHttp-Autoproxy-Service/5.1"
172.26.35.114 - - [09/Jan/2019:06:07:12 +0100] "GET /wpad.dat HTTP/1.1" 404 502 "-" "WinHttp-Autoproxy-Service/5.1"
172.26.36.105 - - [09/Jan/2019:06:09:57 +0100] "GET /wpad.dat HTTP/1.1" 404 502 "-" "WinHttp-Autoproxy-Service/5.1"
172.26.47.236 - - [09/Jan/2019:06:10:03 +0100] "GET / HTTP/1.0" 200 627 "-" "check_http/v2.2 (monitoring-plugins 2.2)"
172.26.33.107 - - [09/Jan/2019:06:10:06 +0100] "GET /wpad.dat HTTP/1.1" 404 502 "-" "WinHttp-Autoproxy-Service/5.1"
172.26.72.220 - - [09/Jan/2019:06:12:54 +0100] "GET /wpad.dat HTTP/1.1" 404 502 "-" "WinHttp-Autoproxy-Service/5.1"
172.26.37.100 - - [09/Jan/2019:06:13:01 +0100] "GET /wpad.dat HTTP/1.1" 404 502 "-" "WinHttp-Autoproxy-Service/5.1"
172.26.35.115 - - [09/Jan/2019:06:16:34 +0100] "GET /wpad.dat HTTP/1.1" 404 502 "-" "WinHttp-Autoproxy-Service/5.1"
172.26.35.114 - - [09/Jan/2019:06:17:12 +0100] "GET /wpad.dat HTTP/1.1" 404 502 "-" "WinHttp-Autoproxy-Service/5.1"
172.26.36.105 - - [09/Jan/2019:06:19:57 +0100] "GET /wpad.dat HTTP/1.1" 404 502 "-" "WinHttp-Autoproxy-Service/5.1"
172.26.33.107 - - [09/Jan/2019:06:20:06 +0100] "GET /wpad.dat HTTP/1.1" 404 502 "-" "WinHttp-Autoproxy-Service/5.1"
172.26.72.220 - - [09/Jan/2019:06:22:54 +0100] "GET /wpad.dat HTTP/1.1" 404 502 "-" "WinHttp-Autoproxy-Service/5.1"
172.26.37.100 - - [09/Jan/2019:06:23:01 +0100] "GET /wpad.dat HTTP/1.1" 404 502 "-" "WinHttp-Autoproxy-Service/5.1"
172.26.35.115 - - [09/Jan/2019:06:26:34 +0100] "GET /wpad.dat HTTP/1.1" 404 502 "-" "WinHttp-Autoproxy-Service/5.1"
172.26.35.114 - - [09/Jan/2019:06:27:12 +0100] "GET /wpad.dat HTTP/1.1" 404 502 "-" "WinHttp-Autoproxy-Service/5.1"
66.249.79.92 - - [09/Jan/2019:06:28:42 +0100] "GET /~willi/Projects/CG/CarreraCV/doku/intrinsisch/intrinsisch.htm HTTP/1.1" 403 569 "-" "Mozilla/5.0 (compatible; Googlebot/2.1; +http://www.google.com/bot.html)"
172.26.36.105 - - [09/Jan/2019:06:29:57 +0100] "GET /wpad.dat HTTP/1.1" 404 502 "-" "WinHttp-Autoproxy-Service/5.1"
172.26.33.107 - - [09/Jan/2019:06:30:06 +0100] "GET /wpad.dat HTTP/1.1" 404 502 "-" "WinHttp-Autoproxy-Service/5.1"
172.26.72.220 - - [09/Jan/2019:06:32:54 +0100] "GET /wpad.dat HTTP/1.1" 404 502 "-" "WinHttp-Autoproxy-Service/5.1"
172.26.37.100 - - [09/Jan/2019:06:33:01 +0100] "GET /wpad.dat HTTP/1.1" 404 502 "-" "WinHttp-Autoproxy-Service/5.1"
172.26.35.115 - - [09/Jan/2019:06:36:34 +0100] "GET /wpad.dat HTTP/1.1" 404 502 "-" "WinHttp-Autoproxy-Service/5.1"
172.26.35.114 - - [09/Jan/2019:06:37:12 +0100] "GET /wpad.dat HTTP/1.1" 404 502 "-" "WinHttp-Autoproxy-Service/5.1"
172.26.36.105 - - [09/Jan/2019:06:39:57 +0100] "GET /wpad.dat HTTP/1.1" 404 502 "-" "WinHttp-Autoproxy-Service/5.1"
172.26.33.107 - - [09/Jan/2019:06:40:06 +0100] "GET /wpad.dat HTTP/1.1" 404 502 "-" "WinHttp-Autoproxy-Service/5.1"
66.249.79.64 - - [09/Jan/2019:06:40:42 +0100] "GET /~willi/Vorlesungen/Prog1/Skripte/Prog1US8.pdf HTTP/1.1" 403 553 "-" "Mozilla/5.0 (compatible; Googlebot/2.1; +http://www.google.com/bot.html)"
172.26.72.220 - - [09/Jan/2019:06:42:54 +0100] "GET /wpad.dat HTTP/1.1" 404 502 "-" "WinHttp-Autoproxy-Service/5.1"
172.26.37.100 - - [09/Jan/2019:06:43:01 +0100] "GET /wpad.dat HTTP/1.1" 404 502 "-" "WinHttp-Autoproxy-Service/5.1"
148.251.237.246 - - [09/Jan/2019:06:44:49 +0100] "GET /~willi/resources/Paper/AMIGO2015.pdf HTTP/1.1" 403 507 "-" "Mozilla/5.0 (Macintosh; Intel Mac OS X 10_6_8) AppleWebKit/535.19 (KHTML, like Gecko) Chrome/18.0.1025.166 Safari/535.19"
172.26.35.115 - - [09/Jan/2019:06:46:34 +0100] "GET /wpad.dat HTTP/1.1" 404 502 "-" "WinHttp-Autoproxy-Service/5.1"
172.26.35.114 - - [09/Jan/2019:06:47:12 +0100] "GET /wpad.dat HTTP/1.1" 404 502 "-" "WinHttp-Autoproxy-Service/5.1"
66.249.79.92 - - [09/Jan/2019:06:48:18 +0100] "GET /~willi/resources/Paper/VCIT2017.pdf HTTP/1.1" 403 543 "-" "Googlebot/2.1 (+http://www.google.com/bot.html)"
82.113.106.97 - - [09/Jan/2019:06:48:42 +0100] "GET / HTTP/1.1" 200 585 "-" "Mozilla/5.0 (Linux; Android 6.0.1; SAMSUNG SM-G900F Build/MMB29M) AppleWebKit/537.36 (KHTML, like Gecko) SamsungBrowser/6.2 Chrome/56.0.2924.87 Mobile Safari/537.36"
82.113.106.97 - - [09/Jan/2019:06:48:42 +0100] "GET /favicon.ico HTTP/1.1" 200 3489 "http://www.mi.hs-rm.de/" "Mozilla/5.0 (Linux; Android 6.0.1; SAMSUNG SM-G900F Build/MMB29M) AppleWebKit/537.36 (KHTML, like Gecko) SamsungBrowser/6.2 Chrome/56.0.2924.87 Mobile Safari/537.36"
82.113.106.97 - - [09/Jan/2019:06:49:34 +0100] "-" 408 0 "-" "-"
::1 - - [09/Jan/2019:06:49:45 +0100] "OPTIONS * HTTP/1.0" 200 126 "-" "Apache/2.4.25 (Debian) OpenSSL/1.0.2l mod_wsgi/4.5.11 Python/3.5 (internal dummy connection)"
172.26.36.105 - - [09/Jan/2019:06:49:57 +0100] "GET /wpad.dat HTTP/1.1" 404 502 "-" "WinHttp-Autoproxy-Service/5.1"
172.26.33.107 - - [09/Jan/2019:06:50:06 +0100] "GET /wpad.dat HTTP/1.1" 404 502 "-" "WinHttp-Autoproxy-Service/5.1"
66.249.79.94 - - [09/Jan/2019:06:52:42 +0100] "GET /~willi/Projects/CG/CarreraCV/doku/intrinsisch/intrinsisch.htm HTTP/1.1" 403 569 "-" "Mozilla/5.0 (Linux; Android 6.0.1; Nexus 5X Build/MMB29P) AppleWebKit/537.36 (KHTML, like Gecko) Chrome/41.0.2272.96 Mobile Safari/537.36 (compatible; Googlebot/2.1; +http://www.google.com/bot.html)"
172.26.72.220 - - [09/Jan/2019:06:52:54 +0100] "GET /wpad.dat HTTP/1.1" 404 502 "-" "WinHttp-Autoproxy-Service/5.1"
172.26.37.100 - - [09/Jan/2019:06:53:01 +0100] "GET /wpad.dat HTTP/1.1" 404 502 "-" "WinHttp-Autoproxy-Service/5.1"
172.26.35.115 - - [09/Jan/2019:06:56:34 +0100] "GET /wpad.dat HTTP/1.1" 404 502 "-" "WinHttp-Autoproxy-Service/5.1"
172.26.35.114 - - [09/Jan/2019:06:57:12 +0100] "GET /wpad.dat HTTP/1.1" 404 502 "-" "WinHttp-Autoproxy-Service/5.1"
40.77.167.19 - - [09/Jan/2019:06:58:27 +0100] "GET /~hoerdur/mobile/ws0708/95D1BCDC5D2782E2804D7FB9668BD960_00000.temp00a4.htm HTTP/1.1" 403 579 "-" "Mozilla/5.0 (compatible; bingbot/2.0; +http://www.bing.com/bingbot.htm)"
172.26.36.105 - - [09/Jan/2019:06:59:57 +0100] "GET /wpad.dat HTTP/1.1" 404 502 "-" "WinHttp-Autoproxy-Service/5.1"
172.26.33.107 - - [09/Jan/2019:07:00:06 +0100] "GET /wpad.dat HTTP/1.1" 404 502 "-" "WinHttp-Autoproxy-Service/5.1"
40.77.167.145 - - [09/Jan/2019:07:00:23 +0100] "GET /~willi/resources/Paper/aerfmsMMCS2001.pdf HTTP/1.1" 403 549 "-" "Mozilla/5.0 (compatible; bingbot/2.0; +http://www.bing.com/bingbot.htm)"
5.45.203.3 - - [09/Jan/2019:07:01:59 +0100] "GET /robots.txt HTTP/1.1" 200 318 "-" "Mozilla/5.0 (compatible; YandexBot/3.0; +http://yandex.com/bots)"
141.8.141.129 - - [09/Jan/2019:07:02:03 +0100] "GET /~willi/teaching/matheFuerInformatiker/ HTTP/1.1" 403 546 "-" "Mozilla/5.0 (compatible; YandexBot/3.0; +http://yandex.com/bots)"
172.26.72.220 - - [09/Jan/2019:07:02:54 +0100] "GET /wpad.dat HTTP/1.1" 404 502 "-" "WinHttp-Autoproxy-Service/5.1"
172.26.37.100 - - [09/Jan/2019:07:03:01 +0100] "GET /wpad.dat HTTP/1.1" 404 502 "-" "WinHttp-Autoproxy-Service/5.1"
40.77.167.8 - - [09/Jan/2019:07:04:18 +0100] "GET /~willi/Vorlesungen/Prog1/Uebungen/blatt9.pdf HTTP/1.1" 403 552 "-" "Mozilla/5.0 (compatible; bingbot/2.0; +http://www.bing.com/bingbot.htm)"
66.249.79.94 - - [09/Jan/2019:07:04:43 +0100] "GET /~willi/Vorlesungen/Prog1/Skripte/Prog1US7.pdf HTTP/1.1" 403 553 "-" "Mozilla/5.0 (Linux; Android 6.0.1; Nexus 5X Build/MMB29P) AppleWebKit/537.36 (KHTML, like Gecko) Chrome/41.0.2272.96 Mobile Safari/537.36 (compatible; Googlebot/2.1; +http://www.google.com/bot.html)"
172.26.35.115 - - [09/Jan/2019:07:06:34 +0100] "GET /wpad.dat HTTP/1.1" 404 502 "-" "WinHttp-Autoproxy-Service/5.1"
5.62.60.25 - - [09/Jan/2019:07:07:07 +0100] "GET /~forstel/ HTTP/1.1" 403 479 "-" "Mozilla/5.0 (Macintosh; Intel Mac OS X 10_7_5) AppleWebKit/537.36 (KHTML, like Gecko) Chrome/27.0.1453.93 Safari/537.36"
172.26.35.114 - - [09/Jan/2019:07:07:12 +0100] "GET /wpad.dat HTTP/1.1" 404 502 "-" "WinHttp-Autoproxy-Service/5.1"
172.26.36.105 - - [09/Jan/2019:07:09:57 +0100] "GET /wpad.dat HTTP/1.1" 404 502 "-" "WinHttp-Autoproxy-Service/5.1"
172.26.47.236 - - [09/Jan/2019:07:10:03 +0100] "GET / HTTP/1.0" 200 627 "-" "check_http/v2.2 (monitoring-plugins 2.2)"
172.26.33.107 - - [09/Jan/2019:07:10:06 +0100] "GET /wpad.dat HTTP/1.1" 404 502 "-" "WinHttp-Autoproxy-Service/5.1"
172.26.72.220 - - [09/Jan/2019:07:12:54 +0100] "GET /wpad.dat HTTP/1.1" 404 502 "-" "WinHttp-Autoproxy-Service/5.1"
172.26.37.100 - - [09/Jan/2019:07:13:01 +0100] "GET /wpad.dat HTTP/1.1" 404 502 "-" "WinHttp-Autoproxy-Service/5.1"
172.26.35.115 - - [09/Jan/2019:07:16:34 +0100] "GET /wpad.dat HTTP/1.1" 404 502 "-" "WinHttp-Autoproxy-Service/5.1"
66.249.79.94 - - [09/Jan/2019:07:16:42 +0100] "GET /~willi/Vorlesungen/Prog1/Skripte/Prog1US7.pdf HTTP/1.1" 403 553 "-" "Mozilla/5.0 (compatible; Googlebot/2.1; +http://www.google.com/bot.html)"
172.26.35.114 - - [09/Jan/2019:07:17:12 +0100] "GET /wpad.dat HTTP/1.1" 404 502 "-" "WinHttp-Autoproxy-Service/5.1"
66.249.79.94 - - [09/Jan/2019:07:18:15 +0100] "GET /~hoerdur/fsbsc/ws0708/Portal.pdf HTTP/1.1" 403 537 "-" "Googlebot/2.1 (+http://www.google.com/bot.html)"
172.26.36.105 - - [09/Jan/2019:07:19:57 +0100] "GET /wpad.dat HTTP/1.1" 404 502 "-" "WinHttp-Autoproxy-Service/5.1"
87.250.233.71 - - [09/Jan/2019:07:20:04 +0100] "GET /~willi/teaching/computerVision/ HTTP/1.1" 403 539 "-" "Mozilla/5.0 (compatible; YandexBot/3.0; +http://yandex.com/bots)"
172.26.33.107 - - [09/Jan/2019:07:20:06 +0100] "GET /wpad.dat HTTP/1.1" 404 502 "-" "WinHttp-Autoproxy-Service/5.1"
172.26.72.220 - - [09/Jan/2019:07:22:54 +0100] "GET /wpad.dat HTTP/1.1" 404 502 "-" "WinHttp-Autoproxy-Service/5.1"
172.26.37.100 - - [09/Jan/2019:07:23:01 +0100] "GET /wpad.dat HTTP/1.1" 404 502 "-" "WinHttp-Autoproxy-Service/5.1"
172.26.35.115 - - [09/Jan/2019:07:26:34 +0100] "GET /wpad.dat HTTP/1.1" 404 502 "-" "WinHttp-Autoproxy-Service/5.1"
172.26.33.107 - - [09/Jan/2019:07:26:51 +0100] "GET /wpad.dat HTTP/1.1" 404 502 "-" "Mozilla/5.0 (Windows NT 10.0; Win64; x64) AppleWebKit/537.36 (KHTML, like Gecko) Chrome/63.0.3239.84 Safari/537.36"
54.36.148.51 - - [09/Jan/2019:07:27:01 +0100] "GET /~willi/Projects/AR/AR-Arcanoid/Dokumentation/doxydoc/classVector3D-members.html HTTP/1.1" 403 531 "-" "Mozilla/5.0 (compatible; AhrefsBot/5.2; +http://ahrefs.com/robot/)"
220.181.51.122 - - [09/Jan/2019:07:27:10 +0100] "GET /~willi/resources/Paper/DetectInteract2013.pdf HTTP/1.1" 403 516 "-" "Mozilla/5.0 (Windows NT 10.0; WOW64) AppleWebKit/537.36 (KHTML, like Gecko) Chrome/45.0.2454.93 Safari/537.36"
220.181.51.91 - - [09/Jan/2019:07:27:11 +0100] "GET / HTTP/1.1" 200 548 "-" "Mozilla/5.0 (Windows NT 10.0; WOW64) AppleWebKit/537.36 (KHTML, like Gecko) Chrome/45.0.2454.93 Safari/537.36"
220.181.51.119 - - [09/Jan/2019:07:27:11 +0100] "GET /~willi/resources/Paper/mit3dCEBIT2009.pdf HTTP/1.1" 403 512 "-" "Mozilla/5.0 (Windows NT 10.0; WOW64) AppleWebKit/537.36 (KHTML, like Gecko) Chrome/45.0.2454.93 Safari/537.36"
172.26.35.114 - - [09/Jan/2019:07:27:12 +0100] "GET /wpad.dat HTTP/1.1" 404 502 "-" "WinHttp-Autoproxy-Service/5.1"
66.249.79.94 - - [09/Jan/2019:07:28:42 +0100] "GET /~willi/Vorlesungen/Prog2/Skripte/Prog2US2.pdf HTTP/1.1" 403 553 "-" "Mozilla/5.0 (compatible; Googlebot/2.1; +http://www.google.com/bot.html)"
172.26.36.105 - - [09/Jan/2019:07:29:57 +0100] "GET /wpad.dat HTTP/1.1" 404 502 "-" "WinHttp-Autoproxy-Service/5.1"
172.26.33.107 - - [09/Jan/2019:07:30:06 +0100] "GET /wpad.dat HTTP/1.1" 404 502 "-" "WinHttp-Autoproxy-Service/5.1"
172.26.72.220 - - [09/Jan/2019:07:32:54 +0100] "GET /wpad.dat HTTP/1.1" 404 502 "-" "WinHttp-Autoproxy-Service/5.1"
172.26.37.100 - - [09/Jan/2019:07:33:01 +0100] "GET /wpad.dat HTTP/1.1" 404 502 "-" "WinHttp-Autoproxy-Service/5.1"
66.249.79.92 - - [09/Jan/2019:07:35:36 +0100] "GET /~hoerdur/mobile/ws0506/Symbian.pdf HTTP/1.1" 403 539 "-" "Googlebot/2.1 (+http://www.google.com/bot.html)"
172.26.35.115 - - [09/Jan/2019:07:36:34 +0100] "GET /wpad.dat HTTP/1.1" 404 502 "-" "WinHttp-Autoproxy-Service/5.1"
172.26.35.114 - - [09/Jan/2019:07:37:12 +0100] "GET /wpad.dat HTTP/1.1" 404 502 "-" "WinHttp-Autoproxy-Service/5.1"
172.26.36.105 - - [09/Jan/2019:07:39:57 +0100] "GET /wpad.dat HTTP/1.1" 404 502 "-" "WinHttp-Autoproxy-Service/5.1"
172.26.33.107 - - [09/Jan/2019:07:40:06 +0100] "GET /wpad.dat HTTP/1.1" 404 502 "-" "WinHttp-Autoproxy-Service/5.1"
66.249.79.92 - - [09/Jan/2019:07:40:42 +0100] "GET /~willi/Vorlesungen/Prog1/Skripte/Prog1US8.pdf HTTP/1.1" 403 553 "-" "Mozilla/5.0 (Linux; Android 6.0.1; Nexus 5X Build/MMB29P) AppleWebKit/537.36 (KHTML, like Gecko) Chrome/41.0.2272.96 Mobile Safari/537.36 (compatible; Googlebot/2.1; +http://www.google.com/bot.html)"
121.147.42.186 - - [09/Jan/2019:07:41:23 +0100] "GET /~fsenk042/mm// HTTP/1.1" 404 510 "-" "Mozilla/5.0 (Linux; Android 4.4.2; Nexus 4 Build/KOT49H) AppleWebKit/537.36 (KHTML, like Gecko) Chrome/34.0.1847.114 Mobile Safari/537.36"
172.26.72.220 - - [09/Jan/2019:07:42:54 +0100] "GET /wpad.dat HTTP/1.1" 404 502 "-" "WinHttp-Autoproxy-Service/5.1"
172.26.37.100 - - [09/Jan/2019:07:43:01 +0100] "GET /wpad.dat HTTP/1.1" 404 502 "-" "WinHttp-Autoproxy-Service/5.1"
104.236.182.189 - - [09/Jan/2019:07:45:20 +0100] "GET / HTTP/1.1" 200 529 "-" "Mozilla/5.0 zgrab/0.x"
172.26.35.115 - - [09/Jan/2019:07:46:34 +0100] "GET /wpad.dat HTTP/1.1" 404 502 "-" "WinHttp-Autoproxy-Service/5.1"
40.77.167.19 - - [09/Jan/2019:07:46:40 +0100] "GET /~hoerdur/mobile/ws0708/716DCAE500974D3B57D35DDEE5BC7D3F_00000.temp0056.htm HTTP/1.1" 403 579 "-" "Mozilla/5.0 (compatible; bingbot/2.0; +http://www.bing.com/bingbot.htm)"
172.26.35.114 - - [09/Jan/2019:07:47:12 +0100] "GET /wpad.dat HTTP/1.1" 404 502 "-" "WinHttp-Autoproxy-Service/5.1"
45.55.7.78 - - [09/Jan/2019:07:49:19 +0100] "GET / HTTP/1.1" 200 529 "-" "Mozilla/5.0 zgrab/0.x"
172.26.36.105 - - [09/Jan/2019:07:49:57 +0100] "GET /wpad.dat HTTP/1.1" 404 502 "-" "WinHttp-Autoproxy-Service/5.1"
172.26.33.107 - - [09/Jan/2019:07:50:06 +0100] "GET /wpad.dat HTTP/1.1" 404 502 "-" "WinHttp-Autoproxy-Service/5.1"
62.156.188.171 - - [09/Jan/2019:07:50:31 +0100] "GET /~willi/Vorlesungen/Prog1/Skripte/Prog1US7.pdf HTTP/1.1" 403 553 "http://www.bing.com/search?q=lokale+stringvariable+in+einer+methode+java&qs=n&form=QBLH&sp=-1&ghc=1&pq=undefined&sc=0-15&sk=&cvid=87B70255C53A4AE5A4391E4E5EA1CAD0" "Mozilla/5.0 (Windows NT 6.1; Win64; x64; rv:57.0) Gecko/20100101 Firefox/57.0"
62.156.188.171 - - [09/Jan/2019:07:50:31 +0100] "GET /favicon.ico HTTP/1.1" 200 3489 "-" "Mozilla/5.0 (Windows NT 6.1; Win64; x64; rv:57.0) Gecko/20100101 Firefox/57.0"
104.131.150.14 - - [09/Jan/2019:07:51:01 +0100] "GET / HTTP/1.1" 200 529 "-" "Mozilla/5.0 zgrab/0.x"
66.249.79.94 - - [09/Jan/2019:07:52:42 +0100] "GET /anreise/Anfahrt_UDE.pdf HTTP/1.1" 304 183 "-" "Mozilla/5.0 (compatible; Googlebot/2.1; +http://www.google.com/bot.html)"
172.26.72.220 - - [09/Jan/2019:07:52:54 +0100] "GET /wpad.dat HTTP/1.1" 404 502 "-" "WinHttp-Autoproxy-Service/5.1"
172.26.37.100 - - [09/Jan/2019:07:53:01 +0100] "GET /wpad.dat HTTP/1.1" 404 502 "-" "WinHttp-Autoproxy-Service/5.1"
172.26.33.107 - - [09/Jan/2019:07:53:56 +0100] "GET /wpad.dat HTTP/1.1" 404 502 "-" "Mozilla/5.0 (Windows NT 10.0; Win64; x64) AppleWebKit/537.36 (KHTML, like Gecko) Chrome/63.0.3239.84 Safari/537.36"
172.26.35.105 - - [09/Jan/2019:07:55:26 +0100] "GET /wpad.dat HTTP/1.1" 404 502 "-" "WinHttp-Autoproxy-Service/5.1"
172.26.35.105 - - [09/Jan/2019:07:55:29 +0100] "GET /wpad.dat HTTP/1.1" 404 501 "-" "WinHttp-Autoproxy-Service/5.1"
172.26.35.105 - - [09/Jan/2019:07:55:44 +0100] "GET /wpad.dat HTTP/1.1" 404 502 "-" "WinHttp-Autoproxy-Service/5.1"
172.26.35.115 - - [09/Jan/2019:07:56:34 +0100] "GET /wpad.dat HTTP/1.1" 404 502 "-" "WinHttp-Autoproxy-Service/5.1"
172.26.35.105 - - [09/Jan/2019:07:56:44 +0100] "GET /wpad.dat HTTP/1.1" 404 502 "-" "WinHttp-Autoproxy-Service/5.1"
172.26.35.114 - - [09/Jan/2019:07:57:12 +0100] "GET /wpad.dat HTTP/1.1" 404 502 "-" "WinHttp-Autoproxy-Service/5.1"
221.212.116.12 - - [09/Jan/2019:07:57:21 +0100] "GET /~willi/resources/Paper/TCLCH_ICCV2017.pdf HTTP/1.1" 403 549 "-" "Mozilla/5.0 (Windows NT 10.0; WOW64) AppleWebKit/537.36 (KHTML, like Gecko) Chrome/63.0.3239.84 Safari/537.36"
221.212.116.12 - - [09/Jan/2019:07:57:21 +0100] "GET /favicon.ico HTTP/1.1" 200 3489 "http://www.mi.hs-rm.de/~willi/resources/Paper/TCLCH_ICCV2017.pdf" "Mozilla/5.0 (Windows NT 10.0; WOW64) AppleWebKit/537.36 (KHTML, like Gecko) Chrome/63.0.3239.84 Safari/537.36"
221.212.116.12 - - [09/Jan/2019:07:57:30 +0100] "GET /~willi/resources/Paper/TCLCH_ICCV2017.pdf HTTP/1.1" 403 549 "-" "Mozilla/5.0 (Windows NT 10.0; WOW64) AppleWebKit/537.36 (KHTML, like Gecko) Chrome/63.0.3239.84 Safari/537.36"
123.125.71.28 - - [09/Jan/2019:07:57:58 +0100] "GET /~willi/resources/Paper/DetectInteract2013.pdf HTTP/1.1" 403 516 "-" "Mozilla/5.0 (compatible; Baiduspider/2.0; +http://www.baidu.com/search/spider.html)"
123.125.71.38 - - [09/Jan/2019:07:58:02 +0100] "GET /~willi/resources/Paper/mit3dCEBIT2009.pdf HTTP/1.1" 403 512 "-" "Mozilla/5.0 (compatible; Baiduspider/2.0; +http://www.baidu.com/search/spider.html)"
123.125.71.115 - - [09/Jan/2019:07:58:04 +0100] "GET / HTTP/1.1" 200 548 "-" "Mozilla/5.0 (compatible; Baiduspider/2.0; +http://www.baidu.com/search/spider.html)"
221.212.116.36 - - [09/Jan/2019:07:58:12 +0100] "GET /~willi/resources/Paper/TCLCH_ICCV2017.pdf HTTP/1.1" 403 547 "-" "Mozilla/5.0 (Windows NT 10.0; WOW64) AppleWebKit/537.36 (KHTML, like Gecko) Chrome/63.0.3239.84 Safari/537.36"
120.204.17.67 - - [09/Jan/2019:07:58:20 +0100] "GET /~willi/resources/Paper/TCLCH_ICCV2017.pdf HTTP/1.1" 403 549 "-" "Mozilla/5.0 (Windows NT 6.1; WOW64) AppleWebKit/537.36 (KHTML, like Gecko) Chrome/53.0.2785.104 Safari/537.36 Core/1.53.2141.400 QQBrowser/9.5.10219.400"
221.212.116.36 - - [09/Jan/2019:07:58:28 +0100] "GET /~willi/resources/Paper/TCLCH_ICCV2017.pdf HTTP/1.1" 403 547 "-" "Mozilla/4.0 (compatible; MSIE 6.0; Windows NT 5.1; SV1; .NET CLR 1.1.4322)"
221.212.116.36 - - [09/Jan/2019:07:58:30 +0100] "GET /~willi/resources/Paper/TCLCH_ICCV2017.pdf HTTP/1.1" 403 549 "-" "Mozilla/4.0 (compatible; MSIE 6.0; Windows NT 5.1; SV1; .NET CLR 1.1.4322)"
221.212.116.36 - - [09/Jan/2019:07:58:38 +0100] "GET /~willi/resources/Paper/TCLCH_ICCV2017.pdf HTTP/1.1" 403 547 "-" "Mozilla/4.0 (compatible; MSIE 6.0; Windows NT 5.1; SV1; .NET CLR 1.1.4322)"
221.212.116.36 - - [09/Jan/2019:07:58:42 +0100] "GET /~willi/resources/Paper/TCLCH_ICCV2017.pdf HTTP/1.1" 403 547 "-" "Mozilla/5.0 (Windows NT 10.0; WOW64) AppleWebKit/537.36 (KHTML, like Gecko) Chrome/63.0.3239.84 Safari/537.36"
221.212.116.36 - - [09/Jan/2019:07:58:43 +0100] "GET /~willi/resources/Paper/TCLCH_ICCV2017.pdf HTTP/1.1" 403 549 "-" "Mozilla/5.0 (Windows NT 10.0; WOW64) AppleWebKit/537.36 (KHTML, like Gecko) Chrome/63.0.3239.84 Safari/537.36"
221.212.116.36 - - [09/Jan/2019:07:58:51 +0100] "GET /~willi/resources/Paper/TCLCH_ICCV2017.pdf HTTP/1.1" 403 547 "-" "Mozilla/5.0 (Windows NT 10.0; WOW64) AppleWebKit/537.36 (KHTML, like Gecko) Chrome/63.0.3239.84 Safari/537.36"
221.212.116.36 - - [09/Jan/2019:07:58:52 +0100] "GET /~willi/resources/Paper/TCLCH_ICCV2017.pdf HTTP/1.1" 403 549 "-" "Mozilla/5.0 (Windows NT 10.0; WOW64) AppleWebKit/537.36 (KHTML, like Gecko) Chrome/63.0.3239.84 Safari/537.36"
221.212.116.36 - - [09/Jan/2019:07:58:57 +0100] "GET /~willi/resources/Paper/TCLCH_ICCV2017.pdf HTTP/1.1" 403 549 "-" "Mozilla/4.0 (compatible; MSIE 6.0; Windows NT 5.1; SV1; .NET CLR 1.1.4322)"
221.212.116.36 - - [09/Jan/2019:07:58:59 +0100] "GET /~willi/resources/Paper/TCLCH_ICCV2017.pdf HTTP/1.1" 403 547 "-" "Mozilla/5.0 (Windows NT 10.0; WOW64) AppleWebKit/537.36 (KHTML, like Gecko) Chrome/63.0.3239.84 Safari/537.36"
221.212.116.36 - - [09/Jan/2019:07:59:01 +0100] "GET /~willi/resources/Paper/TCLCH_ICCV2017.pdf HTTP/1.1" 403 549 "-" "Mozilla/5.0 (Windows NT 10.0; WOW64) AppleWebKit/537.36 (KHTML, like Gecko) Chrome/63.0.3239.84 Safari/537.36"
221.212.116.36 - - [09/Jan/2019:07:59:02 +0100] "GET /~willi/resources/Paper/TCLCH_ICCV2017.pdf HTTP/1.1" 403 547 "-" "Mozilla/4.0 (compatible; MSIE 6.0; Windows NT 5.1; SV1; .NET CLR 1.1.4322)"
221.212.116.36 - - [09/Jan/2019:07:59:03 +0100] "GET /~willi/resources/Paper/TCLCH_ICCV2017.pdf HTTP/1.1" 403 549 "-" "Mozilla/4.0 (compatible; MSIE 6.0; Windows NT 5.1; SV1; .NET CLR 1.1.4322)"
40.77.167.8 - - [09/Jan/2019:07:59:23 +0100] "GET /~willi/resources/Paper/STAR-MMI.pdf HTTP/1.1" 403 543 "-" "Mozilla/5.0 (compatible; bingbot/2.0; +http://www.bing.com/bingbot.htm)"
172.26.36.105 - - [09/Jan/2019:07:59:57 +0100] "GET /wpad.dat HTTP/1.1" 404 502 "-" "WinHttp-Autoproxy-Service/5.1"
172.26.33.107 - - [09/Jan/2019:08:00:06 +0100] "GET /wpad.dat HTTP/1.1" 404 502 "-" "WinHttp-Autoproxy-Service/5.1"
101.226.65.107 - - [09/Jan/2019:08:01:10 +0100] "GET /~willi/resources/Paper/TCLCH_ICCV2017.pdf HTTP/1.1" 403 549 "-" "Mozilla/5.0 (Windows NT 6.1; WOW64; rv:50.0) Gecko/20100101 Firefox/50.0"
172.26.72.220 - - [09/Jan/2019:08:02:54 +0100] "GET /wpad.dat HTTP/1.1" 404 502 "-" "WinHttp-Autoproxy-Service/5.1"
172.26.37.100 - - [09/Jan/2019:08:03:01 +0100] "GET /wpad.dat HTTP/1.1" 404 502 "-" "WinHttp-Autoproxy-Service/5.1"
66.249.79.70 - - [09/Jan/2019:08:04:42 +0100] "GET /~willi/teaching/ HTTP/1.1" 403 524 "-" "Mozilla/5.0 (compatible; Googlebot/2.1; +http://www.google.com/bot.html)"
172.26.35.105 - - [09/Jan/2019:08:04:59 +0100] "GET /wpad.dat HTTP/1.1" 404 502 "-" "WinHttp-Autoproxy-Service/5.1"
172.26.35.105 - - [09/Jan/2019:08:05:02 +0100] "GET /wpad.dat HTTP/1.1" 404 501 "-" "WinHttp-Autoproxy-Service/5.1"
172.26.35.105 - - [09/Jan/2019:08:05:02 +0100] "GET /wpad.dat HTTP/1.1" 404 501 "-" "WinHttp-Autoproxy-Service/5.1"
172.26.35.105 - - [09/Jan/2019:08:05:17 +0100] "GET /wpad.dat HTTP/1.1" 404 502 "-" "WinHttp-Autoproxy-Service/5.1"
172.26.35.105 - - [09/Jan/2019:08:06:17 +0100] "GET /wpad.dat HTTP/1.1" 404 502 "-" "WinHttp-Autoproxy-Service/5.1"
172.26.35.115 - - [09/Jan/2019:08:06:34 +0100] "GET /wpad.dat HTTP/1.1" 404 502 "-" "WinHttp-Autoproxy-Service/5.1"
172.26.35.114 - - [09/Jan/2019:08:07:12 +0100] "GET /wpad.dat HTTP/1.1" 404 502 "-" "WinHttp-Autoproxy-Service/5.1"
172.26.36.105 - - [09/Jan/2019:08:09:57 +0100] "GET /wpad.dat HTTP/1.1" 404 502 "-" "WinHttp-Autoproxy-Service/5.1"
172.26.47.236 - - [09/Jan/2019:08:10:03 +0100] "GET / HTTP/1.0" 200 627 "-" "check_http/v2.2 (monitoring-plugins 2.2)"
172.26.33.107 - - [09/Jan/2019:08:10:06 +0100] "GET /wpad.dat HTTP/1.1" 404 502 "-" "WinHttp-Autoproxy-Service/5.1"
66.249.79.94 - - [09/Jan/2019:08:10:24 +0100] "GET /~hoerdur/mobile/ws0708/3DAPI.pdf HTTP/1.1" 403 537 "-" "Googlebot/2.1 (+http://www.google.com/bot.html)"
172.26.72.220 - - [09/Jan/2019:08:12:54 +0100] "GET /wpad.dat HTTP/1.1" 404 502 "-" "WinHttp-Autoproxy-Service/5.1"
172.26.37.100 - - [09/Jan/2019:08:13:01 +0100] "GET /wpad.dat HTTP/1.1" 404 502 "-" "WinHttp-Autoproxy-Service/5.1"
79.194.122.58 - - [09/Jan/2019:08:15:39 +0100] "GET /~willi/Projects/CG/CarreraCV/doku/imgs/klassendiagramm.jpg HTTP/1.1" 403 566 "https://www.google.de/" "Mozilla/5.0 (Macintosh; Intel Mac OS X 10_13_2) AppleWebKit/604.4.7 (KHTML, like Gecko) Version/11.0.2 Safari/604.4.7"
172.26.35.105 - - [09/Jan/2019:08:16:17 +0100] "GET /wpad.dat HTTP/1.1" 404 502 "-" "WinHttp-Autoproxy-Service/5.1"
172.26.35.115 - - [09/Jan/2019:08:16:34 +0100] "GET /wpad.dat HTTP/1.1" 404 502 "-" "WinHttp-Autoproxy-Service/5.1"
66.249.79.92 - - [09/Jan/2019:08:16:42 +0100] "GET /medieninformatik_flyer.pdf HTTP/1.1" 304 183 "-" "Mozilla/5.0 (compatible; Googlebot/2.1; +http://www.google.com/bot.html)"
172.26.35.114 - - [09/Jan/2019:08:17:12 +0100] "GET /wpad.dat HTTP/1.1" 404 502 "-" "WinHttp-Autoproxy-Service/5.1"
172.26.36.105 - - [09/Jan/2019:08:19:57 +0100] "GET /wpad.dat HTTP/1.1" 404 502 "-" "WinHttp-Autoproxy-Service/5.1"
172.26.33.107 - - [09/Jan/2019:08:20:06 +0100] "GET /wpad.dat HTTP/1.1" 404 502 "-" "WinHttp-Autoproxy-Service/5.1"
66.249.79.94 - - [09/Jan/2019:08:20:39 +0100] "GET /~forstel/lehre/bpm/Seminar/tc003v11.pdf HTTP/1.1" 403 546 "-" "Googlebot/2.1 (+http://www.google.com/bot.html)"
172.26.72.220 - - [09/Jan/2019:08:22:54 +0100] "GET /wpad.dat HTTP/1.1" 404 502 "-" "WinHttp-Autoproxy-Service/5.1"
172.26.37.100 - - [09/Jan/2019:08:23:01 +0100] "GET /wpad.dat HTTP/1.1" 404 502 "-" "WinHttp-Autoproxy-Service/5.1"
172.26.35.105 - - [09/Jan/2019:08:26:17 +0100] "GET /wpad.dat HTTP/1.1" 404 502 "-" "WinHttp-Autoproxy-Service/5.1"
172.26.35.115 - - [09/Jan/2019:08:26:34 +0100] "GET /wpad.dat HTTP/1.1" 404 502 "-" "WinHttp-Autoproxy-Service/5.1"
84.189.200.107 - - [09/Jan/2019:08:26:41 +0100] "GET /portal/ HTTP/1.1" 302 550 "-" "Mozilla/5.0 (Macintosh; Intel Mac OS X 10_13_2) AppleWebKit/604.4.7 (KHTML, like Gecko) Version/11.0.2 Safari/604.4.7"
172.26.35.114 - - [09/Jan/2019:08:27:12 +0100] "GET /wpad.dat HTTP/1.1" 404 502 "-" "WinHttp-Autoproxy-Service/5.1"
40.77.167.19 - - [09/Jan/2019:08:28:29 +0100] "GET /~hoerdur/mobile/ws0708/95D1BCDC5D2782E2804D7FB9668BD960_00000.temp007d.htm HTTP/1.1" 403 579 "-" "Mozilla/5.0 (compatible; bingbot/2.0; +http://www.bing.com/bingbot.htm)"
40.77.167.19 - - [09/Jan/2019:08:29:17 +0100] "GET /~willi/Veroeffentlichungen/docs/gesture2011.pdf HTTP/1.1" 403 555 "-" "Mozilla/5.0 (compatible; bingbot/2.0; +http://www.bing.com/bingbot.htm)"
172.26.36.105 - - [09/Jan/2019:08:29:57 +0100] "GET /wpad.dat HTTP/1.1" 404 502 "-" "WinHttp-Autoproxy-Service/5.1"
172.26.33.107 - - [09/Jan/2019:08:30:06 +0100] "GET /wpad.dat HTTP/1.1" 404 502 "-" "WinHttp-Autoproxy-Service/5.1"
217.230.224.96 - - [09/Jan/2019:08:31:23 +0100] "GET /~klebi001/waldschmidt/ HTTP/1.1" 404 518 "-" "Mozilla/5.0 (Macintosh; Intel Mac OS X 10_11_6) AppleWebKit/601.7.8 (KHTML, like Gecko)"
217.230.224.96 - - [09/Jan/2019:08:31:23 +0100] "GET /apple-touch-icon-precomposed.png HTTP/1.1" 404 528 "-" "Safari/11601.7.8 CFNetwork/760.6.3 Darwin/15.6.0 (x86_64)"
217.230.224.96 - - [09/Jan/2019:08:31:23 +0100] "GET /apple-touch-icon.png HTTP/1.1" 404 515 "-" "Safari/11601.7.8 CFNetwork/760.6.3 Darwin/15.6.0 (x86_64)"
217.230.224.96 - - [09/Jan/2019:08:31:23 +0100] "GET /~klebi001/waldschmidt/ HTTP/1.1" 404 517 "-" "Mozilla/5.0 (iPhone; CPU iPhone OS 9_3 like Mac OS X) AppleWebKit/601.1.46 (KHTML, like Gecko) Version/9.0 Mobile/13E188a Safari/601.1"
217.230.224.96 - - [09/Jan/2019:08:31:24 +0100] "GET /apple-touch-icon-precomposed.png HTTP/1.1" 404 527 "-" "Safari/11601.7.8 CFNetwork/760.6.3 Darwin/15.6.0 (x86_64)"
217.230.224.96 - - [09/Jan/2019:08:31:24 +0100] "GET /apple-touch-icon.png HTTP/1.1" 404 515 "-" "Safari/11601.7.8 CFNetwork/760.6.3 Darwin/15.6.0 (x86_64)"
