172.26.72.220 - - [09/Jan/2019:08:32:54 +0100] "GET /wpad.dat HTTP/1.1" 404 502 "-" "WinHttp-Autoproxy-Service/5.1"
172.26.37.100 - - [09/Jan/2019:08:33:01 +0100] "GET /wpad.dat HTTP/1.1" 404 502 "-" "WinHttp-Autoproxy-Service/5.1"
66.249.79.92 - - [09/Jan/2019:08:35:06 +0100] "GET /~willi/Veroeffentlichungen/docs/CombTang2013.pdf HTTP/1.1" 403 556 "-" "Googlebot/2.1 (+http://www.google.com/bot.html)"
172.26.35.105 - - [09/Jan/2019:08:36:17 +0100] "GET /wpad.dat HTTP/1.1" 404 502 "-" "WinHttp-Autoproxy-Service/5.1"
172.26.35.115 - - [09/Jan/2019:08:36:34 +0100] "GET /wpad.dat HTTP/1.1" 404 502 "-" "WinHttp-Autoproxy-Service/5.1"
40.77.167.59 - - [09/Jan/2019:08:37:05 +0100] "GET /~willi/teaching/computerVisionB/ HTTP/1.1" 403 540 "-" "Mozilla/5.0 (compatible; bingbot/2.0; +http://www.bing.com/bingbot.htm)"
172.26.35.114 - - [09/Jan/2019:08:37:12 +0100] "GET /wpad.dat HTTP/1.1" 404 502 "-" "WinHttp-Autoproxy-Service/5.1"
40.77.167.19 - - [09/Jan/2019:08:39:36 +0100] "GET /~hoerdur/mobile/ws0708/95D1BCDC5D2782E2804D7FB9668BD960_00000.temp00ab.htm HTTP/1.1" 403 579 "-" "Mozilla/5.0 (compatible; bingbot/2.0; +http://www.bing.com/bingbot.htm)"
172.26.36.105 - - [09/Jan/2019:08:39:57 +0100] "GET /wpad.dat HTTP/1.1" 404 502 "-" "WinHttp-Autoproxy-Service/5.1"
172.26.33.107 - - [09/Jan/2019:08:40:06 +0100] "GET /wpad.dat HTTP/1.1" 404 502 "-" "WinHttp-Autoproxy-Service/5.1"
172.26.72.220 - - [09/Jan/2019:08:42:54 +0100] "GET /wpad.dat HTTP/1.1" 404 502 "-" "WinHttp-Autoproxy-Service/5.1"
172.26.37.100 - - [09/Jan/2019:08:43:01 +0100] "GET /wpad.dat HTTP/1.1" 404 502 "-" "WinHttp-Autoproxy-Service/5.1"
194.31.240.12 - - [09/Jan/2019:08:44:17 +0100] "GET /~willi/Projects/CG/CarreraCV/doku/kalman/kalman.htm HTTP/1.1" 403 559 "-" "Mozilla/5.0 (Windows NT 10.0; Win64; x64) AppleWebKit/537.36 (KHTML, like Gecko) Chrome/63.0.3239.132 Safari/537.36"
194.31.240.12 - - [09/Jan/2019:08:44:17 +0100] "GET /favicon.ico HTTP/1.1" 200 3489 "http://www.mi.hs-rm.de/~willi/Projects/CG/CarreraCV/doku/kalman/kalman.htm" "Mozilla/5.0 (Windows NT 10.0; Win64; x64) AppleWebKit/537.36 (KHTML, like Gecko) Chrome/63.0.3239.132 Safari/537.36"
172.26.35.105 - - [09/Jan/2019:08:46:17 +0100] "GET /wpad.dat HTTP/1.1" 404 502 "-" "WinHttp-Autoproxy-Service/5.1"
172.26.35.115 - - [09/Jan/2019:08:46:34 +0100] "GET /wpad.dat HTTP/1.1" 404 502 "-" "WinHttp-Autoproxy-Service/5.1"
172.26.35.114 - - [09/Jan/2019:08:47:12 +0100] "GET /wpad.dat HTTP/1.1" 404 502 "-" "WinHttp-Autoproxy-Service/5.1"
172.26.36.105 - - [09/Jan/2019:08:49:57 +0100] "GET /wpad.dat HTTP/1.1" 404 502 "-" "WinHttp-Autoproxy-Service/5.1"
172.26.33.107 - - [09/Jan/2019:08:50:06 +0100] "GET /wpad.dat HTTP/1.1" 404 502 "-" "WinHttp-Autoproxy-Service/5.1"
212.95.103.106 - - [09/Jan/2019:08:51:24 +0100] "GET /~willi/Vorlesungen/Prog1/Skripte/Prog1US8.pdf HTTP/1.1" 403 553 "https://www.ecosia.org/" "Mozilla/5.0 (Windows NT 10.0; Win64; x64) AppleWebKit/537.36 (KHTML, like Gecko) Chrome/63.0.3239.132 Safari/537.36"
212.95.103.106 - - [09/Jan/2019:08:51:28 +0100] "GET /favicon.ico HTTP/1.1" 200 3489 "http://www.mi.hs-rm.de/~willi/Vorlesungen/Prog1/Skripte/Prog1US8.pdf" "Mozilla/5.0 (Windows NT 10.0; Win64; x64) AppleWebKit/537.36 (KHTML, like Gecko) Chrome/63.0.3239.132 Safari/537.36"
66.249.79.92 - - [09/Jan/2019:08:52:42 +0100] "GET /~willi/Projects/CG/CarreraCV/doku/intrinsisch/intrinsisch.htm HTTP/1.1" 403 569 "-" "Mozilla/5.0 (compatible; Googlebot/2.1; +http://www.google.com/bot.html)"
172.26.72.220 - - [09/Jan/2019:08:52:54 +0100] "GET /wpad.dat HTTP/1.1" 404 502 "-" "WinHttp-Autoproxy-Service/5.1"
172.26.37.100 - - [09/Jan/2019:08:53:01 +0100] "GET /wpad.dat HTTP/1.1" 404 502 "-" "WinHttp-Autoproxy-Service/5.1"
172.26.35.105 - - [09/Jan/2019:08:56:17 +0100] "GET /wpad.dat HTTP/1.1" 404 502 "-" "WinHttp-Autoproxy-Service/5.1"
172.26.35.115 - - [09/Jan/2019:08:56:34 +0100] "GET /wpad.dat HTTP/1.1" 404 502 "-" "WinHttp-Autoproxy-Service/5.1"
172.26.35.114 - - [09/Jan/2019:08:57:12 +0100] "GET /wpad.dat HTTP/1.1" 404 502 "-" "WinHttp-Autoproxy-Service/5.1"
54.70.40.11 - - [09/Jan/2019:08:57:29 +0100] "GET /robots.txt HTTP/1.1" 200 262 "-" "Mozilla/5.0 (compatible) SemanticScholarBot (+https://www.semanticscholar.org/crawler)"
172.26.36.105 - - [09/Jan/2019:08:59:57 +0100] "GET /wpad.dat HTTP/1.1" 404 502 "-" "WinHttp-Autoproxy-Service/5.1"
172.26.33.107 - - [09/Jan/2019:09:00:06 +0100] "GET /wpad.dat HTTP/1.1" 404 502 "-" "WinHttp-Autoproxy-Service/5.1"
172.26.72.220 - - [09/Jan/2019:09:02:54 +0100] "GET /wpad.dat HTTP/1.1" 404 502 "-" "WinHttp-Autoproxy-Service/5.1"
172.26.37.100 - - [09/Jan/2019:09:03:01 +0100] "GET /wpad.dat HTTP/1.1" 404 502 "-" "WinHttp-Autoproxy-Service/5.1"
66.249.79.92 - - [09/Jan/2019:09:04:42 +0100] "GET /~willi/Projects/CG/CarreraCV/doku/intrinsisch/intrinsisch.htm HTTP/1.1" 403 569 "-" "Mozilla/5.0 (Linux; Android 6.0.1; Nexus 5X Build/MMB29P) AppleWebKit/537.36 (KHTML, like Gecko) Chrome/41.0.2272.96 Mobile Safari/537.36 (compatible; Googlebot/2.1; +http://www.google.com/bot.html)"
::1 - - [09/Jan/2019:09:05:31 +0100] "OPTIONS * HTTP/1.0" 200 126 "-" "Apache/2.4.25 (Debian) OpenSSL/1.0.2l mod_wsgi/4.5.11 Python/3.5 (internal dummy connection)"
66.249.79.92 - - [09/Jan/2019:09:05:53 +0100] "GET /~wuppental/Publications/CAIP2009.pdf HTTP/1.1" 403 539 "-" "Googlebot/2.1 (+http://www.google.com/bot.html)"
172.26.35.105 - - [09/Jan/2019:09:06:17 +0100] "GET /wpad.dat HTTP/1.1" 404 502 "-" "WinHttp-Autoproxy-Service/5.1"
172.26.35.115 - - [09/Jan/2019:09:06:34 +0100] "GET /wpad.dat HTTP/1.1" 404 502 "-" "WinHttp-Autoproxy-Service/5.1"
172.26.35.114 - - [09/Jan/2019:09:07:12 +0100] "GET /wpad.dat HTTP/1.1" 404 502 "-" "WinHttp-Autoproxy-Service/5.1"
::1 - - [09/Jan/2019:09:07:54 +0100] "OPTIONS * HTTP/1.0" 200 126 "-" "Apache/2.4.25 (Debian) OpenSSL/1.0.2l mod_wsgi/4.5.11 Python/3.5 (internal dummy connection)"
::1 - - [09/Jan/2019:09:08:18 +0100] "OPTIONS * HTTP/1.0" 200 126 "-" "Apache/2.4.25 (Debian) OpenSSL/1.0.2l mod_wsgi/4.5.11 Python/3.5 (internal dummy connection)"
82.119.177.212 - - [09/Jan/2019:09:09:11 +0100] "GET /favicon.ico HTTP/1.1" 200 3490 "-" "Mozilla/5.0 (Windows NT 6.1; Win64; x64; rv:57.0) Gecko/20100101 Firefox/57.0"
172.26.36.105 - - [09/Jan/2019:09:09:57 +0100] "GET /wpad.dat HTTP/1.1" 404 502 "-" "WinHttp-Autoproxy-Service/5.1"
172.26.47.236 - - [09/Jan/2019:09:10:03 +0100] "GET / HTTP/1.0" 200 627 "-" "check_http/v2.2 (monitoring-plugins 2.2)"
172.26.33.107 - - [09/Jan/2019:09:10:06 +0100] "GET /wpad.dat HTTP/1.1" 404 502 "-" "WinHttp-Autoproxy-Service/5.1"
172.26.72.220 - - [09/Jan/2019:09:12:54 +0100] "GET /wpad.dat HTTP/1.1" 404 502 "-" "WinHttp-Autoproxy-Service/5.1"
172.26.37.100 - - [09/Jan/2019:09:13:01 +0100] "GET /wpad.dat HTTP/1.1" 404 502 "-" "WinHttp-Autoproxy-Service/5.1"
66.249.79.92 - - [09/Jan/2019:09:13:26 +0100] "GET /~willi/Veroeffentlichungen/docs/pentrackingINTERACT2009.pdf HTTP/1.1" 403 567 "-" "Googlebot/2.1 (+http://www.google.com/bot.html)"
204.79.180.12 - - [09/Jan/2019:09:15:40 +0100] "GET /~willi/Vorlesungen/Prog1/Skripte/Prog1US4.pdf HTTP/1.1" 403 553 "-" "Mozilla/5.0 (compatible; MSIE 9.0; Windows NT 6.1; Trident/5.0;  Trident/5.0)"
172.26.35.105 - - [09/Jan/2019:09:16:17 +0100] "GET /wpad.dat HTTP/1.1" 404 502 "-" "WinHttp-Autoproxy-Service/5.1"
172.26.35.115 - - [09/Jan/2019:09:16:34 +0100] "GET /wpad.dat HTTP/1.1" 404 502 "-" "WinHttp-Autoproxy-Service/5.1"
172.26.35.114 - - [09/Jan/2019:09:17:12 +0100] "GET /wpad.dat HTTP/1.1" 404 502 "-" "WinHttp-Autoproxy-Service/5.1"
::1 - - [09/Jan/2019:09:18:32 +0100] "OPTIONS * HTTP/1.0" 200 126 "-" "Apache/2.4.25 (Debian) OpenSSL/1.0.2l mod_wsgi/4.5.11 Python/3.5 (internal dummy connection)"
::1 - - [09/Jan/2019:09:18:40 +0100] "OPTIONS * HTTP/1.0" 200 126 "-" "Apache/2.4.25 (Debian) OpenSSL/1.0.2l mod_wsgi/4.5.11 Python/3.5 (internal dummy connection)"
172.26.36.105 - - [09/Jan/2019:09:19:57 +0100] "GET /wpad.dat HTTP/1.1" 404 502 "-" "WinHttp-Autoproxy-Service/5.1"
172.26.33.107 - - [09/Jan/2019:09:20:06 +0100] "GET /wpad.dat HTTP/1.1" 404 502 "-" "WinHttp-Autoproxy-Service/5.1"
172.26.72.220 - - [09/Jan/2019:09:22:54 +0100] "GET /wpad.dat HTTP/1.1" 404 502 "-" "WinHttp-Autoproxy-Service/5.1"
172.26.37.100 - - [09/Jan/2019:09:23:01 +0100] "GET /wpad.dat HTTP/1.1" 404 502 "-" "WinHttp-Autoproxy-Service/5.1"
172.26.35.105 - - [09/Jan/2019:09:26:17 +0100] "GET /wpad.dat HTTP/1.1" 404 502 "-" "WinHttp-Autoproxy-Service/5.1"
172.26.35.114 - - [09/Jan/2019:09:27:12 +0100] "GET /wpad.dat HTTP/1.1" 404 502 "-" "WinHttp-Autoproxy-Service/5.1"
87.250.233.71 - - [09/Jan/2019:09:28:19 +0100] "GET /robots.txt HTTP/1.1" 200 318 "-" "Mozilla/5.0 (compatible; YandexBot/3.0; +http://yandex.com/bots)"
87.250.233.71 - - [09/Jan/2019:09:28:23 +0100] "GET /~willi/teaching/computerVision/ HTTP/1.1" 403 538 "-" "Mozilla/5.0 (compatible; YandexBot/3.0; +http://yandex.com/bots)"
172.26.36.105 - - [09/Jan/2019:09:29:57 +0100] "GET /wpad.dat HTTP/1.1" 404 502 "-" "WinHttp-Autoproxy-Service/5.1"
172.26.33.107 - - [09/Jan/2019:09:30:06 +0100] "GET /wpad.dat HTTP/1.1" 404 502 "-" "WinHttp-Autoproxy-Service/5.1"
172.26.72.220 - - [09/Jan/2019:09:32:54 +0100] "GET /wpad.dat HTTP/1.1" 404 502 "-" "WinHttp-Autoproxy-Service/5.1"
172.26.37.100 - - [09/Jan/2019:09:33:01 +0100] "GET /wpad.dat HTTP/1.1" 404 502 "-" "WinHttp-Autoproxy-Service/5.1"
172.26.35.105 - - [09/Jan/2019:09:36:17 +0100] "GET /wpad.dat HTTP/1.1" 404 502 "-" "WinHttp-Autoproxy-Service/5.1"
172.26.35.114 - - [09/Jan/2019:09:37:12 +0100] "GET /wpad.dat HTTP/1.1" 404 502 "-" "WinHttp-Autoproxy-Service/5.1"
::1 - - [09/Jan/2019:09:37:23 +0100] "OPTIONS * HTTP/1.0" 200 126 "-" "Apache/2.4.25 (Debian) OpenSSL/1.0.2l mod_wsgi/4.5.11 Python/3.5 (internal dummy connection)"
40.77.167.45 - - [09/Jan/2019:09:39:01 +0100] "GET /~willi/Vorlesungen/InCG/Software/JoglHouse.java HTTP/1.1" 403 555 "-" "Mozilla/5.0 (compatible; bingbot/2.0; +http://www.bing.com/bingbot.htm)"
172.26.36.105 - - [09/Jan/2019:09:39:57 +0100] "GET /wpad.dat HTTP/1.1" 404 502 "-" "WinHttp-Autoproxy-Service/5.1"
172.26.33.107 - - [09/Jan/2019:09:40:06 +0100] "GET /wpad.dat HTTP/1.1" 404 502 "-" "WinHttp-Autoproxy-Service/5.1"
66.249.79.92 - - [09/Jan/2019:09:40:42 +0100] "GET /~willi/Vorlesungen/Prog1/Skripte/Prog1US8.pdf HTTP/1.1" 403 553 "-" "Mozilla/5.0 (compatible; Googlebot/2.1; +http://www.google.com/bot.html)"
::1 - - [09/Jan/2019:09:41:01 +0100] "OPTIONS * HTTP/1.0" 200 126 "-" "Apache/2.4.25 (Debian) OpenSSL/1.0.2l mod_wsgi/4.5.11 Python/3.5 (internal dummy connection)"
::1 - - [09/Jan/2019:09:41:21 +0100] "OPTIONS * HTTP/1.0" 200 126 "-" "Apache/2.4.25 (Debian) OpenSSL/1.0.2l mod_wsgi/4.5.11 Python/3.5 (internal dummy connection)"
::1 - - [09/Jan/2019:09:41:23 +0100] "OPTIONS * HTTP/1.0" 200 126 "-" "Apache/2.4.25 (Debian) OpenSSL/1.0.2l mod_wsgi/4.5.11 Python/3.5 (internal dummy connection)"
172.26.37.115 - - [09/Jan/2019:09:42:18 +0100] "GET /wpad.dat HTTP/1.1" 404 502 "-" "WinHttp-Autoproxy-Service/5.1"
172.26.37.115 - - [09/Jan/2019:09:42:21 +0100] "GET /wpad.dat HTTP/1.1" 404 501 "-" "WinHttp-Autoproxy-Service/5.1"
172.26.37.115 - - [09/Jan/2019:09:42:36 +0100] "GET /wpad.dat HTTP/1.1" 404 502 "-" "WinHttp-Autoproxy-Service/5.1"
172.26.72.220 - - [09/Jan/2019:09:42:54 +0100] "GET /wpad.dat HTTP/1.1" 404 502 "-" "WinHttp-Autoproxy-Service/5.1"
172.26.37.100 - - [09/Jan/2019:09:43:01 +0100] "GET /wpad.dat HTTP/1.1" 404 502 "-" "WinHttp-Autoproxy-Service/5.1"
172.26.37.115 - - [09/Jan/2019:09:43:36 +0100] "GET /wpad.dat HTTP/1.1" 404 502 "-" "WinHttp-Autoproxy-Service/5.1"
66.249.79.64 - - [09/Jan/2019:09:44:35 +0100] "GET /~willi/resources/Paper/posterArtefactReduction2011.pdf HTTP/1.1" 403 562 "-" "Googlebot/2.1 (+http://www.google.com/bot.html)"
172.26.35.109 - - [09/Jan/2019:09:44:40 +0100] "GET /wpad.dat HTTP/1.1" 404 502 "-" "WinHttp-Autoproxy-Service/5.1"
172.26.35.109 - - [09/Jan/2019:09:44:43 +0100] "GET /wpad.dat HTTP/1.1" 404 501 "-" "WinHttp-Autoproxy-Service/5.1"
172.26.35.109 - - [09/Jan/2019:09:45:12 +0100] "GET /wpad.dat HTTP/1.1" 404 502 "-" "WinHttp-Autoproxy-Service/5.1"
172.26.35.109 - - [09/Jan/2019:09:45:14 +0100] "GET /wpad.dat HTTP/1.1" 404 501 "-" "WinHttp-Autoproxy-Service/5.1"
172.26.35.109 - - [09/Jan/2019:09:45:15 +0100] "GET /wpad.dat HTTP/1.1" 404 501 "-" "WinHttp-Autoproxy-Service/5.1"
172.26.35.105 - - [09/Jan/2019:09:46:17 +0100] "GET /wpad.dat HTTP/1.1" 404 502 "-" "WinHttp-Autoproxy-Service/5.1"
172.26.35.114 - - [09/Jan/2019:09:47:12 +0100] "GET /wpad.dat HTTP/1.1" 404 502 "-" "WinHttp-Autoproxy-Service/5.1"
5.9.17.118 - - [09/Jan/2019:09:47:17 +0100] "GET /~willi/Diplomarbeiten/MRBB.pdf HTTP/1.1" 403 501 "-" "Mozilla/5.0 (Windows NT 5.1) AppleWebKit/537.31 (KHTML, like Gecko) Chrome/26.0.1410.43 Safari/537.31"
144.76.162.206 - - [09/Jan/2019:09:47:17 +0100] "GET /~hoerdur/hsrm/mobile/ws0506/index.rst HTTP/1.1" 403 505 "-" "Mozilla/5.0 (Windows NT 6.0; rv:14.0) Gecko/20100101 Firefox/14.0.1"
172.26.36.105 - - [09/Jan/2019:09:49:57 +0100] "GET /wpad.dat HTTP/1.1" 404 502 "-" "WinHttp-Autoproxy-Service/5.1"
::1 - - [09/Jan/2019:09:50:06 +0100] "OPTIONS * HTTP/1.0" 200 126 "-" "Apache/2.4.25 (Debian) OpenSSL/1.0.2l mod_wsgi/4.5.11 Python/3.5 (internal dummy connection)"
172.26.33.107 - - [09/Jan/2019:09:50:06 +0100] "GET /wpad.dat HTTP/1.1" 404 502 "-" "WinHttp-Autoproxy-Service/5.1"
::1 - - [09/Jan/2019:09:50:07 +0100] "OPTIONS * HTTP/1.0" 200 126 "-" "Apache/2.4.25 (Debian) OpenSSL/1.0.2l mod_wsgi/4.5.11 Python/3.5 (internal dummy connection)"
::1 - - [09/Jan/2019:09:50:12 +0100] "OPTIONS * HTTP/1.0" 200 126 "-" "Apache/2.4.25 (Debian) OpenSSL/1.0.2l mod_wsgi/4.5.11 Python/3.5 (internal dummy connection)"
66.249.79.64 - - [09/Jan/2019:09:52:42 +0100] "GET /~willi/Vorlesungen/Prog1/Skripte/Prog1US7.pdf HTTP/1.1" 403 553 "-" "Mozilla/5.0 (Linux; Android 6.0.1; Nexus 5X Build/MMB29P) AppleWebKit/537.36 (KHTML, like Gecko) Chrome/41.0.2272.96 Mobile Safari/537.36 (compatible; Googlebot/2.1; +http://www.google.com/bot.html)"
172.26.38.101 - - [09/Jan/2019:09:52:44 +0100] "GET /wpad.dat HTTP/1.1" 404 502 "-" "WinHttp-Autoproxy-Service/5.1"
172.26.38.101 - - [09/Jan/2019:09:52:47 +0100] "GET /wpad.dat HTTP/1.1" 404 501 "-" "WinHttp-Autoproxy-Service/5.1"
172.26.38.101 - - [09/Jan/2019:09:52:51 +0100] "GET /wpad.dat HTTP/1.1" 404 501 "-" "WinHttp-Autoproxy-Service/5.1"
172.26.72.220 - - [09/Jan/2019:09:52:54 +0100] "GET /wpad.dat HTTP/1.1" 404 502 "-" "WinHttp-Autoproxy-Service/5.1"
172.26.37.116 - - [09/Jan/2019:09:52:55 +0100] "GET /wpad.dat HTTP/1.1" 404 502 "-" "WinHttp-Autoproxy-Service/5.1"
172.26.37.116 - - [09/Jan/2019:09:52:57 +0100] "GET /wpad.dat HTTP/1.1" 404 501 "-" "WinHttp-Autoproxy-Service/5.1"
172.26.37.100 - - [09/Jan/2019:09:53:01 +0100] "GET /wpad.dat HTTP/1.1" 404 502 "-" "WinHttp-Autoproxy-Service/5.1"
172.26.38.101 - - [09/Jan/2019:09:53:06 +0100] "GET /wpad.dat HTTP/1.1" 404 502 "-" "WinHttp-Autoproxy-Service/5.1"
172.26.37.116 - - [09/Jan/2019:09:53:12 +0100] "GET /wpad.dat HTTP/1.1" 404 502 "-" "WinHttp-Autoproxy-Service/5.1"
172.26.37.115 - - [09/Jan/2019:09:53:36 +0100] "GET /wpad.dat HTTP/1.1" 404 502 "-" "WinHttp-Autoproxy-Service/5.1"
172.26.38.101 - - [09/Jan/2019:09:54:06 +0100] "GET /wpad.dat HTTP/1.1" 404 502 "-" "WinHttp-Autoproxy-Service/5.1"
172.26.37.116 - - [09/Jan/2019:09:54:12 +0100] "GET /wpad.dat HTTP/1.1" 404 502 "-" "WinHttp-Autoproxy-Service/5.1"
172.26.37.116 - - [09/Jan/2019:09:54:38 +0100] "GET /wpad.dat HTTP/1.1" 404 502 "-" "Mozilla/5.0 (Windows NT 10.0; Win64; x64) AppleWebKit/537.36 (KHTML, like Gecko) Chrome/63.0.3239.132 Safari/537.36"
172.26.37.116 - - [09/Jan/2019:09:54:46 +0100] "GET /wpad.dat HTTP/1.1" 404 502 "-" "Mozilla/5.0 (Windows NT 10.0; Win64; x64) AppleWebKit/537.36 (KHTML, like Gecko) Chrome/63.0.3239.132 Safari/537.36"
172.26.37.116 - - [09/Jan/2019:09:54:46 +0100] "GET /wpad.dat HTTP/1.1" 404 502 "-" "Mozilla/5.0 (Windows NT 10.0; Win64; x64) AppleWebKit/537.36 (KHTML, like Gecko) Chrome/63.0.3239.132 Safari/537.36"
172.26.37.116 - - [09/Jan/2019:09:55:19 +0100] "GET /wpad.dat HTTP/1.1" 404 502 "-" "Mozilla/5.0 (Windows NT 10.0; Win64; x64) AppleWebKit/537.36 (KHTML, like Gecko) Chrome/63.0.3239.132 Safari/537.36"
172.26.37.116 - - [09/Jan/2019:09:55:38 +0100] "GET /wpad.dat HTTP/1.1" 404 502 "-" "Mozilla/5.0 (Windows NT 10.0; Win64; x64) AppleWebKit/537.36 (KHTML, like Gecko) Chrome/63.0.3239.132 Safari/537.36"
172.26.35.105 - - [09/Jan/2019:09:56:17 +0100] "GET /wpad.dat HTTP/1.1" 404 502 "-" "WinHttp-Autoproxy-Service/5.1"
172.26.35.114 - - [09/Jan/2019:09:57:12 +0100] "GET /wpad.dat HTTP/1.1" 404 502 "-" "WinHttp-Autoproxy-Service/5.1"
172.26.37.116 - - [09/Jan/2019:09:57:46 +0100] "GET /wpad.dat HTTP/1.1" 404 502 "-" "Mozilla/5.0 (Windows NT 10.0; Win64; x64) AppleWebKit/537.36 (KHTML, like Gecko) Chrome/63.0.3239.132 Safari/537.36"
172.26.38.106 - - [09/Jan/2019:09:57:51 +0100] "GET /wpad.dat HTTP/1.1" 404 502 "-" "WinHttp-Autoproxy-Service/5.1"
172.26.38.106 - - [09/Jan/2019:09:57:52 +0100] "GET /wpad.dat HTTP/1.1" 404 501 "-" "WinHttp-Autoproxy-Service/5.1"
204.79.180.22 - - [09/Jan/2019:09:57:58 +0100] "GET /~willi/Vortraege/2Dto3D.pdf HTTP/1.1" 403 535 "-" "Mozilla/5.0 (compatible; MSIE 9.0; Windows NT 6.0; Trident/5.0;  Trident/5.0)"
172.26.38.106 - - [09/Jan/2019:09:58:07 +0100] "GET /wpad.dat HTTP/1.1" 404 502 "-" "WinHttp-Autoproxy-Service/5.1"
172.26.37.100 - - [09/Jan/2019:09:58:29 +0100] "GET /wpad.dat HTTP/1.1" 404 502 "-" "WinHttp-Autoproxy-Service/5.1"
172.26.37.100 - - [09/Jan/2019:09:58:31 +0100] "GET /wpad.dat HTTP/1.1" 404 501 "-" "WinHttp-Autoproxy-Service/5.1"
::1 - - [09/Jan/2019:09:58:36 +0100] "OPTIONS * HTTP/1.0" 200 126 "-" "Apache/2.4.25 (Debian) OpenSSL/1.0.2l mod_wsgi/4.5.11 Python/3.5 (internal dummy connection)"
::1 - - [09/Jan/2019:09:58:37 +0100] "OPTIONS * HTTP/1.0" 200 126 "-" "Apache/2.4.25 (Debian) OpenSSL/1.0.2l mod_wsgi/4.5.11 Python/3.5 (internal dummy connection)"
172.26.37.100 - - [09/Jan/2019:09:58:46 +0100] "GET /wpad.dat HTTP/1.1" 404 502 "-" "WinHttp-Autoproxy-Service/5.1"
172.26.38.106 - - [09/Jan/2019:09:59:07 +0100] "GET /wpad.dat HTTP/1.1" 404 502 "-" "WinHttp-Autoproxy-Service/5.1"
172.26.37.116 - - [09/Jan/2019:09:59:27 +0100] "GET /wpad.dat HTTP/1.1" 404 502 "-" "Mozilla/5.0 (Windows NT 10.0; Win64; x64) AppleWebKit/537.36 (KHTML, like Gecko) Chrome/63.0.3239.132 Safari/537.36"
172.26.38.106 - - [09/Jan/2019:09:59:38 +0100] "GET /wpad.dat HTTP/1.1" 404 502 "-" "Mozilla/5.0 (Windows NT 10.0; Win64; x64) AppleWebKit/537.36 (KHTML, like Gecko) Chrome/63.0.3239.132 Safari/537.36"
172.26.38.106 - - [09/Jan/2019:09:59:40 +0100] "GET /wpad.dat HTTP/1.1" 404 502 "-" "Mozilla/5.0 (Windows NT 10.0; Win64; x64) AppleWebKit/537.36 (KHTML, like Gecko) Chrome/63.0.3239.132 Safari/537.36"
40.77.167.45 - - [09/Jan/2019:09:59:42 +0100] "GET /~willi/resources/Paper/CeBIT-MIMIC-flyer-german.pdf HTTP/1.1" 403 559 "-" "Mozilla/5.0 (compatible; bingbot/2.0; +http://www.bing.com/bingbot.htm)"
172.26.37.100 - - [09/Jan/2019:09:59:46 +0100] "GET /wpad.dat HTTP/1.1" 404 502 "-" "WinHttp-Autoproxy-Service/5.1"
172.26.38.106 - - [09/Jan/2019:09:59:48 +0100] "GET /wpad.dat HTTP/1.1" 404 502 "-" "Mozilla/5.0 (Windows NT 10.0; Win64; x64) AppleWebKit/537.36 (KHTML, like Gecko) Chrome/63.0.3239.132 Safari/537.36"
172.26.38.106 - - [09/Jan/2019:09:59:48 +0100] "GET /wpad.dat HTTP/1.1" 404 502 "-" "Mozilla/5.0 (Windows NT 10.0; Win64; x64) AppleWebKit/537.36 (KHTML, like Gecko) Chrome/63.0.3239.132 Safari/537.36"
172.26.36.105 - - [09/Jan/2019:09:59:57 +0100] "GET /wpad.dat HTTP/1.1" 404 502 "-" "WinHttp-Autoproxy-Service/5.1"
172.26.33.107 - - [09/Jan/2019:10:00:06 +0100] "GET /wpad.dat HTTP/1.1" 404 502 "-" "WinHttp-Autoproxy-Service/5.1"
172.26.37.110 - - [09/Jan/2019:10:00:14 +0100] "GET /wpad.dat HTTP/1.1" 404 502 "-" "WinHttp-Autoproxy-Service/5.1"
172.26.37.110 - - [09/Jan/2019:10:00:17 +0100] "GET /wpad.dat HTTP/1.1" 404 501 "-" "WinHttp-Autoproxy-Service/5.1"
172.26.37.110 - - [09/Jan/2019:10:00:17 +0100] "GET /wpad.dat HTTP/1.1" 404 501 "-" "WinHttp-Autoproxy-Service/5.1"
172.26.38.106 - - [09/Jan/2019:10:00:21 +0100] "GET /wpad.dat HTTP/1.1" 404 502 "-" "Mozilla/5.0 (Windows NT 10.0; Win64; x64) AppleWebKit/537.36 (KHTML, like Gecko) Chrome/63.0.3239.132 Safari/537.36"
172.26.37.110 - - [09/Jan/2019:10:00:32 +0100] "GET /wpad.dat HTTP/1.1" 404 502 "-" "WinHttp-Autoproxy-Service/5.1"
172.26.38.106 - - [09/Jan/2019:10:00:38 +0100] "GET /wpad.dat HTTP/1.1" 404 502 "-" "Mozilla/5.0 (Windows NT 10.0; Win64; x64) AppleWebKit/537.36 (KHTML, like Gecko) Chrome/63.0.3239.132 Safari/537.36"
207.46.13.108 - - [09/Jan/2019:10:00:39 +0100] "GET /~hoerdur/mobile/ws0708/8F1A01DDDC46667D81A54AF4C91AC5F0_00000.temp0033.htm HTTP/1.1" 403 579 "-" "Mozilla/5.0 (compatible; bingbot/2.0; +http://www.bing.com/bingbot.htm)"
172.26.37.110 - - [09/Jan/2019:10:01:32 +0100] "GET /wpad.dat HTTP/1.1" 404 502 "-" "WinHttp-Autoproxy-Service/5.1"
172.26.38.106 - - [09/Jan/2019:10:02:40 +0100] "GET /wpad.dat HTTP/1.1" 404 502 "-" "Mozilla/5.0 (Windows NT 10.0; Win64; x64) AppleWebKit/537.36 (KHTML, like Gecko) Chrome/63.0.3239.132 Safari/537.36"
172.26.38.106 - - [09/Jan/2019:10:02:40 +0100] "GET /wpad.dat HTTP/1.1" 404 502 "-" "Mozilla/5.0 (Windows NT 10.0; Win64; x64) AppleWebKit/537.36 (KHTML, like Gecko) Chrome/63.0.3239.132 Safari/537.36"
172.26.38.106 - - [09/Jan/2019:10:02:49 +0100] "GET /wpad.dat HTTP/1.1" 404 502 "-" "Mozilla/5.0 (Windows NT 10.0; Win64; x64) AppleWebKit/537.36 (KHTML, like Gecko) Chrome/63.0.3239.132 Safari/537.36"
172.26.38.106 - - [09/Jan/2019:10:02:49 +0100] "GET /wpad.dat HTTP/1.1" 404 502 "-" "Mozilla/5.0 (Windows NT 10.0; Win64; x64) AppleWebKit/537.36 (KHTML, like Gecko) Chrome/63.0.3239.132 Safari/537.36"
172.26.72.220 - - [09/Jan/2019:10:02:54 +0100] "GET /wpad.dat HTTP/1.1" 404 502 "-" "WinHttp-Autoproxy-Service/5.1"
66.249.79.64 - - [09/Jan/2019:10:02:59 +0100] "GET /~willi/Projects/CG/CarreraCV/doku/intrinsisch/intrinsisch.htm HTTP/1.1" 403 569 "-" "Mozilla/5.0 (Linux; Android 6.0.1; Nexus 5X Build/MMB29P) AppleWebKit/537.36 (KHTML, like Gecko) Chrome/41.0.2272.96 Mobile Safari/537.36 (compatible; Googlebot/2.1; +http://www.google.com/bot.html)"
172.26.38.106 - - [09/Jan/2019:10:03:22 +0100] "GET /wpad.dat HTTP/1.1" 404 502 "-" "Mozilla/5.0 (Windows NT 10.0; Win64; x64) AppleWebKit/537.36 (KHTML, like Gecko) Chrome/63.0.3239.132 Safari/537.36"
172.26.38.106 - - [09/Jan/2019:10:03:35 +0100] "GET /wpad.dat HTTP/1.1" 404 502 "-" "Mozilla/5.0 (Windows NT 10.0; Win64; x64) AppleWebKit/537.36 (KHTML, like Gecko) Chrome/63.0.3239.132 Safari/537.36"
172.26.37.115 - - [09/Jan/2019:10:03:36 +0100] "GET /wpad.dat HTTP/1.1" 404 502 "-" "WinHttp-Autoproxy-Service/5.1"
207.46.13.108 - - [09/Jan/2019:10:03:42 +0100] "GET /~willi/resources/Paper/posterArtefactReduction2011.pdf HTTP/1.1" 403 562 "-" "Mozilla/5.0 (compatible; bingbot/2.0; +http://www.bing.com/bingbot.htm)"
172.26.38.101 - - [09/Jan/2019:10:04:06 +0100] "GET /wpad.dat HTTP/1.1" 404 502 "-" "WinHttp-Autoproxy-Service/5.1"
172.26.37.116 - - [09/Jan/2019:10:04:12 +0100] "GET /wpad.dat HTTP/1.1" 404 502 "-" "WinHttp-Autoproxy-Service/5.1"
96.31.223.82 - - [09/Jan/2019:10:04:39 +0100] "GET / HTTP/1.1" 200 608 "-" "-"
172.26.36.106 - - [09/Jan/2019:10:04:42 +0100] "GET /wpad.dat HTTP/1.1" 404 502 "-" "WinHttp-Autoproxy-Service/5.1"
96.31.223.82 - - [09/Jan/2019:10:04:45 +0100] "GET /HNAP1/ HTTP/1.1" 404 444 "-" "-"
172.26.36.106 - - [09/Jan/2019:10:04:45 +0100] "GET /wpad.dat HTTP/1.1" 404 502 "-" "WinHttp-Autoproxy-Service/5.1"
172.26.36.106 - - [09/Jan/2019:10:04:48 +0100] "GET /wpad.dat HTTP/1.1" 404 502 "-" "WinHttp-Autoproxy-Service/5.1"
172.26.36.106 - - [09/Jan/2019:10:05:03 +0100] "GET /wpad.dat HTTP/1.1" 404 502 "-" "WinHttp-Autoproxy-Service/5.1"
172.26.38.106 - - [09/Jan/2019:10:05:23 +0100] "GET /wpad.dat HTTP/1.1" 404 502 "-" "Mozilla/5.0 (Windows NT 10.0; Win64; x64) AppleWebKit/537.36 (KHTML, like Gecko) Chrome/63.0.3239.132 Safari/537.36"
172.26.38.106 - - [09/Jan/2019:10:06:47 +0100] "GET /wpad.dat HTTP/1.1" 404 502 "-" "Mozilla/5.0 (Windows NT 10.0; Win64; x64) AppleWebKit/537.36 (KHTML, like Gecko) Chrome/63.0.3239.132 Safari/537.36"
66.249.79.92 - - [09/Jan/2019:10:06:54 +0100] "GET /robots.txt HTTP/1.1" 200 318 "-" "Mozilla/5.0 (compatible; Googlebot/2.1; +http://www.google.com/bot.html)"
172.26.38.105 - - [09/Jan/2019:10:07:34 +0100] "GET /wpad.dat HTTP/1.1" 404 502 "-" "WinHttp-Autoproxy-Service/5.1"
172.26.38.105 - - [09/Jan/2019:10:07:35 +0100] "GET /wpad.dat HTTP/1.1" 404 501 "-" "WinHttp-Autoproxy-Service/5.1"
::1 - - [09/Jan/2019:10:08:06 +0100] "OPTIONS * HTTP/1.0" 200 126 "-" "Apache/2.4.25 (Debian) OpenSSL/1.0.2l mod_wsgi/4.5.11 Python/3.5 (internal dummy connection)"
::1 - - [09/Jan/2019:10:08:14 +0100] "OPTIONS * HTTP/1.0" 200 126 "-" "Apache/2.4.25 (Debian) OpenSSL/1.0.2l mod_wsgi/4.5.11 Python/3.5 (internal dummy connection)"
172.26.38.106 - - [09/Jan/2019:10:09:07 +0100] "GET /wpad.dat HTTP/1.1" 404 502 "-" "WinHttp-Autoproxy-Service/5.1"
193.16.163.243 - - [09/Jan/2019:10:09:21 +0100] "GET /~willi/Projects/CG/SimScAp/Dokumentation/png/architektur.png HTTP/1.1" 403 568 "https://www.bing.com/" "Mozilla/5.0 (Windows NT 10.0; WOW64; Trident/7.0; rv:11.0) like Gecko"
172.26.37.100 - - [09/Jan/2019:10:09:46 +0100] "GET /wpad.dat HTTP/1.1" 404 502 "-" "WinHttp-Autoproxy-Service/5.1"
172.26.36.105 - - [09/Jan/2019:10:09:57 +0100] "GET /wpad.dat HTTP/1.1" 404 502 "-" "WinHttp-Autoproxy-Service/5.1"
172.26.47.236 - - [09/Jan/2019:10:10:03 +0100] "GET / HTTP/1.0" 200 627 "-" "check_http/v2.2 (monitoring-plugins 2.2)"
172.26.33.107 - - [09/Jan/2019:10:10:06 +0100] "GET /wpad.dat HTTP/1.1" 404 502 "-" "WinHttp-Autoproxy-Service/5.1"
172.26.37.110 - - [09/Jan/2019:10:11:32 +0100] "GET /wpad.dat HTTP/1.1" 404 502 "-" "WinHttp-Autoproxy-Service/5.1"
172.26.72.220 - - [09/Jan/2019:10:12:54 +0100] "GET /wpad.dat HTTP/1.1" 404 502 "-" "WinHttp-Autoproxy-Service/5.1"
66.249.79.92 - - [09/Jan/2019:10:13:16 +0100] "GET /~willi/Vorlesungen/Prog1/Skripte/Prog1US8.pdf HTTP/1.1" 403 553 "-" "Mozilla/5.0 (Linux; Android 6.0.1; Nexus 5X Build/MMB29P) AppleWebKit/537.36 (KHTML, like Gecko) Chrome/41.0.2272.96 Mobile Safari/537.36 (compatible; Googlebot/2.1; +http://www.google.com/bot.html)"
::1 - - [09/Jan/2019:10:13:34 +0100] "OPTIONS * HTTP/1.0" 200 126 "-" "Apache/2.4.25 (Debian) OpenSSL/1.0.2l mod_wsgi/4.5.11 Python/3.5 (internal dummy connection)"
172.26.37.115 - - [09/Jan/2019:10:13:36 +0100] "GET /wpad.dat HTTP/1.1" 404 502 "-" "WinHttp-Autoproxy-Service/5.1"
172.26.38.107 - - [09/Jan/2019:10:14:03 +0100] "GET /wpad.dat HTTP/1.1" 404 502 "-" "WinHttp-Autoproxy-Service/5.1"
172.26.38.101 - - [09/Jan/2019:10:14:06 +0100] "GET /wpad.dat HTTP/1.1" 404 502 "-" "WinHttp-Autoproxy-Service/5.1"
172.26.38.107 - - [09/Jan/2019:10:14:06 +0100] "GET /wpad.dat HTTP/1.1" 404 501 "-" "WinHttp-Autoproxy-Service/5.1"
172.26.37.116 - - [09/Jan/2019:10:14:12 +0100] "GET /wpad.dat HTTP/1.1" 404 502 "-" "WinHttp-Autoproxy-Service/5.1"
172.26.38.107 - - [09/Jan/2019:10:14:21 +0100] "GET /wpad.dat HTTP/1.1" 404 502 "-" "WinHttp-Autoproxy-Service/5.1"
172.26.37.113 - - [09/Jan/2019:10:15:04 +0100] "GET /wpad.dat HTTP/1.1" 404 502 "-" "WinHttp-Autoproxy-Service/5.1"
172.26.37.113 - - [09/Jan/2019:10:15:07 +0100] "GET /wpad.dat HTTP/1.1" 404 501 "-" "WinHttp-Autoproxy-Service/5.1"
172.26.38.107 - - [09/Jan/2019:10:15:21 +0100] "GET /wpad.dat HTTP/1.1" 404 502 "-" "WinHttp-Autoproxy-Service/5.1"
172.26.37.113 - - [09/Jan/2019:10:15:22 +0100] "GET /wpad.dat HTTP/1.1" 404 502 "-" "WinHttp-Autoproxy-Service/5.1"
172.26.38.105 - - [09/Jan/2019:10:15:29 +0100] "GET /wpad.dat HTTP/1.1" 404 502 "-" "WinHttp-Autoproxy-Service/5.1"
172.26.37.108 - - [09/Jan/2019:10:15:32 +0100] "GET /wpad.dat HTTP/1.1" 404 502 "-" "WinHttp-Autoproxy-Service/5.1"
172.26.37.108 - - [09/Jan/2019:10:15:34 +0100] "GET /wpad.dat HTTP/1.1" 404 501 "-" "WinHttp-Autoproxy-Service/5.1"
172.26.38.105 - - [09/Jan/2019:10:15:44 +0100] "GET /wpad.dat HTTP/1.1" 404 502 "-" "WinHttp-Autoproxy-Service/5.1"
172.26.37.108 - - [09/Jan/2019:10:15:49 +0100] "GET /wpad.dat HTTP/1.1" 404 502 "-" "WinHttp-Autoproxy-Service/5.1"
172.26.38.104 - - [09/Jan/2019:10:15:52 +0100] "GET /wpad.dat HTTP/1.1" 404 502 "-" "WinHttp-Autoproxy-Service/5.1"
172.26.38.104 - - [09/Jan/2019:10:15:52 +0100] "GET /wpad.dat HTTP/1.1" 404 501 "-" "WinHttp-Autoproxy-Service/5.1"
172.26.38.104 - - [09/Jan/2019:10:15:55 +0100] "GET /wpad.dat HTTP/1.1" 404 501 "-" "WinHttp-Autoproxy-Service/5.1"
::1 - - [09/Jan/2019:10:15:57 +0100] "OPTIONS * HTTP/1.0" 200 126 "-" "Apache/2.4.25 (Debian) OpenSSL/1.0.2l mod_wsgi/4.5.11 Python/3.5 (internal dummy connection)"
::1 - - [09/Jan/2019:10:15:58 +0100] "OPTIONS * HTTP/1.0" 200 126 "-" "Apache/2.4.25 (Debian) OpenSSL/1.0.2l mod_wsgi/4.5.11 Python/3.5 (internal dummy connection)"
::1 - - [09/Jan/2019:10:15:59 +0100] "OPTIONS * HTTP/1.0" 200 126 "-" "Apache/2.4.25 (Debian) OpenSSL/1.0.2l mod_wsgi/4.5.11 Python/3.5 (internal dummy connection)"
::1 - - [09/Jan/2019:10:16:00 +0100] "OPTIONS * HTTP/1.0" 200 126 "-" "Apache/2.4.25 (Debian) OpenSSL/1.0.2l mod_wsgi/4.5.11 Python/3.5 (internal dummy connection)"
::1 - - [09/Jan/2019:10:16:01 +0100] "OPTIONS * HTTP/1.0" 200 126 "-" "Apache/2.4.25 (Debian) OpenSSL/1.0.2l mod_wsgi/4.5.11 Python/3.5 (internal dummy connection)"
::1 - - [09/Jan/2019:10:16:02 +0100] "OPTIONS * HTTP/1.0" 200 126 "-" "Apache/2.4.25 (Debian) OpenSSL/1.0.2l mod_wsgi/4.5.11 Python/3.5 (internal dummy connection)"
::1 - - [09/Jan/2019:10:16:03 +0100] "OPTIONS * HTTP/1.0" 200 126 "-" "Apache/2.4.25 (Debian) OpenSSL/1.0.2l mod_wsgi/4.5.11 Python/3.5 (internal dummy connection)"
172.26.37.109 - - [09/Jan/2019:10:16:07 +0100] "GET /wpad.dat HTTP/1.1" 404 502 "-" "WinHttp-Autoproxy-Service/5.1"
172.26.37.109 - - [09/Jan/2019:10:16:08 +0100] "GET /wpad.dat HTTP/1.1" 404 501 "-" "WinHttp-Autoproxy-Service/5.1"
172.26.38.104 - - [09/Jan/2019:10:16:10 +0100] "GET /wpad.dat HTTP/1.1" 404 502 "-" "WinHttp-Autoproxy-Service/5.1"
172.26.37.109 - - [09/Jan/2019:10:16:11 +0100] "GET /wpad.dat HTTP/1.1" 404 501 "-" "WinHttp-Autoproxy-Service/5.1"
172.26.37.113 - - [09/Jan/2019:10:16:22 +0100] "GET /wpad.dat HTTP/1.1" 404 502 "-" "WinHttp-Autoproxy-Service/5.1"
172.26.37.110 - - [09/Jan/2019:10:16:25 +0100] "GET /wpad.dat HTTP/1.1" 404 502 "-" "Mozilla/5.0 (Windows NT 10.0; Win64; x64) AppleWebKit/537.36 (KHTML, like Gecko) Chrome/63.0.3239.132 Safari/537.36"
172.26.37.109 - - [09/Jan/2019:10:16:26 +0100] "GET /wpad.dat HTTP/1.1" 404 502 "-" "WinHttp-Autoproxy-Service/5.1"
172.26.37.110 - - [09/Jan/2019:10:16:27 +0100] "GET /wpad.dat HTTP/1.1" 404 502 "-" "Mozilla/5.0 (Windows NT 10.0; Win64; x64) AppleWebKit/537.36 (KHTML, like Gecko) Chrome/63.0.3239.132 Safari/537.36"
141.8.141.129 - - [09/Jan/2019:10:16:29 +0100] "GET /robots.txt HTTP/1.1" 200 318 "-" "Mozilla/5.0 (compatible; YandexBot/3.0; +http://yandex.com/bots)"
5.45.203.10 - - [09/Jan/2019:10:16:33 +0100] "GET /~willi/Projects/CG/SimScAp/Dokumentation/simplescanningappse2.html HTTP/1.1" 403 574 "-" "Mozilla/5.0 (compatible; YandexBot/3.0; +http://yandex.com/bots)"
172.26.37.110 - - [09/Jan/2019:10:16:35 +0100] "GET /wpad.dat HTTP/1.1" 404 502 "-" "Mozilla/5.0 (Windows NT 10.0; Win64; x64) AppleWebKit/537.36 (KHTML, like Gecko) Chrome/63.0.3239.132 Safari/537.36"
172.26.37.110 - - [09/Jan/2019:10:16:35 +0100] "GET /wpad.dat HTTP/1.1" 404 502 "-" "Mozilla/5.0 (Windows NT 10.0; Win64; x64) AppleWebKit/537.36 (KHTML, like Gecko) Chrome/63.0.3239.132 Safari/537.36"
172.26.38.105 - - [09/Jan/2019:10:16:44 +0100] "GET /wpad.dat HTTP/1.1" 404 502 "-" "WinHttp-Autoproxy-Service/5.1"
172.26.37.108 - - [09/Jan/2019:10:16:49 +0100] "GET /wpad.dat HTTP/1.1" 404 502 "-" "WinHttp-Autoproxy-Service/5.1"
66.249.79.94 - - [09/Jan/2019:10:16:55 +0100] "GET /~willi/Veroeffentlichungen/docs/faceBVM2010.pdf HTTP/1.1" 403 555 "-" "Googlebot/2.1 (+http://www.google.com/bot.html)"
172.26.38.104 - - [09/Jan/2019:10:17:10 +0100] "GET /wpad.dat HTTP/1.1" 404 502 "-" "WinHttp-Autoproxy-Service/5.1"
172.26.37.110 - - [09/Jan/2019:10:17:13 +0100] "GET /wpad.dat HTTP/1.1" 404 502 "-" "Mozilla/5.0 (Windows NT 10.0; Win64; x64) AppleWebKit/537.36 (KHTML, like Gecko) Chrome/63.0.3239.132 Safari/537.36"
172.26.37.113 - - [09/Jan/2019:10:17:23 +0100] "GET /wpad.dat HTTP/1.1" 404 502 "-" "Mozilla/5.0 (Windows NT 10.0; Win64; x64) AppleWebKit/537.36 (KHTML, like Gecko) Chrome/63.0.3239.132 Safari/537.36"
172.26.37.110 - - [09/Jan/2019:10:17:25 +0100] "GET /wpad.dat HTTP/1.1" 404 502 "-" "Mozilla/5.0 (Windows NT 10.0; Win64; x64) AppleWebKit/537.36 (KHTML, like Gecko) Chrome/63.0.3239.132 Safari/537.36"
172.26.37.109 - - [09/Jan/2019:10:17:26 +0100] "GET /wpad.dat HTTP/1.1" 404 502 "-" "WinHttp-Autoproxy-Service/5.1"
172.26.37.113 - - [09/Jan/2019:10:17:31 +0100] "GET /wpad.dat HTTP/1.1" 404 502 "-" "Mozilla/5.0 (Windows NT 10.0; Win64; x64) AppleWebKit/537.36 (KHTML, like Gecko) Chrome/63.0.3239.132 Safari/537.36"
172.26.37.113 - - [09/Jan/2019:10:17:31 +0100] "GET /wpad.dat HTTP/1.1" 404 502 "-" "Mozilla/5.0 (Windows NT 10.0; Win64; x64) AppleWebKit/537.36 (KHTML, like Gecko) Chrome/63.0.3239.132 Safari/537.36"
172.26.38.106 - - [09/Jan/2019:10:17:41 +0100] "GET /wpad.dat HTTP/1.1" 404 502 "-" "Mozilla/5.0 (Windows NT 10.0; Win64; x64) AppleWebKit/537.36 (KHTML, like Gecko) Chrome/63.0.3239.132 Safari/537.36"
172.26.38.106 - - [09/Jan/2019:10:17:42 +0100] "GET /wpad.dat HTTP/1.1" 404 502 "-" "Mozilla/5.0 (Windows NT 10.0; Win64; x64) AppleWebKit/537.36 (KHTML, like Gecko) Chrome/63.0.3239.132 Safari/537.36"
172.26.38.106 - - [09/Jan/2019:10:17:50 +0100] "GET /wpad.dat HTTP/1.1" 404 502 "-" "Mozilla/5.0 (Windows NT 10.0; Win64; x64) AppleWebKit/537.36 (KHTML, like Gecko) Chrome/63.0.3239.132 Safari/537.36"
172.26.38.106 - - [09/Jan/2019:10:17:50 +0100] "GET /wpad.dat HTTP/1.1" 404 502 "-" "Mozilla/5.0 (Windows NT 10.0; Win64; x64) AppleWebKit/537.36 (KHTML, like Gecko) Chrome/63.0.3239.132 Safari/537.36"
172.26.38.100 - - [09/Jan/2019:10:17:58 +0100] "GET /wpad.dat HTTP/1.1" 404 502 "-" "WinHttp-Autoproxy-Service/5.1"
172.26.38.100 - - [09/Jan/2019:10:18:00 +0100] "GET /wpad.dat HTTP/1.1" 404 501 "-" "WinHttp-Autoproxy-Service/5.1"
172.26.38.100 - - [09/Jan/2019:10:18:02 +0100] "GET /wpad.dat HTTP/1.1" 404 501 "-" "WinHttp-Autoproxy-Service/5.1"
172.26.38.100 - - [09/Jan/2019:10:18:17 +0100] "GET /wpad.dat HTTP/1.1" 404 502 "-" "WinHttp-Autoproxy-Service/5.1"
172.26.38.106 - - [09/Jan/2019:10:18:22 +0100] "GET /wpad.dat HTTP/1.1" 404 502 "-" "Mozilla/5.0 (Windows NT 10.0; Win64; x64) AppleWebKit/537.36 (KHTML, like Gecko) Chrome/63.0.3239.132 Safari/537.36"
172.26.37.113 - - [09/Jan/2019:10:18:22 +0100] "GET /wpad.dat HTTP/1.1" 404 502 "-" "Mozilla/5.0 (Windows NT 10.0; Win64; x64) AppleWebKit/537.36 (KHTML, like Gecko) Chrome/63.0.3239.132 Safari/537.36"
172.26.37.113 - - [09/Jan/2019:10:18:23 +0100] "GET /wpad.dat HTTP/1.1" 404 502 "-" "Mozilla/5.0 (Windows NT 10.0; Win64; x64) AppleWebKit/537.36 (KHTML, like Gecko) Chrome/63.0.3239.132 Safari/537.36"
172.26.37.109 - - [09/Jan/2019:10:18:30 +0100] "GET /wpad.dat HTTP/1.1" 404 502 "-" "WinHttp-Autoproxy-Service/5.1"
172.26.37.109 - - [09/Jan/2019:10:18:31 +0100] "GET /wpad.dat HTTP/1.1" 404 501 "-" "WinHttp-Autoproxy-Service/5.1"
172.26.37.109 - - [09/Jan/2019:10:18:46 +0100] "GET /wpad.dat HTTP/1.1" 404 502 "-" "WinHttp-Autoproxy-Service/5.1"
172.26.37.109 - - [09/Jan/2019:10:18:56 +0100] "GET /wpad.dat HTTP/1.1" 404 502 "-" "WinHttp-Autoproxy-Service/5.1"
172.26.38.106 - - [09/Jan/2019:10:19:02 +0100] "GET /wpad.dat HTTP/1.1" 404 502 "-" "Mozilla/5.0 (Windows NT 10.0; Win64; x64) AppleWebKit/537.36 (KHTML, like Gecko) Chrome/63.0.3239.132 Safari/537.36"
172.26.38.106 - - [09/Jan/2019:10:19:07 +0100] "GET /wpad.dat HTTP/1.1" 404 502 "-" "WinHttp-Autoproxy-Service/5.1"
172.26.37.109 - - [09/Jan/2019:10:19:11 +0100] "GET /wpad.dat HTTP/1.1" 404 502 "-" "WinHttp-Autoproxy-Service/5.1"
172.26.37.110 - - [09/Jan/2019:10:19:13 +0100] "GET /wpad.dat HTTP/1.1" 404 502 "-" "Mozilla/5.0 (Windows NT 10.0; Win64; x64) AppleWebKit/537.36 (KHTML, like Gecko) Chrome/63.0.3239.132 Safari/537.36"
172.26.36.105 - - [09/Jan/2019:10:19:57 +0100] "GET /wpad.dat HTTP/1.1" 404 502 "-" "WinHttp-Autoproxy-Service/5.1"
172.26.36.120 - - [09/Jan/2019:10:19:57 +0100] "GET /wpad.dat HTTP/1.1" 404 502 "-" "WinHttp-Autoproxy-Service/5.1"
172.26.36.120 - - [09/Jan/2019:10:20:00 +0100] "GET /wpad.dat HTTP/1.1" 404 502 "-" "WinHttp-Autoproxy-Service/5.1"
172.26.36.120 - - [09/Jan/2019:10:20:03 +0100] "GET /wpad.dat HTTP/1.1" 404 502 "-" "WinHttp-Autoproxy-Service/5.1"
172.26.33.107 - - [09/Jan/2019:10:20:06 +0100] "GET /wpad.dat HTTP/1.1" 404 502 "-" "WinHttp-Autoproxy-Service/5.1"
172.26.37.114 - - [09/Jan/2019:10:20:10 +0100] "GET /wpad.dat HTTP/1.1" 404 502 "-" "WinHttp-Autoproxy-Service/5.1"
172.26.37.114 - - [09/Jan/2019:10:20:12 +0100] "GET /wpad.dat HTTP/1.1" 404 501 "-" "WinHttp-Autoproxy-Service/5.1"
172.26.36.120 - - [09/Jan/2019:10:20:18 +0100] "GET /wpad.dat HTTP/1.1" 404 502 "-" "WinHttp-Autoproxy-Service/5.1"
172.26.37.101 - - [09/Jan/2019:10:20:22 +0100] "GET /wpad.dat HTTP/1.1" 404 502 "-" "WinHttp-Autoproxy-Service/5.1"
172.26.38.106 - - [09/Jan/2019:10:20:23 +0100] "GET /wpad.dat HTTP/1.1" 404 502 "-" "Mozilla/5.0 (Windows NT 10.0; Win64; x64) AppleWebKit/537.36 (KHTML, like Gecko) Chrome/63.0.3239.132 Safari/537.36"
172.26.37.101 - - [09/Jan/2019:10:20:25 +0100] "GET /wpad.dat HTTP/1.1" 404 501 "-" "WinHttp-Autoproxy-Service/5.1"
172.26.37.101 - - [09/Jan/2019:10:20:25 +0100] "GET /wpad.dat HTTP/1.1" 404 501 "-" "WinHttp-Autoproxy-Service/5.1"
172.26.37.114 - - [09/Jan/2019:10:20:27 +0100] "GET /wpad.dat HTTP/1.1" 404 502 "-" "WinHttp-Autoproxy-Service/5.1"
172.26.38.105 - - [09/Jan/2019:10:20:34 +0100] "GET /wpad.dat HTTP/1.1" 404 502 "-" "WinHttp-Autoproxy-Service/5.1"
172.26.38.105 - - [09/Jan/2019:10:20:35 +0100] "GET /wpad.dat HTTP/1.1" 404 501 "-" "WinHttp-Autoproxy-Service/5.1"
172.26.38.105 - - [09/Jan/2019:10:20:37 +0100] "GET /wpad.dat HTTP/1.1" 404 501 "-" "WinHttp-Autoproxy-Service/5.1"
172.26.37.113 - - [09/Jan/2019:10:20:39 +0100] "GET /wpad.dat HTTP/1.1" 404 502 "-" "Mozilla/5.0 (Windows NT 10.0; Win64; x64) AppleWebKit/537.36 (KHTML, like Gecko) Chrome/63.0.3239.132 Safari/537.36"
172.26.37.110 - - [09/Jan/2019:10:20:40 +0100] "GET /wpad.dat HTTP/1.1" 404 502 "-" "Mozilla/5.0 (Windows NT 10.0; Win64; x64) AppleWebKit/537.36 (KHTML, like Gecko) Chrome/63.0.3239.132 Safari/537.36"
172.26.37.101 - - [09/Jan/2019:10:20:40 +0100] "GET /wpad.dat HTTP/1.1" 404 502 "-" "WinHttp-Autoproxy-Service/5.1"
66.249.79.64 - - [09/Jan/2019:10:20:41 +0100] "GET /~willi/resources/Paper/faceBVM2010.pdf HTTP/1.1" 403 546 "-" "Googlebot/2.1 (+http://www.google.com/bot.html)"
172.26.38.105 - - [09/Jan/2019:10:20:52 +0100] "GET /wpad.dat HTTP/1.1" 404 502 "-" "WinHttp-Autoproxy-Service/5.1"
172.26.37.101 - - [09/Jan/2019:10:21:10 +0100] "GET /wpad.dat HTTP/1.1" 404 502 "-" "Mozilla/5.0 (Windows NT 10.0; Win64; x64) AppleWebKit/537.36 (KHTML, like Gecko) Chrome/63.0.3239.132 Safari/537.36"
172.26.37.101 - - [09/Jan/2019:10:21:10 +0100] "GET /wpad.dat HTTP/1.1" 404 502 "-" "Mozilla/5.0 (Windows NT 10.0; Win64; x64) AppleWebKit/537.36 (KHTML, like Gecko) Chrome/63.0.3239.132 Safari/537.36"
172.26.36.120 - - [09/Jan/2019:10:21:18 +0100] "GET /wpad.dat HTTP/1.1" 404 502 "-" "WinHttp-Autoproxy-Service/5.1"
172.26.37.101 - - [09/Jan/2019:10:21:18 +0100] "GET /wpad.dat HTTP/1.1" 404 502 "-" "Mozilla/5.0 (Windows NT 10.0; Win64; x64) AppleWebKit/537.36 (KHTML, like Gecko) Chrome/63.0.3239.132 Safari/537.36"
172.26.37.101 - - [09/Jan/2019:10:21:20 +0100] "GET /wpad.dat HTTP/1.1" 404 502 "-" "Mozilla/5.0 (Windows NT 10.0; Win64; x64) AppleWebKit/537.36 (KHTML, like Gecko) Chrome/63.0.3239.132 Safari/537.36"
172.26.38.106 - - [09/Jan/2019:10:21:25 +0100] "GET /wpad.dat HTTP/1.1" 404 502 "-" "Mozilla/5.0 (Windows NT 10.0; Win64; x64) AppleWebKit/537.36 (KHTML, like Gecko) Chrome/63.0.3239.132 Safari/537.36"
172.26.37.114 - - [09/Jan/2019:10:21:27 +0100] "GET /wpad.dat HTTP/1.1" 404 502 "-" "WinHttp-Autoproxy-Service/5.1"
172.26.37.110 - - [09/Jan/2019:10:21:32 +0100] "GET /wpad.dat HTTP/1.1" 404 502 "-" "WinHttp-Autoproxy-Service/5.1"
172.26.37.108 - - [09/Jan/2019:10:21:35 +0100] "GET /wpad.dat HTTP/1.1" 404 502 "-" "Mozilla/5.0 (Windows NT 10.0; Win64; x64) AppleWebKit/537.36 (KHTML, like Gecko) Chrome/63.0.3239.132 Safari/537.36"
172.26.37.108 - - [09/Jan/2019:10:21:36 +0100] "GET /wpad.dat HTTP/1.1" 404 502 "-" "Mozilla/5.0 (Windows NT 10.0; Win64; x64) AppleWebKit/537.36 (KHTML, like Gecko) Chrome/63.0.3239.132 Safari/537.36"
172.26.37.101 - - [09/Jan/2019:10:21:40 +0100] "GET /wpad.dat HTTP/1.1" 404 502 "-" "WinHttp-Autoproxy-Service/5.1"
172.26.38.104 - - [09/Jan/2019:10:21:44 +0100] "GET /wpad.dat HTTP/1.1" 404 502 "-" "WinHttp-Autoproxy-Service/5.1"
172.26.37.108 - - [09/Jan/2019:10:21:45 +0100] "GET /wpad.dat HTTP/1.1" 404 502 "-" "Mozilla/5.0 (Windows NT 10.0; Win64; x64) AppleWebKit/537.36 (KHTML, like Gecko) Chrome/63.0.3239.132 Safari/537.36"
172.26.38.104 - - [09/Jan/2019:10:21:45 +0100] "GET /wpad.dat HTTP/1.1" 404 501 "-" "WinHttp-Autoproxy-Service/5.1"
172.26.37.108 - - [09/Jan/2019:10:21:45 +0100] "GET /wpad.dat HTTP/1.1" 404 502 "-" "Mozilla/5.0 (Windows NT 10.0; Win64; x64) AppleWebKit/537.36 (KHTML, like Gecko) Chrome/63.0.3239.132 Safari/537.36"
172.26.38.105 - - [09/Jan/2019:10:21:52 +0100] "GET /wpad.dat HTTP/1.1" 404 502 "-" "WinHttp-Autoproxy-Service/5.1"
109.91.36.203 - - [09/Jan/2019:10:21:54 +0100] "GET / HTTP/1.1" 200 585 "-" "Mozilla/5.0 (Windows NT 10.0; Win64; x64) AppleWebKit/537.36 (KHTML, like Gecko) Chrome/63.0.3239.132 Safari/537.36"
109.91.36.203 - - [09/Jan/2019:10:21:54 +0100] "GET /favicon.ico HTTP/1.1" 200 3489 "http://www.mi.hs-rm.de/" "Mozilla/5.0 (Windows NT 10.0; Win64; x64) AppleWebKit/537.36 (KHTML, like Gecko) Chrome/63.0.3239.132 Safari/537.36"
172.26.38.104 - - [09/Jan/2019:10:22:00 +0100] "GET /wpad.dat HTTP/1.1" 404 502 "-" "WinHttp-Autoproxy-Service/5.1"
::1 - - [09/Jan/2019:10:22:05 +0100] "OPTIONS * HTTP/1.0" 200 126 "-" "Apache/2.4.25 (Debian) OpenSSL/1.0.2l mod_wsgi/4.5.11 Python/3.5 (internal dummy connection)"
172.26.38.108 - - [09/Jan/2019:10:22:05 +0100] "GET /wpad.dat HTTP/1.1" 404 502 "-" "WinHttp-Autoproxy-Service/5.1"
172.26.38.108 - - [09/Jan/2019:10:22:06 +0100] "GET /wpad.dat HTTP/1.1" 404 501 "-" "WinHttp-Autoproxy-Service/5.1"
172.26.38.108 - - [09/Jan/2019:10:22:09 +0100] "GET /wpad.dat HTTP/1.1" 404 501 "-" "WinHttp-Autoproxy-Service/5.1"
172.26.37.101 - - [09/Jan/2019:10:22:09 +0100] "GET /wpad.dat HTTP/1.1" 404 502 "-" "Mozilla/5.0 (Windows NT 10.0; Win64; x64) AppleWebKit/537.36 (KHTML, like Gecko) Chrome/63.0.3239.132 Safari/537.36"
::1 - - [09/Jan/2019:10:22:15 +0100] "OPTIONS * HTTP/1.0" 200 126 "-" "Apache/2.4.25 (Debian) OpenSSL/1.0.2l mod_wsgi/4.5.11 Python/3.5 (internal dummy connection)"
::1 - - [09/Jan/2019:10:22:16 +0100] "OPTIONS * HTTP/1.0" 200 126 "-" "Apache/2.4.25 (Debian) OpenSSL/1.0.2l mod_wsgi/4.5.11 Python/3.5 (internal dummy connection)"
172.26.37.101 - - [09/Jan/2019:10:22:16 +0100] "GET /wpad.dat HTTP/1.1" 404 502 "-" "Mozilla/5.0 (Windows NT 10.0; Win64; x64) AppleWebKit/537.36 (KHTML, like Gecko) Chrome/63.0.3239.132 Safari/537.36"
::1 - - [09/Jan/2019:10:22:22 +0100] "OPTIONS * HTTP/1.0" 200 126 "-" "Apache/2.4.25 (Debian) OpenSSL/1.0.2l mod_wsgi/4.5.11 Python/3.5 (internal dummy connection)"
172.26.38.108 - - [09/Jan/2019:10:22:24 +0100] "GET /wpad.dat HTTP/1.1" 404 502 "-" "WinHttp-Autoproxy-Service/5.1"
172.26.37.108 - - [09/Jan/2019:10:22:25 +0100] "GET /wpad.dat HTTP/1.1" 404 502 "-" "Mozilla/5.0 (Windows NT 10.0; Win64; x64) AppleWebKit/537.36 (KHTML, like Gecko) Chrome/63.0.3239.132 Safari/537.36"
172.26.37.108 - - [09/Jan/2019:10:22:35 +0100] "GET /wpad.dat HTTP/1.1" 404 502 "-" "Mozilla/5.0 (Windows NT 10.0; Win64; x64) AppleWebKit/537.36 (KHTML, like Gecko) Chrome/63.0.3239.132 Safari/537.36"
172.26.72.220 - - [09/Jan/2019:10:22:54 +0100] "GET /wpad.dat HTTP/1.1" 404 502 "-" "WinHttp-Autoproxy-Service/5.1"
172.26.38.104 - - [09/Jan/2019:10:23:00 +0100] "GET /wpad.dat HTTP/1.1" 404 502 "-" "WinHttp-Autoproxy-Service/5.1"
66.249.79.92 - - [09/Jan/2019:10:23:09 +0100] "GET /~hoerdur/mobile/ws0708/J2MEPolish.pdf HTTP/1.1" 403 542 "-" "Googlebot/2.1 (+http://www.google.com/bot.html)"
172.26.37.113 - - [09/Jan/2019:10:23:22 +0100] "GET /wpad.dat HTTP/1.1" 404 502 "-" "Mozilla/5.0 (Windows NT 10.0; Win64; x64) AppleWebKit/537.36 (KHTML, like Gecko) Chrome/63.0.3239.132 Safari/537.36"
172.26.37.115 - - [09/Jan/2019:10:23:36 +0100] "GET /wpad.dat HTTP/1.1" 404 502 "-" "WinHttp-Autoproxy-Service/5.1"
::1 - - [09/Jan/2019:10:23:46 +0100] "OPTIONS * HTTP/1.0" 200 126 "-" "Apache/2.4.25 (Debian) OpenSSL/1.0.2l mod_wsgi/4.5.11 Python/3.5 (internal dummy connection)"
::1 - - [09/Jan/2019:10:23:47 +0100] "OPTIONS * HTTP/1.0" 200 126 "-" "Apache/2.4.25 (Debian) OpenSSL/1.0.2l mod_wsgi/4.5.11 Python/3.5 (internal dummy connection)"
::1 - - [09/Jan/2019:10:23:48 +0100] "OPTIONS * HTTP/1.0" 200 126 "-" "Apache/2.4.25 (Debian) OpenSSL/1.0.2l mod_wsgi/4.5.11 Python/3.5 (internal dummy connection)"
172.26.38.101 - - [09/Jan/2019:10:24:06 +0100] "GET /wpad.dat HTTP/1.1" 404 502 "-" "WinHttp-Autoproxy-Service/5.1"
172.26.37.116 - - [09/Jan/2019:10:24:12 +0100] "GET /wpad.dat HTTP/1.1" 404 502 "-" "WinHttp-Autoproxy-Service/5.1"
172.26.37.114 - - [09/Jan/2019:10:24:15 +0100] "GET /wpad.dat HTTP/1.1" 404 502 "-" "WinHttp-Autoproxy-Service/5.1"
172.26.37.114 - - [09/Jan/2019:10:24:18 +0100] "GET /wpad.dat HTTP/1.1" 404 501 "-" "WinHttp-Autoproxy-Service/5.1"
172.26.37.114 - - [09/Jan/2019:10:24:18 +0100] "GET /wpad.dat HTTP/1.1" 404 501 "-" "WinHttp-Autoproxy-Service/5.1"
172.26.37.114 - - [09/Jan/2019:10:24:33 +0100] "GET /wpad.dat HTTP/1.1" 404 502 "-" "WinHttp-Autoproxy-Service/5.1"
172.26.37.108 - - [09/Jan/2019:10:24:48 +0100] "GET /wpad.dat HTTP/1.1" 404 502 "-" "Mozilla/5.0 (Windows NT 10.0; Win64; x64) AppleWebKit/537.36 (KHTML, like Gecko) Chrome/63.0.3239.132 Safari/537.36"
172.26.37.101 - - [09/Jan/2019:10:25:05 +0100] "GET /wpad.dat HTTP/1.1" 404 502 "-" "Mozilla/5.0 (Windows NT 10.0; Win64; x64) AppleWebKit/537.36 (KHTML, like Gecko) Chrome/63.0.3239.132 Safari/537.36"
172.26.37.108 - - [09/Jan/2019:10:25:26 +0100] "GET /wpad.dat HTTP/1.1" 404 502 "-" "Mozilla/5.0 (Windows NT 10.0; Win64; x64) AppleWebKit/537.36 (KHTML, like Gecko) Chrome/63.0.3239.132 Safari/537.36"
172.26.37.100 - - [09/Jan/2019:10:25:30 +0100] "GET /wpad.dat HTTP/1.1" 404 502 "-" "WinHttp-Autoproxy-Service/5.1"
172.26.37.100 - - [09/Jan/2019:10:25:31 +0100] "GET /wpad.dat HTTP/1.1" 404 501 "-" "WinHttp-Autoproxy-Service/5.1"
172.26.37.114 - - [09/Jan/2019:10:25:33 +0100] "GET /wpad.dat HTTP/1.1" 404 502 "-" "WinHttp-Autoproxy-Service/5.1"
172.26.37.100 - - [09/Jan/2019:10:25:46 +0100] "GET /wpad.dat HTTP/1.1" 404 502 "-" "WinHttp-Autoproxy-Service/5.1"
172.26.37.101 - - [09/Jan/2019:10:26:01 +0100] "GET /wpad.dat HTTP/1.1" 404 502 "-" "Mozilla/5.0 (Windows NT 10.0; Win64; x64) AppleWebKit/537.36 (KHTML, like Gecko) Chrome/63.0.3239.132 Safari/537.36"
172.26.37.113 - - [09/Jan/2019:10:26:22 +0100] "GET /wpad.dat HTTP/1.1" 404 502 "-" "WinHttp-Autoproxy-Service/5.1"
172.26.37.108 - - [09/Jan/2019:10:26:49 +0100] "GET /wpad.dat HTTP/1.1" 404 502 "-" "WinHttp-Autoproxy-Service/5.1"
172.26.38.106 - - [09/Jan/2019:10:29:07 +0100] "GET /wpad.dat HTTP/1.1" 404 502 "-" "WinHttp-Autoproxy-Service/5.1"
172.26.36.105 - - [09/Jan/2019:10:29:57 +0100] "GET /wpad.dat HTTP/1.1" 404 502 "-" "WinHttp-Autoproxy-Service/5.1"
172.26.33.107 - - [09/Jan/2019:10:30:06 +0100] "GET /wpad.dat HTTP/1.1" 404 502 "-" "WinHttp-Autoproxy-Service/5.1"
172.26.36.120 - - [09/Jan/2019:10:31:18 +0100] "GET /wpad.dat HTTP/1.1" 404 502 "-" "WinHttp-Autoproxy-Service/5.1"
172.26.37.110 - - [09/Jan/2019:10:31:32 +0100] "GET /wpad.dat HTTP/1.1" 404 502 "-" "WinHttp-Autoproxy-Service/5.1"
172.26.38.105 - - [09/Jan/2019:10:31:52 +0100] "GET /wpad.dat HTTP/1.1" 404 502 "-" "WinHttp-Autoproxy-Service/5.1"
172.26.72.220 - - [09/Jan/2019:10:32:54 +0100] "GET /wpad.dat HTTP/1.1" 404 502 "-" "WinHttp-Autoproxy-Service/5.1"
172.26.38.104 - - [09/Jan/2019:10:33:00 +0100] "GET /wpad.dat HTTP/1.1" 404 502 "-" "WinHttp-Autoproxy-Service/5.1"
172.26.37.115 - - [09/Jan/2019:10:33:36 +0100] "GET /wpad.dat HTTP/1.1" 404 502 "-" "WinHttp-Autoproxy-Service/5.1"
172.26.38.101 - - [09/Jan/2019:10:34:06 +0100] "GET /wpad.dat HTTP/1.1" 404 502 "-" "WinHttp-Autoproxy-Service/5.1"
172.26.37.116 - - [09/Jan/2019:10:34:12 +0100] "GET /wpad.dat HTTP/1.1" 404 502 "-" "WinHttp-Autoproxy-Service/5.1"
::1 - - [09/Jan/2019:10:35:05 +0100] "OPTIONS * HTTP/1.0" 200 126 "-" "Apache/2.4.25 (Debian) OpenSSL/1.0.2l mod_wsgi/4.5.11 Python/3.5 (internal dummy connection)"
172.26.37.114 - - [09/Jan/2019:10:35:33 +0100] "GET /wpad.dat HTTP/1.1" 404 502 "-" "WinHttp-Autoproxy-Service/5.1"
172.26.37.113 - - [09/Jan/2019:10:36:22 +0100] "GET /wpad.dat HTTP/1.1" 404 502 "-" "WinHttp-Autoproxy-Service/5.1"
2.174.127.45 - - [09/Jan/2019:10:36:48 +0100] "GET /~willi/Projects/CG/CarreraCV/doku/imgs/klassendiagramm.jpg HTTP/1.1" 403 566 "https://www.google.de/" "Mozilla/5.0 (Windows NT 6.1; Win64; x64; rv:57.0) Gecko/20100101 Firefox/57.0"
172.26.37.108 - - [09/Jan/2019:10:36:49 +0100] "GET /wpad.dat HTTP/1.1" 404 502 "-" "WinHttp-Autoproxy-Service/5.1"
66.249.79.94 - - [09/Jan/2019:10:36:54 +0100] "GET /~hoerdur/hsrm/fsbsc/ss09/pdfs/LockUtilities.pdf HTTP/1.1" 403 552 "-" "Googlebot/2.1 (+http://www.google.com/bot.html)"
172.26.38.106 - - [09/Jan/2019:10:39:07 +0100] "GET /wpad.dat HTTP/1.1" 404 502 "-" "WinHttp-Autoproxy-Service/5.1"
42.236.54.42 - - [09/Jan/2019:10:39:57 +0100] "GET / HTTP/1.1" 200 585 "http://www.mi.hs-rm.de/" "Mozilla/5.0 (Windows NT 6.1; WOW64) AppleWebKit/537.36 (KHTML, like Gecko) Chrome/50.0.2661.102 Safari/537.36; 360Spider"
